[1.581s] Invoking command in '/home/jeffreyjene/robot_ws/src/navigation': DEBUGINFOD_URLS=https://debuginfod.ubuntu.com PYTHONPATH=/home/jeffreyjene/robot_ws/build/navigation/prefix_override:/usr/lib/python3/dist-packages/colcon_core/task/python/colcon_distutils_commands:/home/jeffreyjene/robot_ws/install/navigation/lib/python3.12/site-packages:${PYTHONPATH} /usr/bin/python3 -W ignore:setup.py install is deprecated -W ignore:easy_install command is deprecated setup.py egg_info --egg-base ../../build/navigation build --build-base /home/jeffreyjene/robot_ws/build/navigation/build install --record /home/jeffreyjene/robot_ws/build/navigation/install.log --single-version-externally-managed install_data
[2.117s] running egg_info
[2.117s] creating ../../build/navigation/navigation.egg-info
[2.143s] writing ../../build/navigation/navigation.egg-info/PKG-INFO
[2.143s] writing dependency_links to ../../build/navigation/navigation.egg-info/dependency_links.txt
[2.144s] writing requirements to ../../build/navigation/navigation.egg-info/requires.txt
[2.144s] writing top-level names to ../../build/navigation/navigation.egg-info/top_level.txt
[2.144s] writing manifest file '../../build/navigation/navigation.egg-info/SOURCES.txt'
[2.199s] reading manifest file '../../build/navigation/navigation.egg-info/SOURCES.txt'
[2.200s] writing manifest file '../../build/navigation/navigation.egg-info/SOURCES.txt'
[2.200s] running build
[2.200s] running build_py
[2.200s] creating /home/jeffreyjene/robot_ws/build/navigation/build
[2.201s] creating /home/jeffreyjene/robot_ws/build/navigation/build/lib
[2.201s] creating /home/jeffreyjene/robot_ws/build/navigation/build/lib/navigation
[2.201s] copying navigation/__init__.py -> /home/jeffreyjene/robot_ws/build/navigation/build/lib/navigation
[2.201s] running install
[2.211s] running install_lib
[2.238s] creating /home/jeffreyjene/robot_ws/install/navigation/lib/python3.12/site-packages/navigation
[2.238s] copying /home/jeffreyjene/robot_ws/build/navigation/build/lib/navigation/__init__.py -> /home/jeffreyjene/robot_ws/install/navigation/lib/python3.12/site-packages/navigation
[2.239s] byte-compiling /home/jeffreyjene/robot_ws/install/navigation/lib/python3.12/site-packages/navigation/__init__.py to __init__.cpython-312.pyc
[2.240s] running install_data
[2.240s] creating /home/jeffreyjene/robot_ws/install/navigation/share/ament_index
[2.240s] creating /home/jeffreyjene/robot_ws/install/navigation/share/ament_index/resource_index
[2.240s] creating /home/jeffreyjene/robot_ws/install/navigation/share/ament_index/resource_index/packages
[2.241s] copying resource/navigation -> /home/jeffreyjene/robot_ws/install/navigation/share/ament_index/resource_index/packages
[2.241s] copying package.xml -> /home/jeffreyjene/robot_ws/install/navigation/share/navigation
[2.241s] running install_egg_info
[2.269s] Copying ../../build/navigation/navigation.egg-info to /home/jeffreyjene/robot_ws/install/navigation/lib/python3.12/site-packages/navigation-0.0.0-py3.12.egg-info
[2.271s] running install_scripts
[2.458s] writing list of installed files to '/home/jeffreyjene/robot_ws/build/navigation/install.log'
[2.536s] Invoked command in '/home/jeffreyjene/robot_ws/src/navigation' returned '0': DEBUGINFOD_URLS=https://debuginfod.ubuntu.com PYTHONPATH=/home/jeffreyjene/robot_ws/build/navigation/prefix_override:/usr/lib/python3/dist-packages/colcon_core/task/python/colcon_distutils_commands:/home/jeffreyjene/robot_ws/install/navigation/lib/python3.12/site-packages:${PYTHONPATH} /usr/bin/python3 -W ignore:setup.py install is deprecated -W ignore:easy_install command is deprecated setup.py egg_info --egg-base ../../build/navigation build --build-base /home/jeffreyjene/robot_ws/build/navigation/build install --record /home/jeffreyjene/robot_ws/build/navigation/install.log --single-version-externally-managed install_data
