[1.556s] Invoking command in '/home/jeffreyjene/robot_ws/src/control': DEBUGINFOD_URLS=https://debuginfod.ubuntu.com PYTHONPATH=/home/jeffreyjene/robot_ws/build/control/prefix_override:/usr/lib/python3/dist-packages/colcon_core/task/python/colcon_distutils_commands:/home/jeffreyjene/robot_ws/install/control/lib/python3.12/site-packages:${PYTHONPATH} /usr/bin/python3 -W ignore:setup.py install is deprecated -W ignore:easy_install command is deprecated setup.py egg_info --egg-base ../../build/control build --build-base /home/jeffreyjene/robot_ws/build/control/build install --record /home/jeffreyjene/robot_ws/build/control/install.log --single-version-externally-managed install_data
[1.936s] running egg_info
[1.961s] writing ../../build/control/control.egg-info/PKG-INFO
[1.961s] writing dependency_links to ../../build/control/control.egg-info/dependency_links.txt
[1.968s] writing entry points to ../../build/control/control.egg-info/entry_points.txt
[1.968s] writing requirements to ../../build/control/control.egg-info/requires.txt
[1.969s] writing top-level names to ../../build/control/control.egg-info/top_level.txt
[2.022s] reading manifest file '../../build/control/control.egg-info/SOURCES.txt'
[2.023s] writing manifest file '../../build/control/control.egg-info/SOURCES.txt'
[2.024s] running build
[2.024s] running build_py
[2.024s] running install
[2.034s] running install_lib
[2.060s] running install_data
[2.061s] running install_egg_info
[2.088s] removing '/home/jeffreyjene/robot_ws/install/control/lib/python3.12/site-packages/control-0.0.0-py3.12.egg-info' (and everything under it)
[2.090s] Copying ../../build/control/control.egg-info to /home/jeffreyjene/robot_ws/install/control/lib/python3.12/site-packages/control-0.0.0-py3.12.egg-info
[2.091s] running install_scripts
[2.276s] Installing arduino_bridge script to /home/jeffreyjene/robot_ws/install/control/lib/control
[2.276s] writing list of installed files to '/home/jeffreyjene/robot_ws/build/control/install.log'
[2.414s] Invoked command in '/home/jeffreyjene/robot_ws/src/control' returned '0': DEBUGINFOD_URLS=https://debuginfod.ubuntu.com PYTHONPATH=/home/jeffreyjene/robot_ws/build/control/prefix_override:/usr/lib/python3/dist-packages/colcon_core/task/python/colcon_distutils_commands:/home/jeffreyjene/robot_ws/install/control/lib/python3.12/site-packages:${PYTHONPATH} /usr/bin/python3 -W ignore:setup.py install is deprecated -W ignore:easy_install command is deprecated setup.py egg_info --egg-base ../../build/control build --build-base /home/jeffreyjene/robot_ws/build/control/build install --record /home/jeffreyjene/robot_ws/build/control/install.log --single-version-externally-managed install_data
