[0.146s] DEBUG:colcon:Command line arguments: ['/usr/bin/colcon', 'build']
[0.146s] DEBUG:colcon:Parsed command line arguments: Namespace(log_base=None, log_level=None, verb_name='build', build_base='build', install_base='install', merge_install=False, symlink_install=False, test_result_base=None, continue_on_error=False, executor='parallel', parallel_workers=4, event_handlers=None, ignore_user_meta=False, metas=['./colcon.meta'], base_paths=['.'], packages_ignore=None, packages_ignore_regex=None, paths=None, packages_up_to=None, packages_up_to_regex=None, packages_above=None, packages_above_and_dependencies=None, packages_above_depth=None, packages_select_by_dep=None, packages_skip_by_dep=None, packages_skip_up_to=None, packages_select_build_failed=False, packages_skip_build_finished=False, packages_select_test_failures=False, packages_skip_test_passed=False, packages_select=None, packages_skip=None, packages_select_regex=None, packages_skip_regex=None, packages_start=None, packages_end=None, allow_overriding=[], cmake_args=None, cmake_target=None, cmake_target_skip_unavailable=False, cmake_clean_cache=False, cmake_clean_first=False, cmake_force_configure=False, ament_cmake_args=None, catkin_cmake_args=None, catkin_skip_building_tests=False, mixin_files=None, mixin=None, verb_parser=<colcon_mixin.mixin.mixin_argument.MixinArgumentDecorator object at 0xffffa6c63e30>, verb_extension=<colcon_core.verb.build.BuildVerb object at 0xffffa6e48650>, main=<bound method BuildVerb.main of <colcon_core.verb.build.BuildVerb object at 0xffffa6e48650>>, mixin_verb=('build',))
[0.202s] Level 1:colcon.colcon_core.package_discovery:discover_packages(colcon_meta) check parameters
[0.202s] Level 1:colcon.colcon_core.package_discovery:discover_packages(recursive) check parameters
[0.202s] Level 1:colcon.colcon_core.package_discovery:discover_packages(ignore) check parameters
[0.203s] Level 1:colcon.colcon_core.package_discovery:discover_packages(path) check parameters
[0.203s] Level 1:colcon.colcon_core.package_discovery:discover_packages(colcon_meta) discover
[0.203s] Level 1:colcon.colcon_core.package_discovery:discover_packages(recursive) discover
[0.203s] INFO:colcon.colcon_core.package_discovery:Crawling recursively for packages in '/home/jeffreyjene/robot_ws'
[0.203s] Level 1:colcon.colcon_core.package_identification:_identify(.) by extensions ['ignore', 'ignore_ament_install']
[0.203s] Level 1:colcon.colcon_core.package_identification:_identify(.) by extension 'ignore'
[0.203s] Level 1:colcon.colcon_core.package_identification:_identify(.) by extension 'ignore_ament_install'
[0.203s] Level 1:colcon.colcon_core.package_identification:_identify(.) by extensions ['colcon_pkg']
[0.203s] Level 1:colcon.colcon_core.package_identification:_identify(.) by extension 'colcon_pkg'
[0.203s] Level 1:colcon.colcon_core.package_identification:_identify(.) by extensions ['colcon_meta']
[0.203s] Level 1:colcon.colcon_core.package_identification:_identify(.) by extension 'colcon_meta'
[0.203s] Level 1:colcon.colcon_core.package_identification:_identify(.) by extensions ['ros']
[0.203s] Level 1:colcon.colcon_core.package_identification:_identify(.) by extension 'ros'
[0.242s] Level 1:colcon.colcon_core.package_identification:_identify(.) by extensions ['cmake', 'python']
[0.242s] Level 1:colcon.colcon_core.package_identification:_identify(.) by extension 'cmake'
[0.242s] Level 1:colcon.colcon_core.package_identification:_identify(.) by extension 'python'
[0.242s] Level 1:colcon.colcon_core.package_identification:_identify(.) by extensions ['python_setup_py']
[0.242s] Level 1:colcon.colcon_core.package_identification:_identify(.) by extension 'python_setup_py'
[0.243s] Level 1:colcon.colcon_core.package_identification:_identify(build) by extensions ['ignore', 'ignore_ament_install']
[0.243s] Level 1:colcon.colcon_core.package_identification:_identify(build) by extension 'ignore'
[0.243s] Level 1:colcon.colcon_core.package_identification:_identify(build) ignored
[0.243s] Level 1:colcon.colcon_core.package_identification:_identify(install) by extensions ['ignore', 'ignore_ament_install']
[0.243s] Level 1:colcon.colcon_core.package_identification:_identify(install) by extension 'ignore'
[0.243s] Level 1:colcon.colcon_core.package_identification:_identify(install) ignored
[0.243s] Level 1:colcon.colcon_core.package_identification:_identify(log) by extensions ['ignore', 'ignore_ament_install']
[0.243s] Level 1:colcon.colcon_core.package_identification:_identify(log) by extension 'ignore'
[0.243s] Level 1:colcon.colcon_core.package_identification:_identify(log) ignored
[0.244s] Level 1:colcon.colcon_core.package_identification:_identify(src) by extensions ['ignore', 'ignore_ament_install']
[0.244s] Level 1:colcon.colcon_core.package_identification:_identify(src) by extension 'ignore'
[0.244s] Level 1:colcon.colcon_core.package_identification:_identify(src) by extension 'ignore_ament_install'
[0.244s] Level 1:colcon.colcon_core.package_identification:_identify(src) by extensions ['colcon_pkg']
[0.244s] Level 1:colcon.colcon_core.package_identification:_identify(src) by extension 'colcon_pkg'
[0.244s] Level 1:colcon.colcon_core.package_identification:_identify(src) by extensions ['colcon_meta']
[0.244s] Level 1:colcon.colcon_core.package_identification:_identify(src) by extension 'colcon_meta'
[0.244s] Level 1:colcon.colcon_core.package_identification:_identify(src) by extensions ['ros']
[0.244s] Level 1:colcon.colcon_core.package_identification:_identify(src) by extension 'ros'
[0.244s] Level 1:colcon.colcon_core.package_identification:_identify(src) by extensions ['cmake', 'python']
[0.244s] Level 1:colcon.colcon_core.package_identification:_identify(src) by extension 'cmake'
[0.244s] Level 1:colcon.colcon_core.package_identification:_identify(src) by extension 'python'
[0.244s] Level 1:colcon.colcon_core.package_identification:_identify(src) by extensions ['python_setup_py']
[0.244s] Level 1:colcon.colcon_core.package_identification:_identify(src) by extension 'python_setup_py'
[0.244s] Level 1:colcon.colcon_core.package_identification:_identify(src/control) by extensions ['ignore', 'ignore_ament_install']
[0.244s] Level 1:colcon.colcon_core.package_identification:_identify(src/control) by extension 'ignore'
[0.244s] Level 1:colcon.colcon_core.package_identification:_identify(src/control) by extension 'ignore_ament_install'
[0.245s] Level 1:colcon.colcon_core.package_identification:_identify(src/control) by extensions ['colcon_pkg']
[0.245s] Level 1:colcon.colcon_core.package_identification:_identify(src/control) by extension 'colcon_pkg'
[0.245s] Level 1:colcon.colcon_core.package_identification:_identify(src/control) by extensions ['colcon_meta']
[0.245s] Level 1:colcon.colcon_core.package_identification:_identify(src/control) by extension 'colcon_meta'
[0.245s] Level 1:colcon.colcon_core.package_identification:_identify(src/control) by extensions ['ros']
[0.245s] Level 1:colcon.colcon_core.package_identification:_identify(src/control) by extension 'ros'
[0.248s] DEBUG:colcon.colcon_core.package_identification:Package 'src/control' with type 'ros.ament_python' and name 'control'
[0.248s] Level 1:colcon.colcon_core.package_identification:_identify(src/description) by extensions ['ignore', 'ignore_ament_install']
[0.248s] Level 1:colcon.colcon_core.package_identification:_identify(src/description) by extension 'ignore'
[0.248s] Level 1:colcon.colcon_core.package_identification:_identify(src/description) by extension 'ignore_ament_install'
[0.248s] Level 1:colcon.colcon_core.package_identification:_identify(src/description) by extensions ['colcon_pkg']
[0.248s] Level 1:colcon.colcon_core.package_identification:_identify(src/description) by extension 'colcon_pkg'
[0.248s] Level 1:colcon.colcon_core.package_identification:_identify(src/description) by extensions ['colcon_meta']
[0.248s] Level 1:colcon.colcon_core.package_identification:_identify(src/description) by extension 'colcon_meta'
[0.248s] Level 1:colcon.colcon_core.package_identification:_identify(src/description) by extensions ['ros']
[0.248s] Level 1:colcon.colcon_core.package_identification:_identify(src/description) by extension 'ros'
[0.249s] DEBUG:colcon.colcon_core.package_identification:Package 'src/description' with type 'ros.ament_python' and name 'description'
[0.249s] Level 1:colcon.colcon_core.package_identification:_identify(src/firmware) by extensions ['ignore', 'ignore_ament_install']
[0.249s] Level 1:colcon.colcon_core.package_identification:_identify(src/firmware) by extension 'ignore'
[0.249s] Level 1:colcon.colcon_core.package_identification:_identify(src/firmware) by extension 'ignore_ament_install'
[0.249s] Level 1:colcon.colcon_core.package_identification:_identify(src/firmware) by extensions ['colcon_pkg']
[0.249s] Level 1:colcon.colcon_core.package_identification:_identify(src/firmware) by extension 'colcon_pkg'
[0.249s] Level 1:colcon.colcon_core.package_identification:_identify(src/firmware) by extensions ['colcon_meta']
[0.249s] Level 1:colcon.colcon_core.package_identification:_identify(src/firmware) by extension 'colcon_meta'
[0.249s] Level 1:colcon.colcon_core.package_identification:_identify(src/firmware) by extensions ['ros']
[0.250s] Level 1:colcon.colcon_core.package_identification:_identify(src/firmware) by extension 'ros'
[0.250s] Level 1:colcon.colcon_core.package_identification:_identify(src/firmware) by extensions ['cmake', 'python']
[0.250s] Level 1:colcon.colcon_core.package_identification:_identify(src/firmware) by extension 'cmake'
[0.250s] Level 1:colcon.colcon_core.package_identification:_identify(src/firmware) by extension 'python'
[0.250s] Level 1:colcon.colcon_core.package_identification:_identify(src/firmware) by extensions ['python_setup_py']
[0.250s] Level 1:colcon.colcon_core.package_identification:_identify(src/firmware) by extension 'python_setup_py'
[0.250s] Level 1:colcon.colcon_core.package_discovery:discover_packages(recursive) using defaults
[0.250s] Level 1:colcon.colcon_core.package_discovery:discover_packages(ignore) discover
[0.250s] Level 1:colcon.colcon_core.package_discovery:discover_packages(ignore) using defaults
[0.250s] Level 1:colcon.colcon_core.package_discovery:discover_packages(path) discover
[0.250s] Level 1:colcon.colcon_core.package_discovery:discover_packages(path) using defaults
[0.274s] Level 1:colcon.colcon_core.package_discovery:discover_packages(prefix_path) check parameters
[0.274s] Level 1:colcon.colcon_core.package_discovery:discover_packages(prefix_path) discover
[0.276s] DEBUG:colcon.colcon_installed_package_information.package_discovery:Found 2 installed packages in /home/jeffreyjene/robot_ws/install
[0.278s] DEBUG:colcon.colcon_installed_package_information.package_discovery:Found 291 installed packages in /opt/ros/jazzy
[0.280s] Level 1:colcon.colcon_core.package_discovery:discover_packages(prefix_path) using defaults
[0.340s] Level 5:colcon.colcon_core.verb:set package 'control' build argument 'cmake_args' from command line to 'None'
[0.340s] Level 5:colcon.colcon_core.verb:set package 'control' build argument 'cmake_target' from command line to 'None'
[0.340s] Level 5:colcon.colcon_core.verb:set package 'control' build argument 'cmake_target_skip_unavailable' from command line to 'False'
[0.340s] Level 5:colcon.colcon_core.verb:set package 'control' build argument 'cmake_clean_cache' from command line to 'False'
[0.340s] Level 5:colcon.colcon_core.verb:set package 'control' build argument 'cmake_clean_first' from command line to 'False'
[0.340s] Level 5:colcon.colcon_core.verb:set package 'control' build argument 'cmake_force_configure' from command line to 'False'
[0.341s] Level 5:colcon.colcon_core.verb:set package 'control' build argument 'ament_cmake_args' from command line to 'None'
[0.341s] Level 5:colcon.colcon_core.verb:set package 'control' build argument 'catkin_cmake_args' from command line to 'None'
[0.341s] Level 5:colcon.colcon_core.verb:set package 'control' build argument 'catkin_skip_building_tests' from command line to 'False'
[0.341s] DEBUG:colcon.colcon_core.verb:Building package 'control' with the following arguments: {'ament_cmake_args': None, 'build_base': '/home/jeffreyjene/robot_ws/build/control', 'catkin_cmake_args': None, 'catkin_skip_building_tests': False, 'cmake_args': None, 'cmake_clean_cache': False, 'cmake_clean_first': False, 'cmake_force_configure': False, 'cmake_target': None, 'cmake_target_skip_unavailable': False, 'install_base': '/home/jeffreyjene/robot_ws/install/control', 'merge_install': False, 'path': '/home/jeffreyjene/robot_ws/src/control', 'symlink_install': False, 'test_result_base': None}
[0.341s] Level 5:colcon.colcon_core.verb:set package 'description' build argument 'cmake_args' from command line to 'None'
[0.341s] Level 5:colcon.colcon_core.verb:set package 'description' build argument 'cmake_target' from command line to 'None'
[0.341s] Level 5:colcon.colcon_core.verb:set package 'description' build argument 'cmake_target_skip_unavailable' from command line to 'False'
[0.341s] Level 5:colcon.colcon_core.verb:set package 'description' build argument 'cmake_clean_cache' from command line to 'False'
[0.341s] Level 5:colcon.colcon_core.verb:set package 'description' build argument 'cmake_clean_first' from command line to 'False'
[0.341s] Level 5:colcon.colcon_core.verb:set package 'description' build argument 'cmake_force_configure' from command line to 'False'
[0.341s] Level 5:colcon.colcon_core.verb:set package 'description' build argument 'ament_cmake_args' from command line to 'None'
[0.341s] Level 5:colcon.colcon_core.verb:set package 'description' build argument 'catkin_cmake_args' from command line to 'None'
[0.341s] Level 5:colcon.colcon_core.verb:set package 'description' build argument 'catkin_skip_building_tests' from command line to 'False'
[0.341s] DEBUG:colcon.colcon_core.verb:Building package 'description' with the following arguments: {'ament_cmake_args': None, 'build_base': '/home/jeffreyjene/robot_ws/build/description', 'catkin_cmake_args': None, 'catkin_skip_building_tests': False, 'cmake_args': None, 'cmake_clean_cache': False, 'cmake_clean_first': False, 'cmake_force_configure': False, 'cmake_target': None, 'cmake_target_skip_unavailable': False, 'install_base': '/home/jeffreyjene/robot_ws/install/description', 'merge_install': False, 'path': '/home/jeffreyjene/robot_ws/src/description', 'symlink_install': False, 'test_result_base': None}
[0.341s] INFO:colcon.colcon_core.executor:Executing jobs using 'parallel' executor
[0.343s] DEBUG:colcon.colcon_parallel_executor.executor.parallel:run_until_complete
[0.343s] INFO:colcon.colcon_ros.task.ament_python.build:Building ROS package in '/home/jeffreyjene/robot_ws/src/control' with build type 'ament_python'
[0.343s] Level 1:colcon.colcon_core.shell:create_environment_hook('control', 'ament_prefix_path')
[0.346s] INFO:colcon.colcon_core.plugin_system:Skipping extension 'colcon_core.shell.bat': Not used on non-Windows systems
[0.346s] INFO:colcon.colcon_core.shell:Creating environment hook '/home/jeffreyjene/robot_ws/install/control/share/control/hook/ament_prefix_path.ps1'
[0.347s] INFO:colcon.colcon_core.shell:Creating environment descriptor '/home/jeffreyjene/robot_ws/install/control/share/control/hook/ament_prefix_path.dsv'
[0.353s] INFO:colcon.colcon_core.shell:Creating environment hook '/home/jeffreyjene/robot_ws/install/control/share/control/hook/ament_prefix_path.sh'
[0.375s] INFO:colcon.colcon_core.shell:Skip shell extension 'powershell' for command environment: Not usable outside of PowerShell
[0.375s] DEBUG:colcon.colcon_core.shell:Skip shell extension 'dsv' for command environment
[0.381s] INFO:colcon.colcon_ros.task.ament_python.build:Building ROS package in '/home/jeffreyjene/robot_ws/src/description' with build type 'ament_python'
[0.382s] Level 1:colcon.colcon_core.shell:create_environment_hook('description', 'ament_prefix_path')
[0.382s] INFO:colcon.colcon_core.shell:Creating environment hook '/home/jeffreyjene/robot_ws/install/description/share/description/hook/ament_prefix_path.ps1'
[0.383s] INFO:colcon.colcon_core.shell:Creating environment descriptor '/home/jeffreyjene/robot_ws/install/description/share/description/hook/ament_prefix_path.dsv'
[0.384s] INFO:colcon.colcon_core.shell:Creating environment hook '/home/jeffreyjene/robot_ws/install/description/share/description/hook/ament_prefix_path.sh'
[0.385s] INFO:colcon.colcon_core.shell:Skip shell extension 'powershell' for command environment: Not usable outside of PowerShell
[0.386s] DEBUG:colcon.colcon_core.shell:Skip shell extension 'dsv' for command environment
[0.705s] INFO:colcon.colcon_core.task.python.build:Building Python package in '/home/jeffreyjene/robot_ws/src/control'
[0.706s] INFO:colcon.colcon_core.shell:Skip shell extension 'powershell' for command environment: Not usable outside of PowerShell
[0.706s] DEBUG:colcon.colcon_core.shell:Skip shell extension 'dsv' for command environment
[1.031s] INFO:colcon.colcon_core.task.python.build:Building Python package in '/home/jeffreyjene/robot_ws/src/description'
[1.032s] INFO:colcon.colcon_core.shell:Skip shell extension 'powershell' for command environment: Not usable outside of PowerShell
[1.032s] DEBUG:colcon.colcon_core.shell:Skip shell extension 'dsv' for command environment
[1.930s] DEBUG:colcon.colcon_core.event_handler.log_command:Invoking command in '/home/jeffreyjene/robot_ws/src/control': DEBUGINFOD_URLS=https://debuginfod.ubuntu.com PYTHONPATH=/home/jeffreyjene/robot_ws/build/control/prefix_override:/usr/lib/python3/dist-packages/colcon_core/task/python/colcon_distutils_commands:/home/jeffreyjene/robot_ws/install/control/lib/python3.12/site-packages:${PYTHONPATH} /usr/bin/python3 -W ignore:setup.py install is deprecated -W ignore:easy_install command is deprecated setup.py egg_info --egg-base ../../build/control build --build-base /home/jeffreyjene/robot_ws/build/control/build install --record /home/jeffreyjene/robot_ws/build/control/install.log --single-version-externally-managed install_data
[1.938s] DEBUG:colcon.colcon_core.event_handler.log_command:Invoking command in '/home/jeffreyjene/robot_ws/src/description': DEBUGINFOD_URLS=https://debuginfod.ubuntu.com PYTHONPATH=/home/jeffreyjene/robot_ws/build/description/prefix_override:/usr/lib/python3/dist-packages/colcon_core/task/python/colcon_distutils_commands:/home/jeffreyjene/robot_ws/install/description/lib/python3.12/site-packages:${PYTHONPATH} /usr/bin/python3 -W ignore:setup.py install is deprecated -W ignore:easy_install command is deprecated setup.py egg_info --egg-base ../../build/description build --build-base /home/jeffreyjene/robot_ws/build/description/build install --record /home/jeffreyjene/robot_ws/build/description/install.log --single-version-externally-managed install_data
[2.765s] DEBUG:colcon.colcon_core.event_handler.log_command:Invoked command in '/home/jeffreyjene/robot_ws/src/description' returned '0': DEBUGINFOD_URLS=https://debuginfod.ubuntu.com PYTHONPATH=/home/jeffreyjene/robot_ws/build/description/prefix_override:/usr/lib/python3/dist-packages/colcon_core/task/python/colcon_distutils_commands:/home/jeffreyjene/robot_ws/install/description/lib/python3.12/site-packages:${PYTHONPATH} /usr/bin/python3 -W ignore:setup.py install is deprecated -W ignore:easy_install command is deprecated setup.py egg_info --egg-base ../../build/description build --build-base /home/jeffreyjene/robot_ws/build/description/build install --record /home/jeffreyjene/robot_ws/build/description/install.log --single-version-externally-managed install_data
[2.769s] Level 1:colcon.colcon_core.environment:checking '/home/jeffreyjene/robot_ws/install/description' for CMake module files
[2.769s] Level 1:colcon.colcon_core.environment:checking '/home/jeffreyjene/robot_ws/install/description' for CMake config files
[2.770s] Level 1:colcon.colcon_core.environment:checking '/home/jeffreyjene/robot_ws/install/description/lib'
[2.771s] Level 1:colcon.colcon_core.environment:checking '/home/jeffreyjene/robot_ws/install/description/bin'
[2.771s] Level 1:colcon.colcon_core.environment:checking '/home/jeffreyjene/robot_ws/install/description/lib/pkgconfig/description.pc'
[2.771s] Level 1:colcon.colcon_core.environment:checking '/home/jeffreyjene/robot_ws/install/description/lib/python3.12/site-packages'
[2.771s] Level 1:colcon.colcon_core.shell:create_environment_hook('description', 'pythonpath')
[2.771s] INFO:colcon.colcon_core.shell:Creating environment hook '/home/jeffreyjene/robot_ws/install/description/share/description/hook/pythonpath.ps1'
[2.772s] INFO:colcon.colcon_core.shell:Creating environment descriptor '/home/jeffreyjene/robot_ws/install/description/share/description/hook/pythonpath.dsv'
[2.778s] INFO:colcon.colcon_core.shell:Creating environment hook '/home/jeffreyjene/robot_ws/install/description/share/description/hook/pythonpath.sh'
[2.779s] Level 1:colcon.colcon_core.environment:checking '/home/jeffreyjene/robot_ws/install/description/bin'
[2.780s] Level 1:colcon.colcon_core.environment:create_environment_scripts_only(description)
[2.780s] INFO:colcon.colcon_core.shell:Creating package script '/home/jeffreyjene/robot_ws/install/description/share/description/package.ps1'
[2.781s] INFO:colcon.colcon_core.shell:Creating package descriptor '/home/jeffreyjene/robot_ws/install/description/share/description/package.dsv'
[2.782s] INFO:colcon.colcon_core.shell:Creating package script '/home/jeffreyjene/robot_ws/install/description/share/description/package.sh'
[2.783s] INFO:colcon.colcon_core.shell:Creating package script '/home/jeffreyjene/robot_ws/install/description/share/description/package.bash'
[2.784s] INFO:colcon.colcon_core.shell:Creating package script '/home/jeffreyjene/robot_ws/install/description/share/description/package.zsh'
[2.785s] Level 1:colcon.colcon_core.environment:create_file_with_runtime_dependencies(/home/jeffreyjene/robot_ws/install/description/share/colcon-core/packages/description)
[2.788s] Level 1:colcon.colcon_core.environment:checking '/home/jeffreyjene/robot_ws/install/control' for CMake module files
[2.789s] Level 1:colcon.colcon_core.environment:checking '/home/jeffreyjene/robot_ws/install/control' for CMake config files
[2.789s] DEBUG:colcon.colcon_core.event_handler.log_command:Invoked command in '/home/jeffreyjene/robot_ws/src/control' returned '0': DEBUGINFOD_URLS=https://debuginfod.ubuntu.com PYTHONPATH=/home/jeffreyjene/robot_ws/build/control/prefix_override:/usr/lib/python3/dist-packages/colcon_core/task/python/colcon_distutils_commands:/home/jeffreyjene/robot_ws/install/control/lib/python3.12/site-packages:${PYTHONPATH} /usr/bin/python3 -W ignore:setup.py install is deprecated -W ignore:easy_install command is deprecated setup.py egg_info --egg-base ../../build/control build --build-base /home/jeffreyjene/robot_ws/build/control/build install --record /home/jeffreyjene/robot_ws/build/control/install.log --single-version-externally-managed install_data
[2.790s] Level 1:colcon.colcon_core.environment:checking '/home/jeffreyjene/robot_ws/install/control/lib'
[2.790s] Level 1:colcon.colcon_core.environment:checking '/home/jeffreyjene/robot_ws/install/control/bin'
[2.790s] Level 1:colcon.colcon_core.environment:checking '/home/jeffreyjene/robot_ws/install/control/lib/pkgconfig/control.pc'
[2.790s] Level 1:colcon.colcon_core.environment:checking '/home/jeffreyjene/robot_ws/install/control/lib/python3.12/site-packages'
[2.791s] Level 1:colcon.colcon_core.shell:create_environment_hook('control', 'pythonpath')
[2.791s] INFO:colcon.colcon_core.shell:Creating environment hook '/home/jeffreyjene/robot_ws/install/control/share/control/hook/pythonpath.ps1'
[2.792s] INFO:colcon.colcon_core.shell:Creating environment descriptor '/home/jeffreyjene/robot_ws/install/control/share/control/hook/pythonpath.dsv'
[2.792s] INFO:colcon.colcon_core.shell:Creating environment hook '/home/jeffreyjene/robot_ws/install/control/share/control/hook/pythonpath.sh'
[2.794s] Level 1:colcon.colcon_core.environment:checking '/home/jeffreyjene/robot_ws/install/control/bin'
[2.794s] Level 1:colcon.colcon_core.environment:create_environment_scripts_only(control)
[2.794s] INFO:colcon.colcon_core.shell:Creating package script '/home/jeffreyjene/robot_ws/install/control/share/control/package.ps1'
[2.795s] INFO:colcon.colcon_core.shell:Creating package descriptor '/home/jeffreyjene/robot_ws/install/control/share/control/package.dsv'
[2.796s] INFO:colcon.colcon_core.shell:Creating package script '/home/jeffreyjene/robot_ws/install/control/share/control/package.sh'
[2.797s] INFO:colcon.colcon_core.shell:Creating package script '/home/jeffreyjene/robot_ws/install/control/share/control/package.bash'
[2.798s] INFO:colcon.colcon_core.shell:Creating package script '/home/jeffreyjene/robot_ws/install/control/share/control/package.zsh'
[2.799s] Level 1:colcon.colcon_core.environment:create_file_with_runtime_dependencies(/home/jeffreyjene/robot_ws/install/control/share/colcon-core/packages/control)
[2.799s] DEBUG:colcon.colcon_parallel_executor.executor.parallel:closing loop
[2.800s] DEBUG:colcon.colcon_parallel_executor.executor.parallel:loop closed
[2.800s] DEBUG:colcon.colcon_parallel_executor.executor.parallel:run_until_complete finished with '0'
[2.800s] DEBUG:colcon.colcon_core.event_reactor:joining thread
[2.808s] INFO:colcon.colcon_core.plugin_system:Skipping extension 'colcon_notification.desktop_notification.terminal_notifier': Not used on non-Darwin systems
[2.808s] INFO:colcon.colcon_core.plugin_system:Skipping extension 'colcon_notification.desktop_notification.win32': Not used on non-Windows systems
[2.808s] INFO:colcon.colcon_notification.desktop_notification:Sending desktop notification using 'notify2'
[2.810s] DEBUG:colcon.colcon_notification.desktop_notification.notify2:Failed to initialize notify2: org.freedesktop.DBus.Error.ServiceUnknown: The name org.freedesktop.Notifications was not provided by any .service files
[2.810s] DEBUG:colcon.colcon_core.event_reactor:joined thread
[2.810s] INFO:colcon.colcon_core.shell:Creating prefix script '/home/jeffreyjene/robot_ws/install/local_setup.ps1'
[2.812s] INFO:colcon.colcon_core.shell:Creating prefix util module '/home/jeffreyjene/robot_ws/install/_local_setup_util_ps1.py'
[2.813s] INFO:colcon.colcon_core.shell:Creating prefix chain script '/home/jeffreyjene/robot_ws/install/setup.ps1'
[2.815s] INFO:colcon.colcon_core.shell:Creating prefix script '/home/jeffreyjene/robot_ws/install/local_setup.sh'
[2.816s] INFO:colcon.colcon_core.shell:Creating prefix util module '/home/jeffreyjene/robot_ws/install/_local_setup_util_sh.py'
[2.818s] INFO:colcon.colcon_core.shell:Creating prefix chain script '/home/jeffreyjene/robot_ws/install/setup.sh'
[2.819s] INFO:colcon.colcon_core.shell:Creating prefix script '/home/jeffreyjene/robot_ws/install/local_setup.bash'
[2.820s] INFO:colcon.colcon_core.shell:Creating prefix chain script '/home/jeffreyjene/robot_ws/install/setup.bash'
[2.822s] INFO:colcon.colcon_core.shell:Creating prefix script '/home/jeffreyjene/robot_ws/install/local_setup.zsh'
[2.823s] INFO:colcon.colcon_core.shell:Creating prefix chain script '/home/jeffreyjene/robot_ws/install/setup.zsh'
