[0.240s] DEBUG:colcon:Command line arguments: ['/usr/bin/colcon', 'build']
[0.240s] DEBUG:colcon:Parsed command line arguments: Namespace(log_base=None, log_level=None, verb_name='build', build_base='build', install_base='install', merge_install=False, symlink_install=False, test_result_base=None, continue_on_error=False, executor='parallel', parallel_workers=4, event_handlers=None, ignore_user_meta=False, metas=['./colcon.meta'], base_paths=['.'], packages_ignore=None, packages_ignore_regex=None, paths=None, packages_up_to=None, packages_up_to_regex=None, packages_above=None, packages_above_and_dependencies=None, packages_above_depth=None, packages_select_by_dep=None, packages_skip_by_dep=None, packages_skip_up_to=None, packages_select_build_failed=False, packages_skip_build_finished=False, packages_select_test_failures=False, packages_skip_test_passed=False, packages_select=None, packages_skip=None, packages_select_regex=None, packages_skip_regex=None, packages_start=None, packages_end=None, allow_overriding=[], cmake_args=None, cmake_target=None, cmake_target_skip_unavailable=False, cmake_clean_cache=False, cmake_clean_first=False, cmake_force_configure=False, ament_cmake_args=None, catkin_cmake_args=None, catkin_skip_building_tests=False, mixin_files=None, mixin=None, verb_parser=<colcon_mixin.mixin.mixin_argument.MixinArgumentDecorator object at 0xffffb6fbc200>, verb_extension=<colcon_core.verb.build.BuildVerb object at 0xffffb7178a10>, main=<bound method BuildVerb.main of <colcon_core.verb.build.BuildVerb object at 0xffffb7178a10>>, mixin_verb=('build',))
[0.335s] Level 1:colcon.colcon_core.package_discovery:discover_packages(colcon_meta) check parameters
[0.335s] Level 1:colcon.colcon_core.package_discovery:discover_packages(recursive) check parameters
[0.335s] Level 1:colcon.colcon_core.package_discovery:discover_packages(ignore) check parameters
[0.335s] Level 1:colcon.colcon_core.package_discovery:discover_packages(path) check parameters
[0.335s] Level 1:colcon.colcon_core.package_discovery:discover_packages(colcon_meta) discover
[0.335s] Level 1:colcon.colcon_core.package_discovery:discover_packages(recursive) discover
[0.335s] INFO:colcon.colcon_core.package_discovery:Crawling recursively for packages in '/home/jeffreyjene/robot_ws'
[0.335s] Level 1:colcon.colcon_core.package_identification:_identify(.) by extensions ['ignore', 'ignore_ament_install']
[0.335s] Level 1:colcon.colcon_core.package_identification:_identify(.) by extension 'ignore'
[0.335s] Level 1:colcon.colcon_core.package_identification:_identify(.) by extension 'ignore_ament_install'
[0.335s] Level 1:colcon.colcon_core.package_identification:_identify(.) by extensions ['colcon_pkg']
[0.336s] Level 1:colcon.colcon_core.package_identification:_identify(.) by extension 'colcon_pkg'
[0.336s] Level 1:colcon.colcon_core.package_identification:_identify(.) by extensions ['colcon_meta']
[0.336s] Level 1:colcon.colcon_core.package_identification:_identify(.) by extension 'colcon_meta'
[0.336s] Level 1:colcon.colcon_core.package_identification:_identify(.) by extensions ['ros']
[0.336s] Level 1:colcon.colcon_core.package_identification:_identify(.) by extension 'ros'
[0.405s] Level 1:colcon.colcon_core.package_identification:_identify(.) by extensions ['cmake', 'python']
[0.405s] Level 1:colcon.colcon_core.package_identification:_identify(.) by extension 'cmake'
[0.405s] Level 1:colcon.colcon_core.package_identification:_identify(.) by extension 'python'
[0.405s] Level 1:colcon.colcon_core.package_identification:_identify(.) by extensions ['python_setup_py']
[0.405s] Level 1:colcon.colcon_core.package_identification:_identify(.) by extension 'python_setup_py'
[0.406s] Level 1:colcon.colcon_core.package_identification:_identify(build) by extensions ['ignore', 'ignore_ament_install']
[0.406s] Level 1:colcon.colcon_core.package_identification:_identify(build) by extension 'ignore'
[0.406s] Level 1:colcon.colcon_core.package_identification:_identify(build) ignored
[0.406s] Level 1:colcon.colcon_core.package_identification:_identify(install) by extensions ['ignore', 'ignore_ament_install']
[0.406s] Level 1:colcon.colcon_core.package_identification:_identify(install) by extension 'ignore'
[0.406s] Level 1:colcon.colcon_core.package_identification:_identify(install) ignored
[0.406s] Level 1:colcon.colcon_core.package_identification:_identify(log) by extensions ['ignore', 'ignore_ament_install']
[0.406s] Level 1:colcon.colcon_core.package_identification:_identify(log) by extension 'ignore'
[0.407s] Level 1:colcon.colcon_core.package_identification:_identify(log) ignored
[0.407s] Level 1:colcon.colcon_core.package_identification:_identify(src) by extensions ['ignore', 'ignore_ament_install']
[0.407s] Level 1:colcon.colcon_core.package_identification:_identify(src) by extension 'ignore'
[0.407s] Level 1:colcon.colcon_core.package_identification:_identify(src) by extension 'ignore_ament_install'
[0.407s] Level 1:colcon.colcon_core.package_identification:_identify(src) by extensions ['colcon_pkg']
[0.407s] Level 1:colcon.colcon_core.package_identification:_identify(src) by extension 'colcon_pkg'
[0.407s] Level 1:colcon.colcon_core.package_identification:_identify(src) by extensions ['colcon_meta']
[0.407s] Level 1:colcon.colcon_core.package_identification:_identify(src) by extension 'colcon_meta'
[0.407s] Level 1:colcon.colcon_core.package_identification:_identify(src) by extensions ['ros']
[0.407s] Level 1:colcon.colcon_core.package_identification:_identify(src) by extension 'ros'
[0.407s] Level 1:colcon.colcon_core.package_identification:_identify(src) by extensions ['cmake', 'python']
[0.407s] Level 1:colcon.colcon_core.package_identification:_identify(src) by extension 'cmake'
[0.407s] Level 1:colcon.colcon_core.package_identification:_identify(src) by extension 'python'
[0.407s] Level 1:colcon.colcon_core.package_identification:_identify(src) by extensions ['python_setup_py']
[0.407s] Level 1:colcon.colcon_core.package_identification:_identify(src) by extension 'python_setup_py'
[0.407s] Level 1:colcon.colcon_core.package_identification:_identify(src/bringup) by extensions ['ignore', 'ignore_ament_install']
[0.407s] Level 1:colcon.colcon_core.package_identification:_identify(src/bringup) by extension 'ignore'
[0.408s] Level 1:colcon.colcon_core.package_identification:_identify(src/bringup) by extension 'ignore_ament_install'
[0.408s] Level 1:colcon.colcon_core.package_identification:_identify(src/bringup) by extensions ['colcon_pkg']
[0.408s] Level 1:colcon.colcon_core.package_identification:_identify(src/bringup) by extension 'colcon_pkg'
[0.408s] Level 1:colcon.colcon_core.package_identification:_identify(src/bringup) by extensions ['colcon_meta']
[0.408s] Level 1:colcon.colcon_core.package_identification:_identify(src/bringup) by extension 'colcon_meta'
[0.408s] Level 1:colcon.colcon_core.package_identification:_identify(src/bringup) by extensions ['ros']
[0.408s] Level 1:colcon.colcon_core.package_identification:_identify(src/bringup) by extension 'ros'
[0.411s] DEBUG:colcon.colcon_core.package_identification:Package 'src/bringup' with type 'ros.ament_python' and name 'bringup'
[0.411s] Level 1:colcon.colcon_core.package_identification:_identify(src/control) by extensions ['ignore', 'ignore_ament_install']
[0.411s] Level 1:colcon.colcon_core.package_identification:_identify(src/control) by extension 'ignore'
[0.411s] Level 1:colcon.colcon_core.package_identification:_identify(src/control) by extension 'ignore_ament_install'
[0.412s] Level 1:colcon.colcon_core.package_identification:_identify(src/control) by extensions ['colcon_pkg']
[0.412s] Level 1:colcon.colcon_core.package_identification:_identify(src/control) by extension 'colcon_pkg'
[0.412s] Level 1:colcon.colcon_core.package_identification:_identify(src/control) by extensions ['colcon_meta']
[0.412s] Level 1:colcon.colcon_core.package_identification:_identify(src/control) by extension 'colcon_meta'
[0.412s] Level 1:colcon.colcon_core.package_identification:_identify(src/control) by extensions ['ros']
[0.412s] Level 1:colcon.colcon_core.package_identification:_identify(src/control) by extension 'ros'
[0.413s] DEBUG:colcon.colcon_core.package_identification:Package 'src/control' with type 'ros.ament_python' and name 'control'
[0.414s] Level 1:colcon.colcon_core.package_identification:_identify(src/description) by extensions ['ignore', 'ignore_ament_install']
[0.415s] Level 1:colcon.colcon_core.package_identification:_identify(src/description) by extension 'ignore'
[0.415s] Level 1:colcon.colcon_core.package_identification:_identify(src/description) by extension 'ignore_ament_install'
[0.415s] Level 1:colcon.colcon_core.package_identification:_identify(src/description) by extensions ['colcon_pkg']
[0.415s] Level 1:colcon.colcon_core.package_identification:_identify(src/description) by extension 'colcon_pkg'
[0.415s] Level 1:colcon.colcon_core.package_identification:_identify(src/description) by extensions ['colcon_meta']
[0.415s] Level 1:colcon.colcon_core.package_identification:_identify(src/description) by extension 'colcon_meta'
[0.415s] Level 1:colcon.colcon_core.package_identification:_identify(src/description) by extensions ['ros']
[0.415s] Level 1:colcon.colcon_core.package_identification:_identify(src/description) by extension 'ros'
[0.416s] DEBUG:colcon.colcon_core.package_identification:Package 'src/description' with type 'ros.ament_python' and name 'description'
[0.417s] Level 1:colcon.colcon_core.package_identification:_identify(src/firmware) by extensions ['ignore', 'ignore_ament_install']
[0.417s] Level 1:colcon.colcon_core.package_identification:_identify(src/firmware) by extension 'ignore'
[0.417s] Level 1:colcon.colcon_core.package_identification:_identify(src/firmware) by extension 'ignore_ament_install'
[0.417s] Level 1:colcon.colcon_core.package_identification:_identify(src/firmware) by extensions ['colcon_pkg']
[0.417s] Level 1:colcon.colcon_core.package_identification:_identify(src/firmware) by extension 'colcon_pkg'
[0.418s] Level 1:colcon.colcon_core.package_identification:_identify(src/firmware) by extensions ['colcon_meta']
[0.418s] Level 1:colcon.colcon_core.package_identification:_identify(src/firmware) by extension 'colcon_meta'
[0.418s] Level 1:colcon.colcon_core.package_identification:_identify(src/firmware) by extensions ['ros']
[0.418s] Level 1:colcon.colcon_core.package_identification:_identify(src/firmware) by extension 'ros'
[0.418s] Level 1:colcon.colcon_core.package_identification:_identify(src/firmware) by extensions ['cmake', 'python']
[0.418s] Level 1:colcon.colcon_core.package_identification:_identify(src/firmware) by extension 'cmake'
[0.418s] Level 1:colcon.colcon_core.package_identification:_identify(src/firmware) by extension 'python'
[0.418s] Level 1:colcon.colcon_core.package_identification:_identify(src/firmware) by extensions ['python_setup_py']
[0.418s] Level 1:colcon.colcon_core.package_identification:_identify(src/firmware) by extension 'python_setup_py'
[0.418s] Level 1:colcon.colcon_core.package_identification:_identify(src/ldlidar_stl_ros2) by extensions ['ignore', 'ignore_ament_install']
[0.419s] Level 1:colcon.colcon_core.package_identification:_identify(src/ldlidar_stl_ros2) by extension 'ignore'
[0.419s] Level 1:colcon.colcon_core.package_identification:_identify(src/ldlidar_stl_ros2) by extension 'ignore_ament_install'
[0.419s] Level 1:colcon.colcon_core.package_identification:_identify(src/ldlidar_stl_ros2) by extensions ['colcon_pkg']
[0.419s] Level 1:colcon.colcon_core.package_identification:_identify(src/ldlidar_stl_ros2) by extension 'colcon_pkg'
[0.419s] Level 1:colcon.colcon_core.package_identification:_identify(src/ldlidar_stl_ros2) by extensions ['colcon_meta']
[0.419s] Level 1:colcon.colcon_core.package_identification:_identify(src/ldlidar_stl_ros2) by extension 'colcon_meta'
[0.419s] Level 1:colcon.colcon_core.package_identification:_identify(src/ldlidar_stl_ros2) by extensions ['ros']
[0.419s] Level 1:colcon.colcon_core.package_identification:_identify(src/ldlidar_stl_ros2) by extension 'ros'
[0.420s] DEBUG:colcon.colcon_core.package_identification:Package 'src/ldlidar_stl_ros2' with type 'ros.ament_cmake' and name 'ldlidar_stl_ros2'
[0.420s] Level 1:colcon.colcon_core.package_discovery:discover_packages(recursive) using defaults
[0.420s] Level 1:colcon.colcon_core.package_discovery:discover_packages(ignore) discover
[0.420s] Level 1:colcon.colcon_core.package_discovery:discover_packages(ignore) using defaults
[0.420s] Level 1:colcon.colcon_core.package_discovery:discover_packages(path) discover
[0.420s] Level 1:colcon.colcon_core.package_discovery:discover_packages(path) using defaults
[0.465s] Level 1:colcon.colcon_core.package_discovery:discover_packages(prefix_path) check parameters
[0.465s] Level 1:colcon.colcon_core.package_discovery:discover_packages(prefix_path) discover
[0.471s] DEBUG:colcon.colcon_installed_package_information.package_discovery:Found 4 installed packages in /home/jeffreyjene/robot_ws/install
[0.474s] DEBUG:colcon.colcon_installed_package_information.package_discovery:Found 296 installed packages in /opt/ros/jazzy
[0.477s] Level 1:colcon.colcon_core.package_discovery:discover_packages(prefix_path) using defaults
[0.557s] Level 5:colcon.colcon_core.verb:set package 'bringup' build argument 'cmake_args' from command line to 'None'
[0.558s] Level 5:colcon.colcon_core.verb:set package 'bringup' build argument 'cmake_target' from command line to 'None'
[0.558s] Level 5:colcon.colcon_core.verb:set package 'bringup' build argument 'cmake_target_skip_unavailable' from command line to 'False'
[0.558s] Level 5:colcon.colcon_core.verb:set package 'bringup' build argument 'cmake_clean_cache' from command line to 'False'
[0.558s] Level 5:colcon.colcon_core.verb:set package 'bringup' build argument 'cmake_clean_first' from command line to 'False'
[0.558s] Level 5:colcon.colcon_core.verb:set package 'bringup' build argument 'cmake_force_configure' from command line to 'False'
[0.558s] Level 5:colcon.colcon_core.verb:set package 'bringup' build argument 'ament_cmake_args' from command line to 'None'
[0.558s] Level 5:colcon.colcon_core.verb:set package 'bringup' build argument 'catkin_cmake_args' from command line to 'None'
[0.558s] Level 5:colcon.colcon_core.verb:set package 'bringup' build argument 'catkin_skip_building_tests' from command line to 'False'
[0.558s] DEBUG:colcon.colcon_core.verb:Building package 'bringup' with the following arguments: {'ament_cmake_args': None, 'build_base': '/home/jeffreyjene/robot_ws/build/bringup', 'catkin_cmake_args': None, 'catkin_skip_building_tests': False, 'cmake_args': None, 'cmake_clean_cache': False, 'cmake_clean_first': False, 'cmake_force_configure': False, 'cmake_target': None, 'cmake_target_skip_unavailable': False, 'install_base': '/home/jeffreyjene/robot_ws/install/bringup', 'merge_install': False, 'path': '/home/jeffreyjene/robot_ws/src/bringup', 'symlink_install': False, 'test_result_base': None}
[0.559s] Level 5:colcon.colcon_core.verb:set package 'control' build argument 'cmake_args' from command line to 'None'
[0.559s] Level 5:colcon.colcon_core.verb:set package 'control' build argument 'cmake_target' from command line to 'None'
[0.559s] Level 5:colcon.colcon_core.verb:set package 'control' build argument 'cmake_target_skip_unavailable' from command line to 'False'
[0.559s] Level 5:colcon.colcon_core.verb:set package 'control' build argument 'cmake_clean_cache' from command line to 'False'
[0.559s] Level 5:colcon.colcon_core.verb:set package 'control' build argument 'cmake_clean_first' from command line to 'False'
[0.559s] Level 5:colcon.colcon_core.verb:set package 'control' build argument 'cmake_force_configure' from command line to 'False'
[0.559s] Level 5:colcon.colcon_core.verb:set package 'control' build argument 'ament_cmake_args' from command line to 'None'
[0.559s] Level 5:colcon.colcon_core.verb:set package 'control' build argument 'catkin_cmake_args' from command line to 'None'
[0.559s] Level 5:colcon.colcon_core.verb:set package 'control' build argument 'catkin_skip_building_tests' from command line to 'False'
[0.559s] DEBUG:colcon.colcon_core.verb:Building package 'control' with the following arguments: {'ament_cmake_args': None, 'build_base': '/home/jeffreyjene/robot_ws/build/control', 'catkin_cmake_args': None, 'catkin_skip_building_tests': False, 'cmake_args': None, 'cmake_clean_cache': False, 'cmake_clean_first': False, 'cmake_force_configure': False, 'cmake_target': None, 'cmake_target_skip_unavailable': False, 'install_base': '/home/jeffreyjene/robot_ws/install/control', 'merge_install': False, 'path': '/home/jeffreyjene/robot_ws/src/control', 'symlink_install': False, 'test_result_base': None}
[0.560s] Level 5:colcon.colcon_core.verb:set package 'description' build argument 'cmake_args' from command line to 'None'
[0.560s] Level 5:colcon.colcon_core.verb:set package 'description' build argument 'cmake_target' from command line to 'None'
[0.560s] Level 5:colcon.colcon_core.verb:set package 'description' build argument 'cmake_target_skip_unavailable' from command line to 'False'
[0.560s] Level 5:colcon.colcon_core.verb:set package 'description' build argument 'cmake_clean_cache' from command line to 'False'
[0.560s] Level 5:colcon.colcon_core.verb:set package 'description' build argument 'cmake_clean_first' from command line to 'False'
[0.560s] Level 5:colcon.colcon_core.verb:set package 'description' build argument 'cmake_force_configure' from command line to 'False'
[0.560s] Level 5:colcon.colcon_core.verb:set package 'description' build argument 'ament_cmake_args' from command line to 'None'
[0.560s] Level 5:colcon.colcon_core.verb:set package 'description' build argument 'catkin_cmake_args' from command line to 'None'
[0.560s] Level 5:colcon.colcon_core.verb:set package 'description' build argument 'catkin_skip_building_tests' from command line to 'False'
[0.560s] DEBUG:colcon.colcon_core.verb:Building package 'description' with the following arguments: {'ament_cmake_args': None, 'build_base': '/home/jeffreyjene/robot_ws/build/description', 'catkin_cmake_args': None, 'catkin_skip_building_tests': False, 'cmake_args': None, 'cmake_clean_cache': False, 'cmake_clean_first': False, 'cmake_force_configure': False, 'cmake_target': None, 'cmake_target_skip_unavailable': False, 'install_base': '/home/jeffreyjene/robot_ws/install/description', 'merge_install': False, 'path': '/home/jeffreyjene/robot_ws/src/description', 'symlink_install': False, 'test_result_base': None}
[0.561s] Level 5:colcon.colcon_core.verb:set package 'ldlidar_stl_ros2' build argument 'cmake_args' from command line to 'None'
[0.561s] Level 5:colcon.colcon_core.verb:set package 'ldlidar_stl_ros2' build argument 'cmake_target' from command line to 'None'
[0.561s] Level 5:colcon.colcon_core.verb:set package 'ldlidar_stl_ros2' build argument 'cmake_target_skip_unavailable' from command line to 'False'
[0.561s] Level 5:colcon.colcon_core.verb:set package 'ldlidar_stl_ros2' build argument 'cmake_clean_cache' from command line to 'False'
[0.561s] Level 5:colcon.colcon_core.verb:set package 'ldlidar_stl_ros2' build argument 'cmake_clean_first' from command line to 'False'
[0.561s] Level 5:colcon.colcon_core.verb:set package 'ldlidar_stl_ros2' build argument 'cmake_force_configure' from command line to 'False'
[0.561s] Level 5:colcon.colcon_core.verb:set package 'ldlidar_stl_ros2' build argument 'ament_cmake_args' from command line to 'None'
[0.561s] Level 5:colcon.colcon_core.verb:set package 'ldlidar_stl_ros2' build argument 'catkin_cmake_args' from command line to 'None'
[0.561s] Level 5:colcon.colcon_core.verb:set package 'ldlidar_stl_ros2' build argument 'catkin_skip_building_tests' from command line to 'False'
[0.561s] DEBUG:colcon.colcon_core.verb:Building package 'ldlidar_stl_ros2' with the following arguments: {'ament_cmake_args': None, 'build_base': '/home/jeffreyjene/robot_ws/build/ldlidar_stl_ros2', 'catkin_cmake_args': None, 'catkin_skip_building_tests': False, 'cmake_args': None, 'cmake_clean_cache': False, 'cmake_clean_first': False, 'cmake_force_configure': False, 'cmake_target': None, 'cmake_target_skip_unavailable': False, 'install_base': '/home/jeffreyjene/robot_ws/install/ldlidar_stl_ros2', 'merge_install': False, 'path': '/home/jeffreyjene/robot_ws/src/ldlidar_stl_ros2', 'symlink_install': False, 'test_result_base': None}
[0.561s] INFO:colcon.colcon_core.executor:Executing jobs using 'parallel' executor
[0.565s] DEBUG:colcon.colcon_parallel_executor.executor.parallel:run_until_complete
[0.566s] INFO:colcon.colcon_ros.task.ament_python.build:Building ROS package in '/home/jeffreyjene/robot_ws/src/bringup' with build type 'ament_python'
[0.567s] Level 1:colcon.colcon_core.shell:create_environment_hook('bringup', 'ament_prefix_path')
[0.571s] INFO:colcon.colcon_core.plugin_system:Skipping extension 'colcon_core.shell.bat': Not used on non-Windows systems
[0.571s] INFO:colcon.colcon_core.shell:Creating environment hook '/home/jeffreyjene/robot_ws/install/bringup/share/bringup/hook/ament_prefix_path.ps1'
[0.574s] INFO:colcon.colcon_core.shell:Creating environment descriptor '/home/jeffreyjene/robot_ws/install/bringup/share/bringup/hook/ament_prefix_path.dsv'
[0.581s] INFO:colcon.colcon_core.shell:Creating environment hook '/home/jeffreyjene/robot_ws/install/bringup/share/bringup/hook/ament_prefix_path.sh'
[0.582s] INFO:colcon.colcon_core.shell:Skip shell extension 'powershell' for command environment: Not usable outside of PowerShell
[0.582s] DEBUG:colcon.colcon_core.shell:Skip shell extension 'dsv' for command environment
[0.590s] INFO:colcon.colcon_ros.task.ament_python.build:Building ROS package in '/home/jeffreyjene/robot_ws/src/control' with build type 'ament_python'
[0.591s] Level 1:colcon.colcon_core.shell:create_environment_hook('control', 'ament_prefix_path')
[0.592s] INFO:colcon.colcon_core.shell:Creating environment hook '/home/jeffreyjene/robot_ws/install/control/share/control/hook/ament_prefix_path.ps1'
[0.594s] INFO:colcon.colcon_core.shell:Creating environment descriptor '/home/jeffreyjene/robot_ws/install/control/share/control/hook/ament_prefix_path.dsv'
[0.595s] INFO:colcon.colcon_core.shell:Creating environment hook '/home/jeffreyjene/robot_ws/install/control/share/control/hook/ament_prefix_path.sh'
[0.597s] INFO:colcon.colcon_core.shell:Skip shell extension 'powershell' for command environment: Not usable outside of PowerShell
[0.597s] DEBUG:colcon.colcon_core.shell:Skip shell extension 'dsv' for command environment
[0.605s] INFO:colcon.colcon_ros.task.ament_python.build:Building ROS package in '/home/jeffreyjene/robot_ws/src/description' with build type 'ament_python'
[0.606s] Level 1:colcon.colcon_core.shell:create_environment_hook('description', 'ament_prefix_path')
[0.607s] INFO:colcon.colcon_core.shell:Creating environment hook '/home/jeffreyjene/robot_ws/install/description/share/description/hook/ament_prefix_path.ps1'
[0.611s] INFO:colcon.colcon_core.shell:Creating environment descriptor '/home/jeffreyjene/robot_ws/install/description/share/description/hook/ament_prefix_path.dsv'
[0.613s] INFO:colcon.colcon_core.shell:Creating environment hook '/home/jeffreyjene/robot_ws/install/description/share/description/hook/ament_prefix_path.sh'
[0.615s] INFO:colcon.colcon_core.shell:Skip shell extension 'powershell' for command environment: Not usable outside of PowerShell
[0.615s] DEBUG:colcon.colcon_core.shell:Skip shell extension 'dsv' for command environment
[0.623s] INFO:colcon.colcon_ros.task.ament_cmake.build:Building ROS package in '/home/jeffreyjene/robot_ws/src/ldlidar_stl_ros2' with build type 'ament_cmake'
[0.624s] INFO:colcon.colcon_cmake.task.cmake.build:Building CMake package in '/home/jeffreyjene/robot_ws/src/ldlidar_stl_ros2'
[0.625s] INFO:colcon.colcon_core.shell:Skip shell extension 'powershell' for command environment: Not usable outside of PowerShell
[0.625s] DEBUG:colcon.colcon_core.shell:Skip shell extension 'dsv' for command environment
[1.163s] INFO:colcon.colcon_core.task.python.build:Building Python package in '/home/jeffreyjene/robot_ws/src/bringup'
[1.164s] INFO:colcon.colcon_core.shell:Skip shell extension 'powershell' for command environment: Not usable outside of PowerShell
[1.165s] DEBUG:colcon.colcon_core.shell:Skip shell extension 'dsv' for command environment
[1.736s] INFO:colcon.colcon_core.task.python.build:Building Python package in '/home/jeffreyjene/robot_ws/src/control'
[1.736s] INFO:colcon.colcon_core.shell:Skip shell extension 'powershell' for command environment: Not usable outside of PowerShell
[1.736s] DEBUG:colcon.colcon_core.shell:Skip shell extension 'dsv' for command environment
[2.125s] INFO:colcon.colcon_core.task.python.build:Building Python package in '/home/jeffreyjene/robot_ws/src/description'
[2.125s] INFO:colcon.colcon_core.shell:Skip shell extension 'powershell' for command environment: Not usable outside of PowerShell
[2.125s] DEBUG:colcon.colcon_core.shell:Skip shell extension 'dsv' for command environment
[2.139s] DEBUG:colcon.colcon_core.event_handler.log_command:Invoking command in '/home/jeffreyjene/robot_ws/build/ldlidar_stl_ros2': CMAKE_PREFIX_PATH=${CMAKE_PREFIX_PATH}:/home/jeffreyjene/robot_ws/install/description:/home/jeffreyjene/robot_ws/install/control:/home/jeffreyjene/robot_ws/install/bringup:/opt/ros/jazzy DEBUGINFOD_URLS=https://debuginfod.ubuntu.com /usr/bin/cmake --build /home/jeffreyjene/robot_ws/build/ldlidar_stl_ros2 -- -j4 -l4
[2.442s] DEBUG:colcon.colcon_core.event_handler.log_command:Invoked command in '/home/jeffreyjene/robot_ws/build/ldlidar_stl_ros2' returned '0': CMAKE_PREFIX_PATH=${CMAKE_PREFIX_PATH}:/home/jeffreyjene/robot_ws/install/description:/home/jeffreyjene/robot_ws/install/control:/home/jeffreyjene/robot_ws/install/bringup:/opt/ros/jazzy DEBUGINFOD_URLS=https://debuginfod.ubuntu.com /usr/bin/cmake --build /home/jeffreyjene/robot_ws/build/ldlidar_stl_ros2 -- -j4 -l4
[2.485s] DEBUG:colcon.colcon_core.event_handler.log_command:Invoking command in '/home/jeffreyjene/robot_ws/build/ldlidar_stl_ros2': CMAKE_PREFIX_PATH=${CMAKE_PREFIX_PATH}:/home/jeffreyjene/robot_ws/install/description:/home/jeffreyjene/robot_ws/install/control:/home/jeffreyjene/robot_ws/install/bringup:/opt/ros/jazzy DEBUGINFOD_URLS=https://debuginfod.ubuntu.com /usr/bin/cmake --install /home/jeffreyjene/robot_ws/build/ldlidar_stl_ros2
[2.531s] Level 1:colcon.colcon_core.environment:create_environment_scripts_only(ldlidar_stl_ros2)
[2.537s] Level 1:colcon.colcon_core.environment:checking '/home/jeffreyjene/robot_ws/install/ldlidar_stl_ros2' for CMake module files
[2.540s] Level 1:colcon.colcon_core.environment:checking '/home/jeffreyjene/robot_ws/install/ldlidar_stl_ros2' for CMake config files
[2.540s] Level 1:colcon.colcon_core.shell:create_environment_hook('ldlidar_stl_ros2', 'cmake_prefix_path')
[2.540s] INFO:colcon.colcon_core.shell:Creating environment hook '/home/jeffreyjene/robot_ws/install/ldlidar_stl_ros2/share/ldlidar_stl_ros2/hook/cmake_prefix_path.ps1'
[2.541s] INFO:colcon.colcon_core.shell:Creating environment descriptor '/home/jeffreyjene/robot_ws/install/ldlidar_stl_ros2/share/ldlidar_stl_ros2/hook/cmake_prefix_path.dsv'
[2.539s] DEBUG:colcon.colcon_core.event_handler.log_command:Invoked command in '/home/jeffreyjene/robot_ws/build/ldlidar_stl_ros2' returned '0': CMAKE_PREFIX_PATH=${CMAKE_PREFIX_PATH}:/home/jeffreyjene/robot_ws/install/description:/home/jeffreyjene/robot_ws/install/control:/home/jeffreyjene/robot_ws/install/bringup:/opt/ros/jazzy DEBUGINFOD_URLS=https://debuginfod.ubuntu.com /usr/bin/cmake --install /home/jeffreyjene/robot_ws/build/ldlidar_stl_ros2
[2.545s] INFO:colcon.colcon_core.shell:Creating environment hook '/home/jeffreyjene/robot_ws/install/ldlidar_stl_ros2/share/ldlidar_stl_ros2/hook/cmake_prefix_path.sh'
[2.549s] Level 1:colcon.colcon_core.environment:checking '/home/jeffreyjene/robot_ws/install/ldlidar_stl_ros2/lib'
[2.549s] Level 1:colcon.colcon_core.environment:checking '/home/jeffreyjene/robot_ws/install/ldlidar_stl_ros2/bin'
[2.550s] Level 1:colcon.colcon_core.environment:checking '/home/jeffreyjene/robot_ws/install/ldlidar_stl_ros2/lib/pkgconfig/ldlidar_stl_ros2.pc'
[2.550s] Level 1:colcon.colcon_core.environment:checking '/home/jeffreyjene/robot_ws/install/ldlidar_stl_ros2/lib/python3.12/site-packages'
[2.551s] Level 1:colcon.colcon_core.environment:checking '/home/jeffreyjene/robot_ws/install/ldlidar_stl_ros2/bin'
[2.551s] INFO:colcon.colcon_core.shell:Creating package script '/home/jeffreyjene/robot_ws/install/ldlidar_stl_ros2/share/ldlidar_stl_ros2/package.ps1'
[2.555s] INFO:colcon.colcon_core.shell:Creating package descriptor '/home/jeffreyjene/robot_ws/install/ldlidar_stl_ros2/share/ldlidar_stl_ros2/package.dsv'
[2.565s] INFO:colcon.colcon_core.shell:Creating package script '/home/jeffreyjene/robot_ws/install/ldlidar_stl_ros2/share/ldlidar_stl_ros2/package.sh'
[2.566s] INFO:colcon.colcon_core.shell:Creating package script '/home/jeffreyjene/robot_ws/install/ldlidar_stl_ros2/share/ldlidar_stl_ros2/package.bash'
[2.567s] INFO:colcon.colcon_core.shell:Creating package script '/home/jeffreyjene/robot_ws/install/ldlidar_stl_ros2/share/ldlidar_stl_ros2/package.zsh'
[2.571s] Level 1:colcon.colcon_core.environment:create_file_with_runtime_dependencies(/home/jeffreyjene/robot_ws/install/ldlidar_stl_ros2/share/colcon-core/packages/ldlidar_stl_ros2)
[2.573s] Level 1:colcon.colcon_core.environment:create_environment_scripts_only(ldlidar_stl_ros2)
[2.573s] Level 1:colcon.colcon_core.environment:checking '/home/jeffreyjene/robot_ws/install/ldlidar_stl_ros2' for CMake module files
[2.574s] Level 1:colcon.colcon_core.environment:checking '/home/jeffreyjene/robot_ws/install/ldlidar_stl_ros2' for CMake config files
[2.575s] Level 1:colcon.colcon_core.shell:create_environment_hook('ldlidar_stl_ros2', 'cmake_prefix_path')
[2.575s] INFO:colcon.colcon_core.shell:Creating environment hook '/home/jeffreyjene/robot_ws/install/ldlidar_stl_ros2/share/ldlidar_stl_ros2/hook/cmake_prefix_path.ps1'
[2.580s] INFO:colcon.colcon_core.shell:Creating environment descriptor '/home/jeffreyjene/robot_ws/install/ldlidar_stl_ros2/share/ldlidar_stl_ros2/hook/cmake_prefix_path.dsv'
[2.582s] INFO:colcon.colcon_core.shell:Creating environment hook '/home/jeffreyjene/robot_ws/install/ldlidar_stl_ros2/share/ldlidar_stl_ros2/hook/cmake_prefix_path.sh'
[2.583s] Level 1:colcon.colcon_core.environment:checking '/home/jeffreyjene/robot_ws/install/ldlidar_stl_ros2/lib'
[2.583s] Level 1:colcon.colcon_core.environment:checking '/home/jeffreyjene/robot_ws/install/ldlidar_stl_ros2/bin'
[2.583s] Level 1:colcon.colcon_core.environment:checking '/home/jeffreyjene/robot_ws/install/ldlidar_stl_ros2/lib/pkgconfig/ldlidar_stl_ros2.pc'
[2.584s] Level 1:colcon.colcon_core.environment:checking '/home/jeffreyjene/robot_ws/install/ldlidar_stl_ros2/lib/python3.12/site-packages'
[2.589s] Level 1:colcon.colcon_core.environment:checking '/home/jeffreyjene/robot_ws/install/ldlidar_stl_ros2/bin'
[2.589s] INFO:colcon.colcon_core.shell:Creating package script '/home/jeffreyjene/robot_ws/install/ldlidar_stl_ros2/share/ldlidar_stl_ros2/package.ps1'
[2.590s] INFO:colcon.colcon_core.shell:Creating package descriptor '/home/jeffreyjene/robot_ws/install/ldlidar_stl_ros2/share/ldlidar_stl_ros2/package.dsv'
[2.596s] INFO:colcon.colcon_core.shell:Creating package script '/home/jeffreyjene/robot_ws/install/ldlidar_stl_ros2/share/ldlidar_stl_ros2/package.sh'
[2.597s] INFO:colcon.colcon_core.shell:Creating package script '/home/jeffreyjene/robot_ws/install/ldlidar_stl_ros2/share/ldlidar_stl_ros2/package.bash'
[2.602s] INFO:colcon.colcon_core.shell:Creating package script '/home/jeffreyjene/robot_ws/install/ldlidar_stl_ros2/share/ldlidar_stl_ros2/package.zsh'
[2.603s] Level 1:colcon.colcon_core.environment:create_file_with_runtime_dependencies(/home/jeffreyjene/robot_ws/install/ldlidar_stl_ros2/share/colcon-core/packages/ldlidar_stl_ros2)
[3.335s] DEBUG:colcon.colcon_core.event_handler.log_command:Invoking command in '/home/jeffreyjene/robot_ws/src/bringup': DEBUGINFOD_URLS=https://debuginfod.ubuntu.com PYTHONPATH=/home/jeffreyjene/robot_ws/build/bringup/prefix_override:/usr/lib/python3/dist-packages/colcon_core/task/python/colcon_distutils_commands:/home/jeffreyjene/robot_ws/install/bringup/lib/python3.12/site-packages:${PYTHONPATH} /usr/bin/python3 -W ignore:setup.py install is deprecated -W ignore:easy_install command is deprecated setup.py egg_info --egg-base ../../build/bringup build --build-base /home/jeffreyjene/robot_ws/build/bringup/build install --record /home/jeffreyjene/robot_ws/build/bringup/install.log --single-version-externally-managed install_data
[3.477s] DEBUG:colcon.colcon_core.event_handler.log_command:Invoking command in '/home/jeffreyjene/robot_ws/src/control': DEBUGINFOD_URLS=https://debuginfod.ubuntu.com PYTHONPATH=/home/jeffreyjene/robot_ws/build/control/prefix_override:/usr/lib/python3/dist-packages/colcon_core/task/python/colcon_distutils_commands:/home/jeffreyjene/robot_ws/install/control/lib/python3.12/site-packages:${PYTHONPATH} /usr/bin/python3 -W ignore:setup.py install is deprecated -W ignore:easy_install command is deprecated setup.py egg_info --egg-base ../../build/control build --build-base /home/jeffreyjene/robot_ws/build/control/build install --record /home/jeffreyjene/robot_ws/build/control/install.log --single-version-externally-managed install_data
[3.578s] DEBUG:colcon.colcon_core.event_handler.log_command:Invoking command in '/home/jeffreyjene/robot_ws/src/description': DEBUGINFOD_URLS=https://debuginfod.ubuntu.com PYTHONPATH=/home/jeffreyjene/robot_ws/build/description/prefix_override:/usr/lib/python3/dist-packages/colcon_core/task/python/colcon_distutils_commands:/home/jeffreyjene/robot_ws/install/description/lib/python3.12/site-packages:${PYTHONPATH} /usr/bin/python3 -W ignore:setup.py install is deprecated -W ignore:easy_install command is deprecated setup.py egg_info --egg-base ../../build/description build --build-base /home/jeffreyjene/robot_ws/build/description/build install --record /home/jeffreyjene/robot_ws/build/description/install.log --single-version-externally-managed install_data
[4.475s] Level 1:colcon.colcon_core.environment:checking '/home/jeffreyjene/robot_ws/install/bringup' for CMake module files
[4.476s] DEBUG:colcon.colcon_core.event_handler.log_command:Invoked command in '/home/jeffreyjene/robot_ws/src/bringup' returned '0': DEBUGINFOD_URLS=https://debuginfod.ubuntu.com PYTHONPATH=/home/jeffreyjene/robot_ws/build/bringup/prefix_override:/usr/lib/python3/dist-packages/colcon_core/task/python/colcon_distutils_commands:/home/jeffreyjene/robot_ws/install/bringup/lib/python3.12/site-packages:${PYTHONPATH} /usr/bin/python3 -W ignore:setup.py install is deprecated -W ignore:easy_install command is deprecated setup.py egg_info --egg-base ../../build/bringup build --build-base /home/jeffreyjene/robot_ws/build/bringup/build install --record /home/jeffreyjene/robot_ws/build/bringup/install.log --single-version-externally-managed install_data
[4.476s] Level 1:colcon.colcon_core.environment:checking '/home/jeffreyjene/robot_ws/install/bringup' for CMake config files
[4.477s] Level 1:colcon.colcon_core.environment:checking '/home/jeffreyjene/robot_ws/install/bringup/lib'
[4.477s] Level 1:colcon.colcon_core.environment:checking '/home/jeffreyjene/robot_ws/install/bringup/bin'
[4.478s] Level 1:colcon.colcon_core.environment:checking '/home/jeffreyjene/robot_ws/install/bringup/lib/pkgconfig/bringup.pc'
[4.478s] Level 1:colcon.colcon_core.environment:checking '/home/jeffreyjene/robot_ws/install/bringup/lib/python3.12/site-packages'
[4.478s] Level 1:colcon.colcon_core.shell:create_environment_hook('bringup', 'pythonpath')
[4.479s] INFO:colcon.colcon_core.shell:Creating environment hook '/home/jeffreyjene/robot_ws/install/bringup/share/bringup/hook/pythonpath.ps1'
[4.480s] INFO:colcon.colcon_core.shell:Creating environment descriptor '/home/jeffreyjene/robot_ws/install/bringup/share/bringup/hook/pythonpath.dsv'
[4.486s] INFO:colcon.colcon_core.shell:Creating environment hook '/home/jeffreyjene/robot_ws/install/bringup/share/bringup/hook/pythonpath.sh'
[4.488s] Level 1:colcon.colcon_core.environment:checking '/home/jeffreyjene/robot_ws/install/bringup/bin'
[4.488s] Level 1:colcon.colcon_core.environment:create_environment_scripts_only(bringup)
[4.488s] INFO:colcon.colcon_core.shell:Creating package script '/home/jeffreyjene/robot_ws/install/bringup/share/bringup/package.ps1'
[4.489s] INFO:colcon.colcon_core.shell:Creating package descriptor '/home/jeffreyjene/robot_ws/install/bringup/share/bringup/package.dsv'
[4.490s] INFO:colcon.colcon_core.shell:Creating package script '/home/jeffreyjene/robot_ws/install/bringup/share/bringup/package.sh'
[4.491s] INFO:colcon.colcon_core.shell:Creating package script '/home/jeffreyjene/robot_ws/install/bringup/share/bringup/package.bash'
[4.492s] INFO:colcon.colcon_core.shell:Creating package script '/home/jeffreyjene/robot_ws/install/bringup/share/bringup/package.zsh'
[4.493s] Level 1:colcon.colcon_core.environment:create_file_with_runtime_dependencies(/home/jeffreyjene/robot_ws/install/bringup/share/colcon-core/packages/bringup)
[4.533s] Level 1:colcon.colcon_core.environment:checking '/home/jeffreyjene/robot_ws/install/control' for CMake module files
[4.534s] DEBUG:colcon.colcon_core.event_handler.log_command:Invoked command in '/home/jeffreyjene/robot_ws/src/control' returned '0': DEBUGINFOD_URLS=https://debuginfod.ubuntu.com PYTHONPATH=/home/jeffreyjene/robot_ws/build/control/prefix_override:/usr/lib/python3/dist-packages/colcon_core/task/python/colcon_distutils_commands:/home/jeffreyjene/robot_ws/install/control/lib/python3.12/site-packages:${PYTHONPATH} /usr/bin/python3 -W ignore:setup.py install is deprecated -W ignore:easy_install command is deprecated setup.py egg_info --egg-base ../../build/control build --build-base /home/jeffreyjene/robot_ws/build/control/build install --record /home/jeffreyjene/robot_ws/build/control/install.log --single-version-externally-managed install_data
[4.534s] Level 1:colcon.colcon_core.environment:checking '/home/jeffreyjene/robot_ws/install/control' for CMake config files
[4.535s] Level 1:colcon.colcon_core.environment:checking '/home/jeffreyjene/robot_ws/install/control/lib'
[4.535s] Level 1:colcon.colcon_core.environment:checking '/home/jeffreyjene/robot_ws/install/control/bin'
[4.535s] Level 1:colcon.colcon_core.environment:checking '/home/jeffreyjene/robot_ws/install/control/lib/pkgconfig/control.pc'
[4.536s] Level 1:colcon.colcon_core.environment:checking '/home/jeffreyjene/robot_ws/install/control/lib/python3.12/site-packages'
[4.536s] Level 1:colcon.colcon_core.shell:create_environment_hook('control', 'pythonpath')
[4.536s] INFO:colcon.colcon_core.shell:Creating environment hook '/home/jeffreyjene/robot_ws/install/control/share/control/hook/pythonpath.ps1'
[4.537s] INFO:colcon.colcon_core.shell:Creating environment descriptor '/home/jeffreyjene/robot_ws/install/control/share/control/hook/pythonpath.dsv'
[4.538s] INFO:colcon.colcon_core.shell:Creating environment hook '/home/jeffreyjene/robot_ws/install/control/share/control/hook/pythonpath.sh'
[4.540s] Level 1:colcon.colcon_core.environment:checking '/home/jeffreyjene/robot_ws/install/control/bin'
[4.540s] Level 1:colcon.colcon_core.environment:create_environment_scripts_only(control)
[4.540s] INFO:colcon.colcon_core.shell:Creating package script '/home/jeffreyjene/robot_ws/install/control/share/control/package.ps1'
[4.541s] INFO:colcon.colcon_core.shell:Creating package descriptor '/home/jeffreyjene/robot_ws/install/control/share/control/package.dsv'
[4.542s] INFO:colcon.colcon_core.shell:Creating package script '/home/jeffreyjene/robot_ws/install/control/share/control/package.sh'
[4.543s] INFO:colcon.colcon_core.shell:Creating package script '/home/jeffreyjene/robot_ws/install/control/share/control/package.bash'
[4.544s] INFO:colcon.colcon_core.shell:Creating package script '/home/jeffreyjene/robot_ws/install/control/share/control/package.zsh'
[4.545s] Level 1:colcon.colcon_core.environment:create_file_with_runtime_dependencies(/home/jeffreyjene/robot_ws/install/control/share/colcon-core/packages/control)
[4.605s] Level 1:colcon.colcon_core.environment:checking '/home/jeffreyjene/robot_ws/install/description' for CMake module files
[4.606s] DEBUG:colcon.colcon_core.event_handler.log_command:Invoked command in '/home/jeffreyjene/robot_ws/src/description' returned '0': DEBUGINFOD_URLS=https://debuginfod.ubuntu.com PYTHONPATH=/home/jeffreyjene/robot_ws/build/description/prefix_override:/usr/lib/python3/dist-packages/colcon_core/task/python/colcon_distutils_commands:/home/jeffreyjene/robot_ws/install/description/lib/python3.12/site-packages:${PYTHONPATH} /usr/bin/python3 -W ignore:setup.py install is deprecated -W ignore:easy_install command is deprecated setup.py egg_info --egg-base ../../build/description build --build-base /home/jeffreyjene/robot_ws/build/description/build install --record /home/jeffreyjene/robot_ws/build/description/install.log --single-version-externally-managed install_data
[4.606s] Level 1:colcon.colcon_core.environment:checking '/home/jeffreyjene/robot_ws/install/description' for CMake config files
[4.607s] Level 1:colcon.colcon_core.environment:checking '/home/jeffreyjene/robot_ws/install/description/lib'
[4.607s] Level 1:colcon.colcon_core.environment:checking '/home/jeffreyjene/robot_ws/install/description/bin'
[4.607s] Level 1:colcon.colcon_core.environment:checking '/home/jeffreyjene/robot_ws/install/description/lib/pkgconfig/description.pc'
[4.608s] Level 1:colcon.colcon_core.environment:checking '/home/jeffreyjene/robot_ws/install/description/lib/python3.12/site-packages'
[4.608s] Level 1:colcon.colcon_core.shell:create_environment_hook('description', 'pythonpath')
[4.608s] INFO:colcon.colcon_core.shell:Creating environment hook '/home/jeffreyjene/robot_ws/install/description/share/description/hook/pythonpath.ps1'
[4.609s] INFO:colcon.colcon_core.shell:Creating environment descriptor '/home/jeffreyjene/robot_ws/install/description/share/description/hook/pythonpath.dsv'
[4.615s] INFO:colcon.colcon_core.shell:Creating environment hook '/home/jeffreyjene/robot_ws/install/description/share/description/hook/pythonpath.sh'
[4.617s] Level 1:colcon.colcon_core.environment:checking '/home/jeffreyjene/robot_ws/install/description/bin'
[4.617s] Level 1:colcon.colcon_core.environment:create_environment_scripts_only(description)
[4.617s] INFO:colcon.colcon_core.shell:Creating package script '/home/jeffreyjene/robot_ws/install/description/share/description/package.ps1'
[4.618s] INFO:colcon.colcon_core.shell:Creating package descriptor '/home/jeffreyjene/robot_ws/install/description/share/description/package.dsv'
[4.620s] INFO:colcon.colcon_core.shell:Creating package script '/home/jeffreyjene/robot_ws/install/description/share/description/package.sh'
[4.621s] INFO:colcon.colcon_core.shell:Creating package script '/home/jeffreyjene/robot_ws/install/description/share/description/package.bash'
[4.622s] INFO:colcon.colcon_core.shell:Creating package script '/home/jeffreyjene/robot_ws/install/description/share/description/package.zsh'
[4.623s] Level 1:colcon.colcon_core.environment:create_file_with_runtime_dependencies(/home/jeffreyjene/robot_ws/install/description/share/colcon-core/packages/description)
[4.624s] DEBUG:colcon.colcon_parallel_executor.executor.parallel:closing loop
[4.625s] DEBUG:colcon.colcon_parallel_executor.executor.parallel:loop closed
[4.625s] DEBUG:colcon.colcon_parallel_executor.executor.parallel:run_until_complete finished with '0'
[4.626s] DEBUG:colcon.colcon_core.event_reactor:joining thread
[4.635s] INFO:colcon.colcon_core.plugin_system:Skipping extension 'colcon_notification.desktop_notification.terminal_notifier': Not used on non-Darwin systems
[4.635s] INFO:colcon.colcon_core.plugin_system:Skipping extension 'colcon_notification.desktop_notification.win32': Not used on non-Windows systems
[4.635s] INFO:colcon.colcon_notification.desktop_notification:Sending desktop notification using 'notify2'
[4.655s] DEBUG:colcon.colcon_core.event_reactor:joined thread
[4.655s] INFO:colcon.colcon_core.shell:Creating prefix script '/home/jeffreyjene/robot_ws/install/local_setup.ps1'
[4.657s] INFO:colcon.colcon_core.shell:Creating prefix util module '/home/jeffreyjene/robot_ws/install/_local_setup_util_ps1.py'
[4.663s] INFO:colcon.colcon_core.shell:Creating prefix chain script '/home/jeffreyjene/robot_ws/install/setup.ps1'
[4.666s] INFO:colcon.colcon_core.shell:Creating prefix script '/home/jeffreyjene/robot_ws/install/local_setup.sh'
[4.667s] INFO:colcon.colcon_core.shell:Creating prefix util module '/home/jeffreyjene/robot_ws/install/_local_setup_util_sh.py'
[4.668s] INFO:colcon.colcon_core.shell:Creating prefix chain script '/home/jeffreyjene/robot_ws/install/setup.sh'
[4.671s] INFO:colcon.colcon_core.shell:Creating prefix script '/home/jeffreyjene/robot_ws/install/local_setup.bash'
[4.673s] INFO:colcon.colcon_core.shell:Creating prefix chain script '/home/jeffreyjene/robot_ws/install/setup.bash'
[4.674s] INFO:colcon.colcon_core.shell:Creating prefix script '/home/jeffreyjene/robot_ws/install/local_setup.zsh'
[4.675s] INFO:colcon.colcon_core.shell:Creating prefix chain script '/home/jeffreyjene/robot_ws/install/setup.zsh'
