[2.051s] Invoking command in '/home/jeffreyjene/robot_ws/src/bringup': DEBUGINFOD_URLS=https://debuginfod.ubuntu.com PYTHONPATH=/home/jeffreyjene/robot_ws/build/bringup/prefix_override:/usr/lib/python3/dist-packages/colcon_core/task/python/colcon_distutils_commands:/home/jeffreyjene/robot_ws/install/bringup/lib/python3.12/site-packages:${PYTHONPATH} /usr/bin/python3 -W ignore:setup.py install is deprecated -W ignore:easy_install command is deprecated setup.py egg_info --egg-base ../../build/bringup build --build-base /home/jeffreyjene/robot_ws/build/bringup/build install --record /home/jeffreyjene/robot_ws/build/bringup/install.log --single-version-externally-managed install_data
[2.465s] running egg_info
[2.466s] creating ../../build/bringup/bringup.egg-info
[2.490s] writing ../../build/bringup/bringup.egg-info/PKG-INFO
[2.492s] writing dependency_links to ../../build/bringup/bringup.egg-info/dependency_links.txt
[2.493s] writing requirements to ../../build/bringup/bringup.egg-info/requires.txt
[2.494s] writing top-level names to ../../build/bringup/bringup.egg-info/top_level.txt
[2.494s] writing manifest file '../../build/bringup/bringup.egg-info/SOURCES.txt'
[2.545s] reading manifest file '../../build/bringup/bringup.egg-info/SOURCES.txt'
[2.547s] writing manifest file '../../build/bringup/bringup.egg-info/SOURCES.txt'
[2.548s] running build
[2.548s] running build_py
[2.548s] creating /home/jeffreyjene/robot_ws/build/bringup/build
[2.548s] creating /home/jeffreyjene/robot_ws/build/bringup/build/lib
[2.548s] creating /home/jeffreyjene/robot_ws/build/bringup/build/lib/bringup
[2.548s] copying bringup/__init__.py -> /home/jeffreyjene/robot_ws/build/bringup/build/lib/bringup
[2.548s] running install
[2.558s] running install_lib
[2.587s] creating /home/jeffreyjene/robot_ws/install/bringup/lib/python3.12/site-packages/bringup
[2.587s] copying /home/jeffreyjene/robot_ws/build/bringup/build/lib/bringup/__init__.py -> /home/jeffreyjene/robot_ws/install/bringup/lib/python3.12/site-packages/bringup
[2.588s] byte-compiling /home/jeffreyjene/robot_ws/install/bringup/lib/python3.12/site-packages/bringup/__init__.py to __init__.cpython-312.pyc
[2.589s] running install_data
[2.589s] creating /home/jeffreyjene/robot_ws/install/bringup/share/ament_index
[2.590s] creating /home/jeffreyjene/robot_ws/install/bringup/share/ament_index/resource_index
[2.590s] creating /home/jeffreyjene/robot_ws/install/bringup/share/ament_index/resource_index/packages
[2.591s] copying resource/bringup -> /home/jeffreyjene/robot_ws/install/bringup/share/ament_index/resource_index/packages
[2.591s] copying package.xml -> /home/jeffreyjene/robot_ws/install/bringup/share/bringup
[2.592s] running install_egg_info
[2.618s] Copying ../../build/bringup/bringup.egg-info to /home/jeffreyjene/robot_ws/install/bringup/lib/python3.12/site-packages/bringup-0.0.0-py3.12.egg-info
[2.620s] running install_scripts
[2.815s] writing list of installed files to '/home/jeffreyjene/robot_ws/build/bringup/install.log'
[2.939s] Invoked command in '/home/jeffreyjene/robot_ws/src/bringup' returned '0': DEBUGINFOD_URLS=https://debuginfod.ubuntu.com PYTHONPATH=/home/jeffreyjene/robot_ws/build/bringup/prefix_override:/usr/lib/python3/dist-packages/colcon_core/task/python/colcon_distutils_commands:/home/jeffreyjene/robot_ws/install/bringup/lib/python3.12/site-packages:${PYTHONPATH} /usr/bin/python3 -W ignore:setup.py install is deprecated -W ignore:easy_install command is deprecated setup.py egg_info --egg-base ../../build/bringup build --build-base /home/jeffreyjene/robot_ws/build/bringup/build install --record /home/jeffreyjene/robot_ws/build/bringup/install.log --single-version-externally-managed install_data
