[0.146s] DEBUG:colcon:Command line arguments: ['/usr/bin/colcon', 'build']
[0.146s] DEBUG:colcon:Parsed command line arguments: Namespace(log_base=None, log_level=None, verb_name='build', build_base='build', install_base='install', merge_install=False, symlink_install=False, test_result_base=None, continue_on_error=False, executor='parallel', parallel_workers=4, event_handlers=None, ignore_user_meta=False, metas=['./colcon.meta'], base_paths=['.'], packages_ignore=None, packages_ignore_regex=None, paths=None, packages_up_to=None, packages_up_to_regex=None, packages_above=None, packages_above_and_dependencies=None, packages_above_depth=None, packages_select_by_dep=None, packages_skip_by_dep=None, packages_skip_up_to=None, packages_select_build_failed=False, packages_skip_build_finished=False, packages_select_test_failures=False, packages_skip_test_passed=False, packages_select=None, packages_skip=None, packages_select_regex=None, packages_skip_regex=None, packages_start=None, packages_end=None, allow_overriding=[], cmake_args=None, cmake_target=None, cmake_target_skip_unavailable=False, cmake_clean_cache=False, cmake_clean_first=False, cmake_force_configure=False, ament_cmake_args=None, catkin_cmake_args=None, catkin_skip_building_tests=False, mixin_files=None, mixin=None, verb_parser=<colcon_mixin.mixin.mixin_argument.MixinArgumentDecorator object at 0xffffa62dbd70>, verb_extension=<colcon_core.verb.build.BuildVerb object at 0xffffa64c05c0>, main=<bound method BuildVerb.main of <colcon_core.verb.build.BuildVerb object at 0xffffa64c05c0>>, mixin_verb=('build',))
[0.203s] Level 1:colcon.colcon_core.package_discovery:discover_packages(colcon_meta) check parameters
[0.203s] Level 1:colcon.colcon_core.package_discovery:discover_packages(recursive) check parameters
[0.203s] Level 1:colcon.colcon_core.package_discovery:discover_packages(ignore) check parameters
[0.203s] Level 1:colcon.colcon_core.package_discovery:discover_packages(path) check parameters
[0.203s] Level 1:colcon.colcon_core.package_discovery:discover_packages(colcon_meta) discover
[0.203s] Level 1:colcon.colcon_core.package_discovery:discover_packages(recursive) discover
[0.203s] INFO:colcon.colcon_core.package_discovery:Crawling recursively for packages in '/home/jeffreyjene/robot_ws'
[0.203s] Level 1:colcon.colcon_core.package_identification:_identify(.) by extensions ['ignore', 'ignore_ament_install']
[0.203s] Level 1:colcon.colcon_core.package_identification:_identify(.) by extension 'ignore'
[0.204s] Level 1:colcon.colcon_core.package_identification:_identify(.) by extension 'ignore_ament_install'
[0.204s] Level 1:colcon.colcon_core.package_identification:_identify(.) by extensions ['colcon_pkg']
[0.204s] Level 1:colcon.colcon_core.package_identification:_identify(.) by extension 'colcon_pkg'
[0.204s] Level 1:colcon.colcon_core.package_identification:_identify(.) by extensions ['colcon_meta']
[0.204s] Level 1:colcon.colcon_core.package_identification:_identify(.) by extension 'colcon_meta'
[0.204s] Level 1:colcon.colcon_core.package_identification:_identify(.) by extensions ['ros']
[0.204s] Level 1:colcon.colcon_core.package_identification:_identify(.) by extension 'ros'
[0.243s] Level 1:colcon.colcon_core.package_identification:_identify(.) by extensions ['cmake', 'python']
[0.243s] Level 1:colcon.colcon_core.package_identification:_identify(.) by extension 'cmake'
[0.243s] Level 1:colcon.colcon_core.package_identification:_identify(.) by extension 'python'
[0.243s] Level 1:colcon.colcon_core.package_identification:_identify(.) by extensions ['python_setup_py']
[0.243s] Level 1:colcon.colcon_core.package_identification:_identify(.) by extension 'python_setup_py'
[0.243s] Level 1:colcon.colcon_core.package_identification:_identify(build) by extensions ['ignore', 'ignore_ament_install']
[0.243s] Level 1:colcon.colcon_core.package_identification:_identify(build) by extension 'ignore'
[0.243s] Level 1:colcon.colcon_core.package_identification:_identify(build) ignored
[0.244s] Level 1:colcon.colcon_core.package_identification:_identify(install) by extensions ['ignore', 'ignore_ament_install']
[0.244s] Level 1:colcon.colcon_core.package_identification:_identify(install) by extension 'ignore'
[0.244s] Level 1:colcon.colcon_core.package_identification:_identify(install) ignored
[0.244s] Level 1:colcon.colcon_core.package_identification:_identify(log) by extensions ['ignore', 'ignore_ament_install']
[0.244s] Level 1:colcon.colcon_core.package_identification:_identify(log) by extension 'ignore'
[0.244s] Level 1:colcon.colcon_core.package_identification:_identify(log) ignored
[0.244s] Level 1:colcon.colcon_core.package_identification:_identify(src) by extensions ['ignore', 'ignore_ament_install']
[0.244s] Level 1:colcon.colcon_core.package_identification:_identify(src) by extension 'ignore'
[0.244s] Level 1:colcon.colcon_core.package_identification:_identify(src) by extension 'ignore_ament_install'
[0.244s] Level 1:colcon.colcon_core.package_identification:_identify(src) by extensions ['colcon_pkg']
[0.244s] Level 1:colcon.colcon_core.package_identification:_identify(src) by extension 'colcon_pkg'
[0.244s] Level 1:colcon.colcon_core.package_identification:_identify(src) by extensions ['colcon_meta']
[0.244s] Level 1:colcon.colcon_core.package_identification:_identify(src) by extension 'colcon_meta'
[0.244s] Level 1:colcon.colcon_core.package_identification:_identify(src) by extensions ['ros']
[0.245s] Level 1:colcon.colcon_core.package_identification:_identify(src) by extension 'ros'
[0.245s] Level 1:colcon.colcon_core.package_identification:_identify(src) by extensions ['cmake', 'python']
[0.245s] Level 1:colcon.colcon_core.package_identification:_identify(src) by extension 'cmake'
[0.245s] Level 1:colcon.colcon_core.package_identification:_identify(src) by extension 'python'
[0.245s] Level 1:colcon.colcon_core.package_identification:_identify(src) by extensions ['python_setup_py']
[0.245s] Level 1:colcon.colcon_core.package_identification:_identify(src) by extension 'python_setup_py'
[0.245s] Level 1:colcon.colcon_core.package_identification:_identify(src/bringup) by extensions ['ignore', 'ignore_ament_install']
[0.245s] Level 1:colcon.colcon_core.package_identification:_identify(src/bringup) by extension 'ignore'
[0.245s] Level 1:colcon.colcon_core.package_identification:_identify(src/bringup) by extension 'ignore_ament_install'
[0.245s] Level 1:colcon.colcon_core.package_identification:_identify(src/bringup) by extensions ['colcon_pkg']
[0.245s] Level 1:colcon.colcon_core.package_identification:_identify(src/bringup) by extension 'colcon_pkg'
[0.245s] Level 1:colcon.colcon_core.package_identification:_identify(src/bringup) by extensions ['colcon_meta']
[0.245s] Level 1:colcon.colcon_core.package_identification:_identify(src/bringup) by extension 'colcon_meta'
[0.245s] Level 1:colcon.colcon_core.package_identification:_identify(src/bringup) by extensions ['ros']
[0.245s] Level 1:colcon.colcon_core.package_identification:_identify(src/bringup) by extension 'ros'
[0.248s] DEBUG:colcon.colcon_core.package_identification:Package 'src/bringup' with type 'ros.ament_python' and name 'bringup'
[0.249s] Level 1:colcon.colcon_core.package_identification:_identify(src/control) by extensions ['ignore', 'ignore_ament_install']
[0.249s] Level 1:colcon.colcon_core.package_identification:_identify(src/control) by extension 'ignore'
[0.249s] Level 1:colcon.colcon_core.package_identification:_identify(src/control) by extension 'ignore_ament_install'
[0.249s] Level 1:colcon.colcon_core.package_identification:_identify(src/control) by extensions ['colcon_pkg']
[0.249s] Level 1:colcon.colcon_core.package_identification:_identify(src/control) by extension 'colcon_pkg'
[0.249s] Level 1:colcon.colcon_core.package_identification:_identify(src/control) by extensions ['colcon_meta']
[0.249s] Level 1:colcon.colcon_core.package_identification:_identify(src/control) by extension 'colcon_meta'
[0.249s] Level 1:colcon.colcon_core.package_identification:_identify(src/control) by extensions ['ros']
[0.249s] Level 1:colcon.colcon_core.package_identification:_identify(src/control) by extension 'ros'
[0.250s] DEBUG:colcon.colcon_core.package_identification:Package 'src/control' with type 'ros.ament_python' and name 'control'
[0.250s] Level 1:colcon.colcon_core.package_identification:_identify(src/description) by extensions ['ignore', 'ignore_ament_install']
[0.250s] Level 1:colcon.colcon_core.package_identification:_identify(src/description) by extension 'ignore'
[0.250s] Level 1:colcon.colcon_core.package_identification:_identify(src/description) by extension 'ignore_ament_install'
[0.250s] Level 1:colcon.colcon_core.package_identification:_identify(src/description) by extensions ['colcon_pkg']
[0.250s] Level 1:colcon.colcon_core.package_identification:_identify(src/description) by extension 'colcon_pkg'
[0.250s] Level 1:colcon.colcon_core.package_identification:_identify(src/description) by extensions ['colcon_meta']
[0.250s] Level 1:colcon.colcon_core.package_identification:_identify(src/description) by extension 'colcon_meta'
[0.250s] Level 1:colcon.colcon_core.package_identification:_identify(src/description) by extensions ['ros']
[0.250s] Level 1:colcon.colcon_core.package_identification:_identify(src/description) by extension 'ros'
[0.251s] DEBUG:colcon.colcon_core.package_identification:Package 'src/description' with type 'ros.ament_python' and name 'description'
[0.251s] Level 1:colcon.colcon_core.package_identification:_identify(src/firmware) by extensions ['ignore', 'ignore_ament_install']
[0.251s] Level 1:colcon.colcon_core.package_identification:_identify(src/firmware) by extension 'ignore'
[0.251s] Level 1:colcon.colcon_core.package_identification:_identify(src/firmware) by extension 'ignore_ament_install'
[0.251s] Level 1:colcon.colcon_core.package_identification:_identify(src/firmware) by extensions ['colcon_pkg']
[0.251s] Level 1:colcon.colcon_core.package_identification:_identify(src/firmware) by extension 'colcon_pkg'
[0.251s] Level 1:colcon.colcon_core.package_identification:_identify(src/firmware) by extensions ['colcon_meta']
[0.251s] Level 1:colcon.colcon_core.package_identification:_identify(src/firmware) by extension 'colcon_meta'
[0.251s] Level 1:colcon.colcon_core.package_identification:_identify(src/firmware) by extensions ['ros']
[0.251s] Level 1:colcon.colcon_core.package_identification:_identify(src/firmware) by extension 'ros'
[0.251s] Level 1:colcon.colcon_core.package_identification:_identify(src/firmware) by extensions ['cmake', 'python']
[0.251s] Level 1:colcon.colcon_core.package_identification:_identify(src/firmware) by extension 'cmake'
[0.251s] Level 1:colcon.colcon_core.package_identification:_identify(src/firmware) by extension 'python'
[0.251s] Level 1:colcon.colcon_core.package_identification:_identify(src/firmware) by extensions ['python_setup_py']
[0.251s] Level 1:colcon.colcon_core.package_identification:_identify(src/firmware) by extension 'python_setup_py'
[0.251s] Level 1:colcon.colcon_core.package_identification:_identify(src/ldlidar_stl_ros2) by extensions ['ignore', 'ignore_ament_install']
[0.252s] Level 1:colcon.colcon_core.package_identification:_identify(src/ldlidar_stl_ros2) by extension 'ignore'
[0.252s] Level 1:colcon.colcon_core.package_identification:_identify(src/ldlidar_stl_ros2) by extension 'ignore_ament_install'
[0.252s] Level 1:colcon.colcon_core.package_identification:_identify(src/ldlidar_stl_ros2) by extensions ['colcon_pkg']
[0.252s] Level 1:colcon.colcon_core.package_identification:_identify(src/ldlidar_stl_ros2) by extension 'colcon_pkg'
[0.252s] Level 1:colcon.colcon_core.package_identification:_identify(src/ldlidar_stl_ros2) by extensions ['colcon_meta']
[0.252s] Level 1:colcon.colcon_core.package_identification:_identify(src/ldlidar_stl_ros2) by extension 'colcon_meta'
[0.252s] Level 1:colcon.colcon_core.package_identification:_identify(src/ldlidar_stl_ros2) by extensions ['ros']
[0.252s] Level 1:colcon.colcon_core.package_identification:_identify(src/ldlidar_stl_ros2) by extension 'ros'
[0.252s] DEBUG:colcon.colcon_core.package_identification:Package 'src/ldlidar_stl_ros2' with type 'ros.ament_cmake' and name 'ldlidar_stl_ros2'
[0.253s] Level 1:colcon.colcon_core.package_discovery:discover_packages(recursive) using defaults
[0.253s] Level 1:colcon.colcon_core.package_discovery:discover_packages(ignore) discover
[0.253s] Level 1:colcon.colcon_core.package_discovery:discover_packages(ignore) using defaults
[0.253s] Level 1:colcon.colcon_core.package_discovery:discover_packages(path) discover
[0.253s] Level 1:colcon.colcon_core.package_discovery:discover_packages(path) using defaults
[0.277s] Level 1:colcon.colcon_core.package_discovery:discover_packages(prefix_path) check parameters
[0.277s] Level 1:colcon.colcon_core.package_discovery:discover_packages(prefix_path) discover
[0.279s] DEBUG:colcon.colcon_installed_package_information.package_discovery:Found 4 installed packages in /home/jeffreyjene/robot_ws/install
[0.281s] DEBUG:colcon.colcon_installed_package_information.package_discovery:Found 291 installed packages in /opt/ros/jazzy
[0.284s] Level 1:colcon.colcon_core.package_discovery:discover_packages(prefix_path) using defaults
[0.344s] Level 5:colcon.colcon_core.verb:set package 'bringup' build argument 'cmake_args' from command line to 'None'
[0.344s] Level 5:colcon.colcon_core.verb:set package 'bringup' build argument 'cmake_target' from command line to 'None'
[0.344s] Level 5:colcon.colcon_core.verb:set package 'bringup' build argument 'cmake_target_skip_unavailable' from command line to 'False'
[0.344s] Level 5:colcon.colcon_core.verb:set package 'bringup' build argument 'cmake_clean_cache' from command line to 'False'
[0.344s] Level 5:colcon.colcon_core.verb:set package 'bringup' build argument 'cmake_clean_first' from command line to 'False'
[0.344s] Level 5:colcon.colcon_core.verb:set package 'bringup' build argument 'cmake_force_configure' from command line to 'False'
[0.344s] Level 5:colcon.colcon_core.verb:set package 'bringup' build argument 'ament_cmake_args' from command line to 'None'
[0.344s] Level 5:colcon.colcon_core.verb:set package 'bringup' build argument 'catkin_cmake_args' from command line to 'None'
[0.344s] Level 5:colcon.colcon_core.verb:set package 'bringup' build argument 'catkin_skip_building_tests' from command line to 'False'
[0.344s] DEBUG:colcon.colcon_core.verb:Building package 'bringup' with the following arguments: {'ament_cmake_args': None, 'build_base': '/home/jeffreyjene/robot_ws/build/bringup', 'catkin_cmake_args': None, 'catkin_skip_building_tests': False, 'cmake_args': None, 'cmake_clean_cache': False, 'cmake_clean_first': False, 'cmake_force_configure': False, 'cmake_target': None, 'cmake_target_skip_unavailable': False, 'install_base': '/home/jeffreyjene/robot_ws/install/bringup', 'merge_install': False, 'path': '/home/jeffreyjene/robot_ws/src/bringup', 'symlink_install': False, 'test_result_base': None}
[0.345s] Level 5:colcon.colcon_core.verb:set package 'control' build argument 'cmake_args' from command line to 'None'
[0.345s] Level 5:colcon.colcon_core.verb:set package 'control' build argument 'cmake_target' from command line to 'None'
[0.345s] Level 5:colcon.colcon_core.verb:set package 'control' build argument 'cmake_target_skip_unavailable' from command line to 'False'
[0.345s] Level 5:colcon.colcon_core.verb:set package 'control' build argument 'cmake_clean_cache' from command line to 'False'
[0.345s] Level 5:colcon.colcon_core.verb:set package 'control' build argument 'cmake_clean_first' from command line to 'False'
[0.345s] Level 5:colcon.colcon_core.verb:set package 'control' build argument 'cmake_force_configure' from command line to 'False'
[0.345s] Level 5:colcon.colcon_core.verb:set package 'control' build argument 'ament_cmake_args' from command line to 'None'
[0.345s] Level 5:colcon.colcon_core.verb:set package 'control' build argument 'catkin_cmake_args' from command line to 'None'
[0.345s] Level 5:colcon.colcon_core.verb:set package 'control' build argument 'catkin_skip_building_tests' from command line to 'False'
[0.345s] DEBUG:colcon.colcon_core.verb:Building package 'control' with the following arguments: {'ament_cmake_args': None, 'build_base': '/home/jeffreyjene/robot_ws/build/control', 'catkin_cmake_args': None, 'catkin_skip_building_tests': False, 'cmake_args': None, 'cmake_clean_cache': False, 'cmake_clean_first': False, 'cmake_force_configure': False, 'cmake_target': None, 'cmake_target_skip_unavailable': False, 'install_base': '/home/jeffreyjene/robot_ws/install/control', 'merge_install': False, 'path': '/home/jeffreyjene/robot_ws/src/control', 'symlink_install': False, 'test_result_base': None}
[0.345s] Level 5:colcon.colcon_core.verb:set package 'description' build argument 'cmake_args' from command line to 'None'
[0.345s] Level 5:colcon.colcon_core.verb:set package 'description' build argument 'cmake_target' from command line to 'None'
[0.346s] Level 5:colcon.colcon_core.verb:set package 'description' build argument 'cmake_target_skip_unavailable' from command line to 'False'
[0.346s] Level 5:colcon.colcon_core.verb:set package 'description' build argument 'cmake_clean_cache' from command line to 'False'
[0.346s] Level 5:colcon.colcon_core.verb:set package 'description' build argument 'cmake_clean_first' from command line to 'False'
[0.346s] Level 5:colcon.colcon_core.verb:set package 'description' build argument 'cmake_force_configure' from command line to 'False'
[0.346s] Level 5:colcon.colcon_core.verb:set package 'description' build argument 'ament_cmake_args' from command line to 'None'
[0.346s] Level 5:colcon.colcon_core.verb:set package 'description' build argument 'catkin_cmake_args' from command line to 'None'
[0.346s] Level 5:colcon.colcon_core.verb:set package 'description' build argument 'catkin_skip_building_tests' from command line to 'False'
[0.346s] DEBUG:colcon.colcon_core.verb:Building package 'description' with the following arguments: {'ament_cmake_args': None, 'build_base': '/home/jeffreyjene/robot_ws/build/description', 'catkin_cmake_args': None, 'catkin_skip_building_tests': False, 'cmake_args': None, 'cmake_clean_cache': False, 'cmake_clean_first': False, 'cmake_force_configure': False, 'cmake_target': None, 'cmake_target_skip_unavailable': False, 'install_base': '/home/jeffreyjene/robot_ws/install/description', 'merge_install': False, 'path': '/home/jeffreyjene/robot_ws/src/description', 'symlink_install': False, 'test_result_base': None}
[0.346s] Level 5:colcon.colcon_core.verb:set package 'ldlidar_stl_ros2' build argument 'cmake_args' from command line to 'None'
[0.346s] Level 5:colcon.colcon_core.verb:set package 'ldlidar_stl_ros2' build argument 'cmake_target' from command line to 'None'
[0.346s] Level 5:colcon.colcon_core.verb:set package 'ldlidar_stl_ros2' build argument 'cmake_target_skip_unavailable' from command line to 'False'
[0.346s] Level 5:colcon.colcon_core.verb:set package 'ldlidar_stl_ros2' build argument 'cmake_clean_cache' from command line to 'False'
[0.346s] Level 5:colcon.colcon_core.verb:set package 'ldlidar_stl_ros2' build argument 'cmake_clean_first' from command line to 'False'
[0.346s] Level 5:colcon.colcon_core.verb:set package 'ldlidar_stl_ros2' build argument 'cmake_force_configure' from command line to 'False'
[0.346s] Level 5:colcon.colcon_core.verb:set package 'ldlidar_stl_ros2' build argument 'ament_cmake_args' from command line to 'None'
[0.346s] Level 5:colcon.colcon_core.verb:set package 'ldlidar_stl_ros2' build argument 'catkin_cmake_args' from command line to 'None'
[0.346s] Level 5:colcon.colcon_core.verb:set package 'ldlidar_stl_ros2' build argument 'catkin_skip_building_tests' from command line to 'False'
[0.346s] DEBUG:colcon.colcon_core.verb:Building package 'ldlidar_stl_ros2' with the following arguments: {'ament_cmake_args': None, 'build_base': '/home/jeffreyjene/robot_ws/build/ldlidar_stl_ros2', 'catkin_cmake_args': None, 'catkin_skip_building_tests': False, 'cmake_args': None, 'cmake_clean_cache': False, 'cmake_clean_first': False, 'cmake_force_configure': False, 'cmake_target': None, 'cmake_target_skip_unavailable': False, 'install_base': '/home/jeffreyjene/robot_ws/install/ldlidar_stl_ros2', 'merge_install': False, 'path': '/home/jeffreyjene/robot_ws/src/ldlidar_stl_ros2', 'symlink_install': False, 'test_result_base': None}
[0.346s] INFO:colcon.colcon_core.executor:Executing jobs using 'parallel' executor
[0.348s] DEBUG:colcon.colcon_parallel_executor.executor.parallel:run_until_complete
[0.348s] INFO:colcon.colcon_ros.task.ament_python.build:Building ROS package in '/home/jeffreyjene/robot_ws/src/bringup' with build type 'ament_python'
[0.348s] Level 1:colcon.colcon_core.shell:create_environment_hook('bringup', 'ament_prefix_path')
[0.351s] INFO:colcon.colcon_core.plugin_system:Skipping extension 'colcon_core.shell.bat': Not used on non-Windows systems
[0.351s] INFO:colcon.colcon_core.shell:Creating environment hook '/home/jeffreyjene/robot_ws/install/bringup/share/bringup/hook/ament_prefix_path.ps1'
[0.352s] INFO:colcon.colcon_core.shell:Creating environment descriptor '/home/jeffreyjene/robot_ws/install/bringup/share/bringup/hook/ament_prefix_path.dsv'
[0.358s] INFO:colcon.colcon_core.shell:Creating environment hook '/home/jeffreyjene/robot_ws/install/bringup/share/bringup/hook/ament_prefix_path.sh'
[0.359s] INFO:colcon.colcon_core.shell:Skip shell extension 'powershell' for command environment: Not usable outside of PowerShell
[0.359s] DEBUG:colcon.colcon_core.shell:Skip shell extension 'dsv' for command environment
[0.364s] INFO:colcon.colcon_ros.task.ament_python.build:Building ROS package in '/home/jeffreyjene/robot_ws/src/control' with build type 'ament_python'
[0.365s] Level 1:colcon.colcon_core.shell:create_environment_hook('control', 'ament_prefix_path')
[0.365s] INFO:colcon.colcon_core.shell:Creating environment hook '/home/jeffreyjene/robot_ws/install/control/share/control/hook/ament_prefix_path.ps1'
[0.366s] INFO:colcon.colcon_core.shell:Creating environment descriptor '/home/jeffreyjene/robot_ws/install/control/share/control/hook/ament_prefix_path.dsv'
[0.367s] INFO:colcon.colcon_core.shell:Creating environment hook '/home/jeffreyjene/robot_ws/install/control/share/control/hook/ament_prefix_path.sh'
[0.368s] INFO:colcon.colcon_core.shell:Skip shell extension 'powershell' for command environment: Not usable outside of PowerShell
[0.368s] DEBUG:colcon.colcon_core.shell:Skip shell extension 'dsv' for command environment
[0.373s] INFO:colcon.colcon_ros.task.ament_python.build:Building ROS package in '/home/jeffreyjene/robot_ws/src/description' with build type 'ament_python'
[0.373s] Level 1:colcon.colcon_core.shell:create_environment_hook('description', 'ament_prefix_path')
[0.374s] INFO:colcon.colcon_core.shell:Creating environment hook '/home/jeffreyjene/robot_ws/install/description/share/description/hook/ament_prefix_path.ps1'
[0.375s] INFO:colcon.colcon_core.shell:Creating environment descriptor '/home/jeffreyjene/robot_ws/install/description/share/description/hook/ament_prefix_path.dsv'
[0.376s] INFO:colcon.colcon_core.shell:Creating environment hook '/home/jeffreyjene/robot_ws/install/description/share/description/hook/ament_prefix_path.sh'
[0.377s] INFO:colcon.colcon_core.shell:Skip shell extension 'powershell' for command environment: Not usable outside of PowerShell
[0.377s] DEBUG:colcon.colcon_core.shell:Skip shell extension 'dsv' for command environment
[0.382s] INFO:colcon.colcon_ros.task.ament_cmake.build:Building ROS package in '/home/jeffreyjene/robot_ws/src/ldlidar_stl_ros2' with build type 'ament_cmake'
[0.382s] INFO:colcon.colcon_cmake.task.cmake.build:Building CMake package in '/home/jeffreyjene/robot_ws/src/ldlidar_stl_ros2'
[0.382s] INFO:colcon.colcon_core.shell:Skip shell extension 'powershell' for command environment: Not usable outside of PowerShell
[0.382s] DEBUG:colcon.colcon_core.shell:Skip shell extension 'dsv' for command environment
[0.719s] INFO:colcon.colcon_core.task.python.build:Building Python package in '/home/jeffreyjene/robot_ws/src/bringup'
[0.719s] INFO:colcon.colcon_core.shell:Skip shell extension 'powershell' for command environment: Not usable outside of PowerShell
[0.719s] DEBUG:colcon.colcon_core.shell:Skip shell extension 'dsv' for command environment
[1.064s] INFO:colcon.colcon_core.task.python.build:Building Python package in '/home/jeffreyjene/robot_ws/src/control'
[1.065s] INFO:colcon.colcon_core.shell:Skip shell extension 'powershell' for command environment: Not usable outside of PowerShell
[1.065s] DEBUG:colcon.colcon_core.shell:Skip shell extension 'dsv' for command environment
[1.404s] INFO:colcon.colcon_core.task.python.build:Building Python package in '/home/jeffreyjene/robot_ws/src/description'
[1.404s] INFO:colcon.colcon_core.shell:Skip shell extension 'powershell' for command environment: Not usable outside of PowerShell
[1.404s] DEBUG:colcon.colcon_core.shell:Skip shell extension 'dsv' for command environment
[1.422s] DEBUG:colcon.colcon_core.event_handler.log_command:Invoking command in '/home/jeffreyjene/robot_ws/build/ldlidar_stl_ros2': CMAKE_PREFIX_PATH=${CMAKE_PREFIX_PATH}:/home/jeffreyjene/robot_ws/install/bringup:/home/jeffreyjene/robot_ws/install/description:/home/jeffreyjene/robot_ws/install/control:/opt/ros/jazzy DEBUGINFOD_URLS=https://debuginfod.ubuntu.com /usr/bin/cmake --build /home/jeffreyjene/robot_ws/build/ldlidar_stl_ros2 -- -j4 -l4
[1.594s] DEBUG:colcon.colcon_core.event_handler.log_command:Invoked command in '/home/jeffreyjene/robot_ws/build/ldlidar_stl_ros2' returned '0': CMAKE_PREFIX_PATH=${CMAKE_PREFIX_PATH}:/home/jeffreyjene/robot_ws/install/bringup:/home/jeffreyjene/robot_ws/install/description:/home/jeffreyjene/robot_ws/install/control:/opt/ros/jazzy DEBUGINFOD_URLS=https://debuginfod.ubuntu.com /usr/bin/cmake --build /home/jeffreyjene/robot_ws/build/ldlidar_stl_ros2 -- -j4 -l4
[1.624s] DEBUG:colcon.colcon_core.event_handler.log_command:Invoking command in '/home/jeffreyjene/robot_ws/build/ldlidar_stl_ros2': CMAKE_PREFIX_PATH=${CMAKE_PREFIX_PATH}:/home/jeffreyjene/robot_ws/install/bringup:/home/jeffreyjene/robot_ws/install/description:/home/jeffreyjene/robot_ws/install/control:/opt/ros/jazzy DEBUGINFOD_URLS=https://debuginfod.ubuntu.com /usr/bin/cmake --install /home/jeffreyjene/robot_ws/build/ldlidar_stl_ros2
[1.663s] Level 1:colcon.colcon_core.environment:create_environment_scripts_only(ldlidar_stl_ros2)
[1.667s] DEBUG:colcon.colcon_core.event_handler.log_command:Invoked command in '/home/jeffreyjene/robot_ws/build/ldlidar_stl_ros2' returned '0': CMAKE_PREFIX_PATH=${CMAKE_PREFIX_PATH}:/home/jeffreyjene/robot_ws/install/bringup:/home/jeffreyjene/robot_ws/install/description:/home/jeffreyjene/robot_ws/install/control:/opt/ros/jazzy DEBUGINFOD_URLS=https://debuginfod.ubuntu.com /usr/bin/cmake --install /home/jeffreyjene/robot_ws/build/ldlidar_stl_ros2
[1.668s] Level 1:colcon.colcon_core.environment:checking '/home/jeffreyjene/robot_ws/install/ldlidar_stl_ros2' for CMake module files
[1.669s] Level 1:colcon.colcon_core.environment:checking '/home/jeffreyjene/robot_ws/install/ldlidar_stl_ros2' for CMake config files
[1.670s] Level 1:colcon.colcon_core.shell:create_environment_hook('ldlidar_stl_ros2', 'cmake_prefix_path')
[1.670s] INFO:colcon.colcon_core.shell:Creating environment hook '/home/jeffreyjene/robot_ws/install/ldlidar_stl_ros2/share/ldlidar_stl_ros2/hook/cmake_prefix_path.ps1'
[1.671s] INFO:colcon.colcon_core.shell:Creating environment descriptor '/home/jeffreyjene/robot_ws/install/ldlidar_stl_ros2/share/ldlidar_stl_ros2/hook/cmake_prefix_path.dsv'
[1.672s] INFO:colcon.colcon_core.shell:Creating environment hook '/home/jeffreyjene/robot_ws/install/ldlidar_stl_ros2/share/ldlidar_stl_ros2/hook/cmake_prefix_path.sh'
[1.673s] Level 1:colcon.colcon_core.environment:checking '/home/jeffreyjene/robot_ws/install/ldlidar_stl_ros2/lib'
[1.674s] Level 1:colcon.colcon_core.environment:checking '/home/jeffreyjene/robot_ws/install/ldlidar_stl_ros2/bin'
[1.674s] Level 1:colcon.colcon_core.environment:checking '/home/jeffreyjene/robot_ws/install/ldlidar_stl_ros2/lib/pkgconfig/ldlidar_stl_ros2.pc'
[1.674s] Level 1:colcon.colcon_core.environment:checking '/home/jeffreyjene/robot_ws/install/ldlidar_stl_ros2/lib/python3.12/site-packages'
[1.675s] Level 1:colcon.colcon_core.environment:checking '/home/jeffreyjene/robot_ws/install/ldlidar_stl_ros2/bin'
[1.676s] INFO:colcon.colcon_core.shell:Creating package script '/home/jeffreyjene/robot_ws/install/ldlidar_stl_ros2/share/ldlidar_stl_ros2/package.ps1'
[1.677s] INFO:colcon.colcon_core.shell:Creating package descriptor '/home/jeffreyjene/robot_ws/install/ldlidar_stl_ros2/share/ldlidar_stl_ros2/package.dsv'
[1.678s] INFO:colcon.colcon_core.shell:Creating package script '/home/jeffreyjene/robot_ws/install/ldlidar_stl_ros2/share/ldlidar_stl_ros2/package.sh'
[1.679s] INFO:colcon.colcon_core.shell:Creating package script '/home/jeffreyjene/robot_ws/install/ldlidar_stl_ros2/share/ldlidar_stl_ros2/package.bash'
[1.680s] INFO:colcon.colcon_core.shell:Creating package script '/home/jeffreyjene/robot_ws/install/ldlidar_stl_ros2/share/ldlidar_stl_ros2/package.zsh'
[1.681s] Level 1:colcon.colcon_core.environment:create_file_with_runtime_dependencies(/home/jeffreyjene/robot_ws/install/ldlidar_stl_ros2/share/colcon-core/packages/ldlidar_stl_ros2)
[1.683s] Level 1:colcon.colcon_core.environment:create_environment_scripts_only(ldlidar_stl_ros2)
[1.683s] Level 1:colcon.colcon_core.environment:checking '/home/jeffreyjene/robot_ws/install/ldlidar_stl_ros2' for CMake module files
[1.684s] Level 1:colcon.colcon_core.environment:checking '/home/jeffreyjene/robot_ws/install/ldlidar_stl_ros2' for CMake config files
[1.685s] Level 1:colcon.colcon_core.shell:create_environment_hook('ldlidar_stl_ros2', 'cmake_prefix_path')
[1.685s] INFO:colcon.colcon_core.shell:Creating environment hook '/home/jeffreyjene/robot_ws/install/ldlidar_stl_ros2/share/ldlidar_stl_ros2/hook/cmake_prefix_path.ps1'
[1.686s] INFO:colcon.colcon_core.shell:Creating environment descriptor '/home/jeffreyjene/robot_ws/install/ldlidar_stl_ros2/share/ldlidar_stl_ros2/hook/cmake_prefix_path.dsv'
[1.687s] INFO:colcon.colcon_core.shell:Creating environment hook '/home/jeffreyjene/robot_ws/install/ldlidar_stl_ros2/share/ldlidar_stl_ros2/hook/cmake_prefix_path.sh'
[1.688s] Level 1:colcon.colcon_core.environment:checking '/home/jeffreyjene/robot_ws/install/ldlidar_stl_ros2/lib'
[1.689s] Level 1:colcon.colcon_core.environment:checking '/home/jeffreyjene/robot_ws/install/ldlidar_stl_ros2/bin'
[1.689s] Level 1:colcon.colcon_core.environment:checking '/home/jeffreyjene/robot_ws/install/ldlidar_stl_ros2/lib/pkgconfig/ldlidar_stl_ros2.pc'
[1.689s] Level 1:colcon.colcon_core.environment:checking '/home/jeffreyjene/robot_ws/install/ldlidar_stl_ros2/lib/python3.12/site-packages'
[1.690s] Level 1:colcon.colcon_core.environment:checking '/home/jeffreyjene/robot_ws/install/ldlidar_stl_ros2/bin'
[1.690s] INFO:colcon.colcon_core.shell:Creating package script '/home/jeffreyjene/robot_ws/install/ldlidar_stl_ros2/share/ldlidar_stl_ros2/package.ps1'
[1.691s] INFO:colcon.colcon_core.shell:Creating package descriptor '/home/jeffreyjene/robot_ws/install/ldlidar_stl_ros2/share/ldlidar_stl_ros2/package.dsv'
[1.693s] INFO:colcon.colcon_core.shell:Creating package script '/home/jeffreyjene/robot_ws/install/ldlidar_stl_ros2/share/ldlidar_stl_ros2/package.sh'
[1.694s] INFO:colcon.colcon_core.shell:Creating package script '/home/jeffreyjene/robot_ws/install/ldlidar_stl_ros2/share/ldlidar_stl_ros2/package.bash'
[1.695s] INFO:colcon.colcon_core.shell:Creating package script '/home/jeffreyjene/robot_ws/install/ldlidar_stl_ros2/share/ldlidar_stl_ros2/package.zsh'
[1.697s] Level 1:colcon.colcon_core.environment:create_file_with_runtime_dependencies(/home/jeffreyjene/robot_ws/install/ldlidar_stl_ros2/share/colcon-core/packages/ldlidar_stl_ros2)
[2.440s] DEBUG:colcon.colcon_core.event_handler.log_command:Invoking command in '/home/jeffreyjene/robot_ws/src/bringup': DEBUGINFOD_URLS=https://debuginfod.ubuntu.com PYTHONPATH=/home/jeffreyjene/robot_ws/build/bringup/prefix_override:/usr/lib/python3/dist-packages/colcon_core/task/python/colcon_distutils_commands:/home/jeffreyjene/robot_ws/install/bringup/lib/python3.12/site-packages:${PYTHONPATH} /usr/bin/python3 -W ignore:setup.py install is deprecated -W ignore:easy_install command is deprecated setup.py egg_info --egg-base ../../build/bringup build --build-base /home/jeffreyjene/robot_ws/build/bringup/build install --record /home/jeffreyjene/robot_ws/build/bringup/install.log --single-version-externally-managed install_data
[2.460s] DEBUG:colcon.colcon_core.event_handler.log_command:Invoking command in '/home/jeffreyjene/robot_ws/src/control': DEBUGINFOD_URLS=https://debuginfod.ubuntu.com PYTHONPATH=/home/jeffreyjene/robot_ws/build/control/prefix_override:/usr/lib/python3/dist-packages/colcon_core/task/python/colcon_distutils_commands:/home/jeffreyjene/robot_ws/install/control/lib/python3.12/site-packages:${PYTHONPATH} /usr/bin/python3 -W ignore:setup.py install is deprecated -W ignore:easy_install command is deprecated setup.py egg_info --egg-base ../../build/control build --build-base /home/jeffreyjene/robot_ws/build/control/build install --record /home/jeffreyjene/robot_ws/build/control/install.log --single-version-externally-managed install_data
[2.521s] DEBUG:colcon.colcon_core.event_handler.log_command:Invoking command in '/home/jeffreyjene/robot_ws/src/description': DEBUGINFOD_URLS=https://debuginfod.ubuntu.com PYTHONPATH=/home/jeffreyjene/robot_ws/build/description/prefix_override:/usr/lib/python3/dist-packages/colcon_core/task/python/colcon_distutils_commands:/home/jeffreyjene/robot_ws/install/description/lib/python3.12/site-packages:${PYTHONPATH} /usr/bin/python3 -W ignore:setup.py install is deprecated -W ignore:easy_install command is deprecated setup.py egg_info --egg-base ../../build/description build --build-base /home/jeffreyjene/robot_ws/build/description/build install --record /home/jeffreyjene/robot_ws/build/description/install.log --single-version-externally-managed install_data
[3.335s] Level 1:colcon.colcon_core.environment:checking '/home/jeffreyjene/robot_ws/install/bringup' for CMake module files
[3.336s] Level 1:colcon.colcon_core.environment:checking '/home/jeffreyjene/robot_ws/install/bringup' for CMake config files
[3.337s] Level 1:colcon.colcon_core.environment:checking '/home/jeffreyjene/robot_ws/install/bringup/lib'
[3.337s] Level 1:colcon.colcon_core.environment:checking '/home/jeffreyjene/robot_ws/install/bringup/bin'
[3.337s] Level 1:colcon.colcon_core.environment:checking '/home/jeffreyjene/robot_ws/install/bringup/lib/pkgconfig/bringup.pc'
[3.338s] Level 1:colcon.colcon_core.environment:checking '/home/jeffreyjene/robot_ws/install/bringup/lib/python3.12/site-packages'
[3.338s] Level 1:colcon.colcon_core.shell:create_environment_hook('bringup', 'pythonpath')
[3.338s] INFO:colcon.colcon_core.shell:Creating environment hook '/home/jeffreyjene/robot_ws/install/bringup/share/bringup/hook/pythonpath.ps1'
[3.339s] DEBUG:colcon.colcon_core.event_handler.log_command:Invoked command in '/home/jeffreyjene/robot_ws/src/bringup' returned '0': DEBUGINFOD_URLS=https://debuginfod.ubuntu.com PYTHONPATH=/home/jeffreyjene/robot_ws/build/bringup/prefix_override:/usr/lib/python3/dist-packages/colcon_core/task/python/colcon_distutils_commands:/home/jeffreyjene/robot_ws/install/bringup/lib/python3.12/site-packages:${PYTHONPATH} /usr/bin/python3 -W ignore:setup.py install is deprecated -W ignore:easy_install command is deprecated setup.py egg_info --egg-base ../../build/bringup build --build-base /home/jeffreyjene/robot_ws/build/bringup/build install --record /home/jeffreyjene/robot_ws/build/bringup/install.log --single-version-externally-managed install_data
[3.345s] INFO:colcon.colcon_core.shell:Creating environment descriptor '/home/jeffreyjene/robot_ws/install/bringup/share/bringup/hook/pythonpath.dsv'
[3.346s] INFO:colcon.colcon_core.shell:Creating environment hook '/home/jeffreyjene/robot_ws/install/bringup/share/bringup/hook/pythonpath.sh'
[3.347s] Level 1:colcon.colcon_core.environment:checking '/home/jeffreyjene/robot_ws/install/bringup/bin'
[3.348s] Level 1:colcon.colcon_core.environment:create_environment_scripts_only(bringup)
[3.348s] INFO:colcon.colcon_core.shell:Creating package script '/home/jeffreyjene/robot_ws/install/bringup/share/bringup/package.ps1'
[3.350s] INFO:colcon.colcon_core.shell:Creating package descriptor '/home/jeffreyjene/robot_ws/install/bringup/share/bringup/package.dsv'
[3.351s] INFO:colcon.colcon_core.shell:Creating package script '/home/jeffreyjene/robot_ws/install/bringup/share/bringup/package.sh'
[3.352s] INFO:colcon.colcon_core.shell:Creating package script '/home/jeffreyjene/robot_ws/install/bringup/share/bringup/package.bash'
[3.353s] INFO:colcon.colcon_core.shell:Creating package script '/home/jeffreyjene/robot_ws/install/bringup/share/bringup/package.zsh'
[3.355s] Level 1:colcon.colcon_core.environment:create_file_with_runtime_dependencies(/home/jeffreyjene/robot_ws/install/bringup/share/colcon-core/packages/bringup)
[3.362s] Level 1:colcon.colcon_core.environment:checking '/home/jeffreyjene/robot_ws/install/control' for CMake module files
[3.363s] Level 1:colcon.colcon_core.environment:checking '/home/jeffreyjene/robot_ws/install/control' for CMake config files
[3.364s] Level 1:colcon.colcon_core.environment:checking '/home/jeffreyjene/robot_ws/install/control/lib'
[3.364s] Level 1:colcon.colcon_core.environment:checking '/home/jeffreyjene/robot_ws/install/control/bin'
[3.364s] Level 1:colcon.colcon_core.environment:checking '/home/jeffreyjene/robot_ws/install/control/lib/pkgconfig/control.pc'
[3.364s] Level 1:colcon.colcon_core.environment:checking '/home/jeffreyjene/robot_ws/install/control/lib/python3.12/site-packages'
[3.364s] Level 1:colcon.colcon_core.shell:create_environment_hook('control', 'pythonpath')
[3.365s] INFO:colcon.colcon_core.shell:Creating environment hook '/home/jeffreyjene/robot_ws/install/control/share/control/hook/pythonpath.ps1'
[3.365s] DEBUG:colcon.colcon_core.event_handler.log_command:Invoked command in '/home/jeffreyjene/robot_ws/src/control' returned '0': DEBUGINFOD_URLS=https://debuginfod.ubuntu.com PYTHONPATH=/home/jeffreyjene/robot_ws/build/control/prefix_override:/usr/lib/python3/dist-packages/colcon_core/task/python/colcon_distutils_commands:/home/jeffreyjene/robot_ws/install/control/lib/python3.12/site-packages:${PYTHONPATH} /usr/bin/python3 -W ignore:setup.py install is deprecated -W ignore:easy_install command is deprecated setup.py egg_info --egg-base ../../build/control build --build-base /home/jeffreyjene/robot_ws/build/control/build install --record /home/jeffreyjene/robot_ws/build/control/install.log --single-version-externally-managed install_data
[3.366s] INFO:colcon.colcon_core.shell:Creating environment descriptor '/home/jeffreyjene/robot_ws/install/control/share/control/hook/pythonpath.dsv'
[3.367s] INFO:colcon.colcon_core.shell:Creating environment hook '/home/jeffreyjene/robot_ws/install/control/share/control/hook/pythonpath.sh'
[3.369s] Level 1:colcon.colcon_core.environment:checking '/home/jeffreyjene/robot_ws/install/control/bin'
[3.369s] Level 1:colcon.colcon_core.environment:create_environment_scripts_only(control)
[3.370s] INFO:colcon.colcon_core.shell:Creating package script '/home/jeffreyjene/robot_ws/install/control/share/control/package.ps1'
[3.371s] INFO:colcon.colcon_core.shell:Creating package descriptor '/home/jeffreyjene/robot_ws/install/control/share/control/package.dsv'
[3.372s] INFO:colcon.colcon_core.shell:Creating package script '/home/jeffreyjene/robot_ws/install/control/share/control/package.sh'
[3.373s] INFO:colcon.colcon_core.shell:Creating package script '/home/jeffreyjene/robot_ws/install/control/share/control/package.bash'
[3.374s] INFO:colcon.colcon_core.shell:Creating package script '/home/jeffreyjene/robot_ws/install/control/share/control/package.zsh'
[3.375s] Level 1:colcon.colcon_core.environment:create_file_with_runtime_dependencies(/home/jeffreyjene/robot_ws/install/control/share/colcon-core/packages/control)
[3.430s] Level 1:colcon.colcon_core.environment:checking '/home/jeffreyjene/robot_ws/install/description' for CMake module files
[3.431s] DEBUG:colcon.colcon_core.event_handler.log_command:Invoked command in '/home/jeffreyjene/robot_ws/src/description' returned '0': DEBUGINFOD_URLS=https://debuginfod.ubuntu.com PYTHONPATH=/home/jeffreyjene/robot_ws/build/description/prefix_override:/usr/lib/python3/dist-packages/colcon_core/task/python/colcon_distutils_commands:/home/jeffreyjene/robot_ws/install/description/lib/python3.12/site-packages:${PYTHONPATH} /usr/bin/python3 -W ignore:setup.py install is deprecated -W ignore:easy_install command is deprecated setup.py egg_info --egg-base ../../build/description build --build-base /home/jeffreyjene/robot_ws/build/description/build install --record /home/jeffreyjene/robot_ws/build/description/install.log --single-version-externally-managed install_data
[3.431s] Level 1:colcon.colcon_core.environment:checking '/home/jeffreyjene/robot_ws/install/description' for CMake config files
[3.432s] Level 1:colcon.colcon_core.environment:checking '/home/jeffreyjene/robot_ws/install/description/lib'
[3.432s] Level 1:colcon.colcon_core.environment:checking '/home/jeffreyjene/robot_ws/install/description/bin'
[3.432s] Level 1:colcon.colcon_core.environment:checking '/home/jeffreyjene/robot_ws/install/description/lib/pkgconfig/description.pc'
[3.432s] Level 1:colcon.colcon_core.environment:checking '/home/jeffreyjene/robot_ws/install/description/lib/python3.12/site-packages'
[3.432s] Level 1:colcon.colcon_core.shell:create_environment_hook('description', 'pythonpath')
[3.433s] INFO:colcon.colcon_core.shell:Creating environment hook '/home/jeffreyjene/robot_ws/install/description/share/description/hook/pythonpath.ps1'
[3.433s] INFO:colcon.colcon_core.shell:Creating environment descriptor '/home/jeffreyjene/robot_ws/install/description/share/description/hook/pythonpath.dsv'
[3.439s] INFO:colcon.colcon_core.shell:Creating environment hook '/home/jeffreyjene/robot_ws/install/description/share/description/hook/pythonpath.sh'
[3.441s] Level 1:colcon.colcon_core.environment:checking '/home/jeffreyjene/robot_ws/install/description/bin'
[3.441s] Level 1:colcon.colcon_core.environment:create_environment_scripts_only(description)
[3.441s] INFO:colcon.colcon_core.shell:Creating package script '/home/jeffreyjene/robot_ws/install/description/share/description/package.ps1'
[3.442s] INFO:colcon.colcon_core.shell:Creating package descriptor '/home/jeffreyjene/robot_ws/install/description/share/description/package.dsv'
[3.442s] INFO:colcon.colcon_core.shell:Creating package script '/home/jeffreyjene/robot_ws/install/description/share/description/package.sh'
[3.443s] INFO:colcon.colcon_core.shell:Creating package script '/home/jeffreyjene/robot_ws/install/description/share/description/package.bash'
[3.444s] INFO:colcon.colcon_core.shell:Creating package script '/home/jeffreyjene/robot_ws/install/description/share/description/package.zsh'
[3.445s] Level 1:colcon.colcon_core.environment:create_file_with_runtime_dependencies(/home/jeffreyjene/robot_ws/install/description/share/colcon-core/packages/description)
[3.446s] DEBUG:colcon.colcon_parallel_executor.executor.parallel:closing loop
[3.446s] DEBUG:colcon.colcon_parallel_executor.executor.parallel:loop closed
[3.447s] DEBUG:colcon.colcon_parallel_executor.executor.parallel:run_until_complete finished with '0'
[3.447s] DEBUG:colcon.colcon_core.event_reactor:joining thread
[3.456s] INFO:colcon.colcon_core.plugin_system:Skipping extension 'colcon_notification.desktop_notification.terminal_notifier': Not used on non-Darwin systems
[3.456s] INFO:colcon.colcon_core.plugin_system:Skipping extension 'colcon_notification.desktop_notification.win32': Not used on non-Windows systems
[3.456s] INFO:colcon.colcon_notification.desktop_notification:Sending desktop notification using 'notify2'
[3.458s] DEBUG:colcon.colcon_notification.desktop_notification.notify2:Failed to initialize notify2: org.freedesktop.DBus.Error.ServiceUnknown: The name org.freedesktop.Notifications was not provided by any .service files
[3.458s] DEBUG:colcon.colcon_core.event_reactor:joined thread
[3.459s] INFO:colcon.colcon_core.shell:Creating prefix script '/home/jeffreyjene/robot_ws/install/local_setup.ps1'
[3.460s] INFO:colcon.colcon_core.shell:Creating prefix util module '/home/jeffreyjene/robot_ws/install/_local_setup_util_ps1.py'
[3.466s] INFO:colcon.colcon_core.shell:Creating prefix chain script '/home/jeffreyjene/robot_ws/install/setup.ps1'
[3.468s] INFO:colcon.colcon_core.shell:Creating prefix script '/home/jeffreyjene/robot_ws/install/local_setup.sh'
[3.468s] INFO:colcon.colcon_core.shell:Creating prefix util module '/home/jeffreyjene/robot_ws/install/_local_setup_util_sh.py'
[3.469s] INFO:colcon.colcon_core.shell:Creating prefix chain script '/home/jeffreyjene/robot_ws/install/setup.sh'
[3.471s] INFO:colcon.colcon_core.shell:Creating prefix script '/home/jeffreyjene/robot_ws/install/local_setup.bash'
[3.472s] INFO:colcon.colcon_core.shell:Creating prefix chain script '/home/jeffreyjene/robot_ws/install/setup.bash'
[3.474s] INFO:colcon.colcon_core.shell:Creating prefix script '/home/jeffreyjene/robot_ws/install/local_setup.zsh'
[3.476s] INFO:colcon.colcon_core.shell:Creating prefix chain script '/home/jeffreyjene/robot_ws/install/setup.zsh'
