[1.594s] Invoking command in '/home/jeffreyjene/robot_ws/src/navigation': DEBUGINFOD_URLS=https://debuginfod.ubuntu.com PYTHONPATH=/home/jeffreyjene/robot_ws/build/navigation/prefix_override:/usr/lib/python3/dist-packages/colcon_core/task/python/colcon_distutils_commands:/home/jeffreyjene/robot_ws/install/navigation/lib/python3.12/site-packages:${PYTHONPATH} /usr/bin/python3 -W ignore:setup.py install is deprecated -W ignore:easy_install command is deprecated setup.py egg_info --egg-base ../../build/navigation build --build-base /home/jeffreyjene/robot_ws/build/navigation/build install --record /home/jeffreyjene/robot_ws/build/navigation/install.log --single-version-externally-managed install_data
[2.096s] running egg_info
[2.122s] writing ../../build/navigation/navigation.egg-info/PKG-INFO
[2.123s] writing dependency_links to ../../build/navigation/navigation.egg-info/dependency_links.txt
[2.129s] writing requirements to ../../build/navigation/navigation.egg-info/requires.txt
[2.130s] writing top-level names to ../../build/navigation/navigation.egg-info/top_level.txt
[2.187s] reading manifest file '../../build/navigation/navigation.egg-info/SOURCES.txt'
[2.188s] writing manifest file '../../build/navigation/navigation.egg-info/SOURCES.txt'
[2.189s] running build
[2.189s] running build_py
[2.189s] running install
[2.199s] running install_lib
[2.226s] running install_data
[2.226s] copying config/nav2.yaml -> /home/jeffreyjene/robot_ws/install/navigation/share/navigation/config
[2.227s] running install_egg_info
[2.255s] removing '/home/jeffreyjene/robot_ws/install/navigation/lib/python3.12/site-packages/navigation-0.0.0-py3.12.egg-info' (and everything under it)
[2.255s] Copying ../../build/navigation/navigation.egg-info to /home/jeffreyjene/robot_ws/install/navigation/lib/python3.12/site-packages/navigation-0.0.0-py3.12.egg-info
[2.257s] running install_scripts
[2.445s] writing list of installed files to '/home/jeffreyjene/robot_ws/build/navigation/install.log'
[2.525s] Invoked command in '/home/jeffreyjene/robot_ws/src/navigation' returned '0': DEBUGINFOD_URLS=https://debuginfod.ubuntu.com PYTHONPATH=/home/jeffreyjene/robot_ws/build/navigation/prefix_override:/usr/lib/python3/dist-packages/colcon_core/task/python/colcon_distutils_commands:/home/jeffreyjene/robot_ws/install/navigation/lib/python3.12/site-packages:${PYTHONPATH} /usr/bin/python3 -W ignore:setup.py install is deprecated -W ignore:easy_install command is deprecated setup.py egg_info --egg-base ../../build/navigation build --build-base /home/jeffreyjene/robot_ws/build/navigation/build install --record /home/jeffreyjene/robot_ws/build/navigation/install.log --single-version-externally-managed install_data
