[1.355s] Invoking command in '/home/jeffreyjene/robot_ws/src/control': DEBUGINFOD_URLS=https://debuginfod.ubuntu.com PYTHONPATH=/home/jeffreyjene/robot_ws/build/control/prefix_override:/usr/lib/python3/dist-packages/colcon_core/task/python/colcon_distutils_commands:/home/jeffreyjene/robot_ws/install/control/lib/python3.12/site-packages:${PYTHONPATH} /usr/bin/python3 -W ignore:setup.py install is deprecated -W ignore:easy_install command is deprecated setup.py egg_info --egg-base ../../build/control build --build-base /home/jeffreyjene/robot_ws/build/control/build install --record /home/jeffreyjene/robot_ws/build/control/install.log --single-version-externally-managed install_data
[1.729s] running egg_info
[1.754s] writing ../../build/control/control.egg-info/PKG-INFO
[1.755s] writing dependency_links to ../../build/control/control.egg-info/dependency_links.txt
[1.761s] writing entry points to ../../build/control/control.egg-info/entry_points.txt
[1.762s] writing requirements to ../../build/control/control.egg-info/requires.txt
[1.763s] writing top-level names to ../../build/control/control.egg-info/top_level.txt
[1.820s] reading manifest file '../../build/control/control.egg-info/SOURCES.txt'
[1.821s] writing manifest file '../../build/control/control.egg-info/SOURCES.txt'
[1.821s] running build
[1.821s] running build_py
[1.821s] copying control/arduino_bridge.py -> /home/jeffreyjene/robot_ws/build/control/build/lib/control
[1.822s] running install
[1.831s] running install_lib
[1.857s] copying /home/jeffreyjene/robot_ws/build/control/build/lib/control/arduino_bridge.py -> /home/jeffreyjene/robot_ws/install/control/lib/python3.12/site-packages/control
[1.858s] byte-compiling /home/jeffreyjene/robot_ws/install/control/lib/python3.12/site-packages/control/arduino_bridge.py to arduino_bridge.cpython-312.pyc
[1.860s] running install_data
[1.860s] running install_egg_info
[1.887s] removing '/home/jeffreyjene/robot_ws/install/control/lib/python3.12/site-packages/control-0.0.0-py3.12.egg-info' (and everything under it)
[1.888s] Copying ../../build/control/control.egg-info to /home/jeffreyjene/robot_ws/install/control/lib/python3.12/site-packages/control-0.0.0-py3.12.egg-info
[1.889s] running install_scripts
[2.089s] Installing arduino_bridge script to /home/jeffreyjene/robot_ws/install/control/lib/control
[2.090s] writing list of installed files to '/home/jeffreyjene/robot_ws/build/control/install.log'
[2.182s] Invoked command in '/home/jeffreyjene/robot_ws/src/control' returned '0': DEBUGINFOD_URLS=https://debuginfod.ubuntu.com PYTHONPATH=/home/jeffreyjene/robot_ws/build/control/prefix_override:/usr/lib/python3/dist-packages/colcon_core/task/python/colcon_distutils_commands:/home/jeffreyjene/robot_ws/install/control/lib/python3.12/site-packages:${PYTHONPATH} /usr/bin/python3 -W ignore:setup.py install is deprecated -W ignore:easy_install command is deprecated setup.py egg_info --egg-base ../../build/control build --build-base /home/jeffreyjene/robot_ws/build/control/build install --record /home/jeffreyjene/robot_ws/build/control/install.log --single-version-externally-managed install_data
