[2.405s] Invoking command in '/home/jeffreyjene/robot_ws/src/control': DEBUGINFOD_URLS=https://debuginfod.ubuntu.com PYTHONPATH=/home/jeffreyjene/robot_ws/build/control/prefix_override:/usr/lib/python3/dist-packages/colcon_core/task/python/colcon_distutils_commands:/home/jeffreyjene/robot_ws/install/control/lib/python3.12/site-packages:${PYTHONPATH} /usr/bin/python3 -W ignore:setup.py install is deprecated -W ignore:easy_install command is deprecated setup.py egg_info --egg-base ../../build/control build --build-base /home/jeffreyjene/robot_ws/build/control/build install --record /home/jeffreyjene/robot_ws/build/control/install.log --single-version-externally-managed install_data
[2.877s] running egg_info
[2.919s] writing ../../build/control/control.egg-info/PKG-INFO
[2.920s] writing dependency_links to ../../build/control/control.egg-info/dependency_links.txt
[2.926s] writing entry points to ../../build/control/control.egg-info/entry_points.txt
[2.927s] writing requirements to ../../build/control/control.egg-info/requires.txt
[2.930s] writing top-level names to ../../build/control/control.egg-info/top_level.txt
[3.011s] reading manifest file '../../build/control/control.egg-info/SOURCES.txt'
[3.011s] writing manifest file '../../build/control/control.egg-info/SOURCES.txt'
[3.012s] running build
[3.012s] running build_py
[3.013s] copying control/arduino_bridge.py -> /home/jeffreyjene/robot_ws/build/control/build/lib/control
[3.015s] running install
[3.027s] running install_lib
[3.062s] copying /home/jeffreyjene/robot_ws/build/control/build/lib/control/arduino_bridge.py -> /home/jeffreyjene/robot_ws/install/control/lib/python3.12/site-packages/control
[3.062s] byte-compiling /home/jeffreyjene/robot_ws/install/control/lib/python3.12/site-packages/control/arduino_bridge.py to arduino_bridge.cpython-312.pyc
[3.066s] running install_data
[3.067s] running install_egg_info
[3.118s] removing '/home/jeffreyjene/robot_ws/install/control/lib/python3.12/site-packages/control-0.0.0-py3.12.egg-info' (and everything under it)
[3.125s] Copying ../../build/control/control.egg-info to /home/jeffreyjene/robot_ws/install/control/lib/python3.12/site-packages/control-0.0.0-py3.12.egg-info
[3.125s] running install_scripts
[3.390s] Installing arduino_bridge script to /home/jeffreyjene/robot_ws/install/control/lib/control
[3.391s] writing list of installed files to '/home/jeffreyjene/robot_ws/build/control/install.log'
[3.483s] Invoked command in '/home/jeffreyjene/robot_ws/src/control' returned '0': DEBUGINFOD_URLS=https://debuginfod.ubuntu.com PYTHONPATH=/home/jeffreyjene/robot_ws/build/control/prefix_override:/usr/lib/python3/dist-packages/colcon_core/task/python/colcon_distutils_commands:/home/jeffreyjene/robot_ws/install/control/lib/python3.12/site-packages:${PYTHONPATH} /usr/bin/python3 -W ignore:setup.py install is deprecated -W ignore:easy_install command is deprecated setup.py egg_info --egg-base ../../build/control build --build-base /home/jeffreyjene/robot_ws/build/control/build install --record /home/jeffreyjene/robot_ws/build/control/install.log --single-version-externally-managed install_data
