[0.155s] DEBUG:colcon:Command line arguments: ['/usr/bin/colcon', 'build']
[0.155s] DEBUG:colcon:Parsed command line arguments: Namespace(log_base=None, log_level=None, verb_name='build', build_base='build', install_base='install', merge_install=False, symlink_install=False, test_result_base=None, continue_on_error=False, executor='parallel', parallel_workers=4, event_handlers=None, ignore_user_meta=False, metas=['./colcon.meta'], base_paths=['.'], packages_ignore=None, packages_ignore_regex=None, paths=None, packages_up_to=None, packages_up_to_regex=None, packages_above=None, packages_above_and_dependencies=None, packages_above_depth=None, packages_select_by_dep=None, packages_skip_by_dep=None, packages_skip_up_to=None, packages_select_build_failed=False, packages_skip_build_finished=False, packages_select_test_failures=False, packages_skip_test_passed=False, packages_select=None, packages_skip=None, packages_select_regex=None, packages_skip_regex=None, packages_start=None, packages_end=None, allow_overriding=[], cmake_args=None, cmake_target=None, cmake_target_skip_unavailable=False, cmake_clean_cache=False, cmake_clean_first=False, cmake_force_configure=False, ament_cmake_args=None, catkin_cmake_args=None, catkin_skip_building_tests=False, mixin_files=None, mixin=None, verb_parser=<colcon_mixin.mixin.mixin_argument.MixinArgumentDecorator object at 0xffffb52ac650>, verb_extension=<colcon_core.verb.build.BuildVerb object at 0xffffb545cce0>, main=<bound method BuildVerb.main of <colcon_core.verb.build.BuildVerb object at 0xffffb545cce0>>, mixin_verb=('build',))
[0.214s] Level 1:colcon.colcon_core.package_discovery:discover_packages(colcon_meta) check parameters
[0.214s] Level 1:colcon.colcon_core.package_discovery:discover_packages(recursive) check parameters
[0.214s] Level 1:colcon.colcon_core.package_discovery:discover_packages(ignore) check parameters
[0.214s] Level 1:colcon.colcon_core.package_discovery:discover_packages(path) check parameters
[0.214s] Level 1:colcon.colcon_core.package_discovery:discover_packages(colcon_meta) discover
[0.214s] Level 1:colcon.colcon_core.package_discovery:discover_packages(recursive) discover
[0.214s] INFO:colcon.colcon_core.package_discovery:Crawling recursively for packages in '/home/jeffreyjene/robot_ws'
[0.214s] Level 1:colcon.colcon_core.package_identification:_identify(.) by extensions ['ignore', 'ignore_ament_install']
[0.215s] Level 1:colcon.colcon_core.package_identification:_identify(.) by extension 'ignore'
[0.215s] Level 1:colcon.colcon_core.package_identification:_identify(.) by extension 'ignore_ament_install'
[0.215s] Level 1:colcon.colcon_core.package_identification:_identify(.) by extensions ['colcon_pkg']
[0.215s] Level 1:colcon.colcon_core.package_identification:_identify(.) by extension 'colcon_pkg'
[0.215s] Level 1:colcon.colcon_core.package_identification:_identify(.) by extensions ['colcon_meta']
[0.215s] Level 1:colcon.colcon_core.package_identification:_identify(.) by extension 'colcon_meta'
[0.215s] Level 1:colcon.colcon_core.package_identification:_identify(.) by extensions ['ros']
[0.215s] Level 1:colcon.colcon_core.package_identification:_identify(.) by extension 'ros'
[0.258s] Level 1:colcon.colcon_core.package_identification:_identify(.) by extensions ['cmake', 'python']
[0.258s] Level 1:colcon.colcon_core.package_identification:_identify(.) by extension 'cmake'
[0.258s] Level 1:colcon.colcon_core.package_identification:_identify(.) by extension 'python'
[0.258s] Level 1:colcon.colcon_core.package_identification:_identify(.) by extensions ['python_setup_py']
[0.258s] Level 1:colcon.colcon_core.package_identification:_identify(.) by extension 'python_setup_py'
[0.258s] Level 1:colcon.colcon_core.package_identification:_identify(build) by extensions ['ignore', 'ignore_ament_install']
[0.258s] Level 1:colcon.colcon_core.package_identification:_identify(build) by extension 'ignore'
[0.258s] Level 1:colcon.colcon_core.package_identification:_identify(build) ignored
[0.258s] Level 1:colcon.colcon_core.package_identification:_identify(install) by extensions ['ignore', 'ignore_ament_install']
[0.259s] Level 1:colcon.colcon_core.package_identification:_identify(install) by extension 'ignore'
[0.259s] Level 1:colcon.colcon_core.package_identification:_identify(install) ignored
[0.259s] Level 1:colcon.colcon_core.package_identification:_identify(log) by extensions ['ignore', 'ignore_ament_install']
[0.259s] Level 1:colcon.colcon_core.package_identification:_identify(log) by extension 'ignore'
[0.259s] Level 1:colcon.colcon_core.package_identification:_identify(log) ignored
[0.259s] Level 1:colcon.colcon_core.package_identification:_identify(src) by extensions ['ignore', 'ignore_ament_install']
[0.259s] Level 1:colcon.colcon_core.package_identification:_identify(src) by extension 'ignore'
[0.259s] Level 1:colcon.colcon_core.package_identification:_identify(src) by extension 'ignore_ament_install'
[0.259s] Level 1:colcon.colcon_core.package_identification:_identify(src) by extensions ['colcon_pkg']
[0.259s] Level 1:colcon.colcon_core.package_identification:_identify(src) by extension 'colcon_pkg'
[0.259s] Level 1:colcon.colcon_core.package_identification:_identify(src) by extensions ['colcon_meta']
[0.259s] Level 1:colcon.colcon_core.package_identification:_identify(src) by extension 'colcon_meta'
[0.260s] Level 1:colcon.colcon_core.package_identification:_identify(src) by extensions ['ros']
[0.260s] Level 1:colcon.colcon_core.package_identification:_identify(src) by extension 'ros'
[0.260s] Level 1:colcon.colcon_core.package_identification:_identify(src) by extensions ['cmake', 'python']
[0.260s] Level 1:colcon.colcon_core.package_identification:_identify(src) by extension 'cmake'
[0.260s] Level 1:colcon.colcon_core.package_identification:_identify(src) by extension 'python'
[0.260s] Level 1:colcon.colcon_core.package_identification:_identify(src) by extensions ['python_setup_py']
[0.260s] Level 1:colcon.colcon_core.package_identification:_identify(src) by extension 'python_setup_py'
[0.260s] Level 1:colcon.colcon_core.package_identification:_identify(src/bringup) by extensions ['ignore', 'ignore_ament_install']
[0.260s] Level 1:colcon.colcon_core.package_identification:_identify(src/bringup) by extension 'ignore'
[0.260s] Level 1:colcon.colcon_core.package_identification:_identify(src/bringup) by extension 'ignore_ament_install'
[0.260s] Level 1:colcon.colcon_core.package_identification:_identify(src/bringup) by extensions ['colcon_pkg']
[0.260s] Level 1:colcon.colcon_core.package_identification:_identify(src/bringup) by extension 'colcon_pkg'
[0.260s] Level 1:colcon.colcon_core.package_identification:_identify(src/bringup) by extensions ['colcon_meta']
[0.260s] Level 1:colcon.colcon_core.package_identification:_identify(src/bringup) by extension 'colcon_meta'
[0.260s] Level 1:colcon.colcon_core.package_identification:_identify(src/bringup) by extensions ['ros']
[0.260s] Level 1:colcon.colcon_core.package_identification:_identify(src/bringup) by extension 'ros'
[0.263s] DEBUG:colcon.colcon_core.package_identification:Package 'src/bringup' with type 'ros.ament_python' and name 'bringup'
[0.264s] Level 1:colcon.colcon_core.package_identification:_identify(src/control) by extensions ['ignore', 'ignore_ament_install']
[0.264s] Level 1:colcon.colcon_core.package_identification:_identify(src/control) by extension 'ignore'
[0.264s] Level 1:colcon.colcon_core.package_identification:_identify(src/control) by extension 'ignore_ament_install'
[0.264s] Level 1:colcon.colcon_core.package_identification:_identify(src/control) by extensions ['colcon_pkg']
[0.264s] Level 1:colcon.colcon_core.package_identification:_identify(src/control) by extension 'colcon_pkg'
[0.264s] Level 1:colcon.colcon_core.package_identification:_identify(src/control) by extensions ['colcon_meta']
[0.264s] Level 1:colcon.colcon_core.package_identification:_identify(src/control) by extension 'colcon_meta'
[0.264s] Level 1:colcon.colcon_core.package_identification:_identify(src/control) by extensions ['ros']
[0.264s] Level 1:colcon.colcon_core.package_identification:_identify(src/control) by extension 'ros'
[0.265s] DEBUG:colcon.colcon_core.package_identification:Package 'src/control' with type 'ros.ament_python' and name 'control'
[0.265s] Level 1:colcon.colcon_core.package_identification:_identify(src/description) by extensions ['ignore', 'ignore_ament_install']
[0.265s] Level 1:colcon.colcon_core.package_identification:_identify(src/description) by extension 'ignore'
[0.265s] Level 1:colcon.colcon_core.package_identification:_identify(src/description) by extension 'ignore_ament_install'
[0.265s] Level 1:colcon.colcon_core.package_identification:_identify(src/description) by extensions ['colcon_pkg']
[0.265s] Level 1:colcon.colcon_core.package_identification:_identify(src/description) by extension 'colcon_pkg'
[0.265s] Level 1:colcon.colcon_core.package_identification:_identify(src/description) by extensions ['colcon_meta']
[0.265s] Level 1:colcon.colcon_core.package_identification:_identify(src/description) by extension 'colcon_meta'
[0.265s] Level 1:colcon.colcon_core.package_identification:_identify(src/description) by extensions ['ros']
[0.265s] Level 1:colcon.colcon_core.package_identification:_identify(src/description) by extension 'ros'
[0.266s] DEBUG:colcon.colcon_core.package_identification:Package 'src/description' with type 'ros.ament_python' and name 'description'
[0.266s] Level 1:colcon.colcon_core.package_identification:_identify(src/firmware) by extensions ['ignore', 'ignore_ament_install']
[0.266s] Level 1:colcon.colcon_core.package_identification:_identify(src/firmware) by extension 'ignore'
[0.266s] Level 1:colcon.colcon_core.package_identification:_identify(src/firmware) by extension 'ignore_ament_install'
[0.266s] Level 1:colcon.colcon_core.package_identification:_identify(src/firmware) by extensions ['colcon_pkg']
[0.266s] Level 1:colcon.colcon_core.package_identification:_identify(src/firmware) by extension 'colcon_pkg'
[0.266s] Level 1:colcon.colcon_core.package_identification:_identify(src/firmware) by extensions ['colcon_meta']
[0.266s] Level 1:colcon.colcon_core.package_identification:_identify(src/firmware) by extension 'colcon_meta'
[0.266s] Level 1:colcon.colcon_core.package_identification:_identify(src/firmware) by extensions ['ros']
[0.266s] Level 1:colcon.colcon_core.package_identification:_identify(src/firmware) by extension 'ros'
[0.267s] Level 1:colcon.colcon_core.package_identification:_identify(src/firmware) by extensions ['cmake', 'python']
[0.267s] Level 1:colcon.colcon_core.package_identification:_identify(src/firmware) by extension 'cmake'
[0.267s] Level 1:colcon.colcon_core.package_identification:_identify(src/firmware) by extension 'python'
[0.267s] Level 1:colcon.colcon_core.package_identification:_identify(src/firmware) by extensions ['python_setup_py']
[0.267s] Level 1:colcon.colcon_core.package_identification:_identify(src/firmware) by extension 'python_setup_py'
[0.267s] Level 1:colcon.colcon_core.package_identification:_identify(src/ldlidar_stl_ros2) by extensions ['ignore', 'ignore_ament_install']
[0.267s] Level 1:colcon.colcon_core.package_identification:_identify(src/ldlidar_stl_ros2) by extension 'ignore'
[0.267s] Level 1:colcon.colcon_core.package_identification:_identify(src/ldlidar_stl_ros2) by extension 'ignore_ament_install'
[0.267s] Level 1:colcon.colcon_core.package_identification:_identify(src/ldlidar_stl_ros2) by extensions ['colcon_pkg']
[0.267s] Level 1:colcon.colcon_core.package_identification:_identify(src/ldlidar_stl_ros2) by extension 'colcon_pkg'
[0.267s] Level 1:colcon.colcon_core.package_identification:_identify(src/ldlidar_stl_ros2) by extensions ['colcon_meta']
[0.267s] Level 1:colcon.colcon_core.package_identification:_identify(src/ldlidar_stl_ros2) by extension 'colcon_meta'
[0.267s] Level 1:colcon.colcon_core.package_identification:_identify(src/ldlidar_stl_ros2) by extensions ['ros']
[0.267s] Level 1:colcon.colcon_core.package_identification:_identify(src/ldlidar_stl_ros2) by extension 'ros'
[0.268s] DEBUG:colcon.colcon_core.package_identification:Package 'src/ldlidar_stl_ros2' with type 'ros.ament_cmake' and name 'ldlidar_stl_ros2'
[0.268s] Level 1:colcon.colcon_core.package_identification:_identify(src/navigation) by extensions ['ignore', 'ignore_ament_install']
[0.268s] Level 1:colcon.colcon_core.package_identification:_identify(src/navigation) by extension 'ignore'
[0.268s] Level 1:colcon.colcon_core.package_identification:_identify(src/navigation) by extension 'ignore_ament_install'
[0.268s] Level 1:colcon.colcon_core.package_identification:_identify(src/navigation) by extensions ['colcon_pkg']
[0.268s] Level 1:colcon.colcon_core.package_identification:_identify(src/navigation) by extension 'colcon_pkg'
[0.268s] Level 1:colcon.colcon_core.package_identification:_identify(src/navigation) by extensions ['colcon_meta']
[0.268s] Level 1:colcon.colcon_core.package_identification:_identify(src/navigation) by extension 'colcon_meta'
[0.268s] Level 1:colcon.colcon_core.package_identification:_identify(src/navigation) by extensions ['ros']
[0.268s] Level 1:colcon.colcon_core.package_identification:_identify(src/navigation) by extension 'ros'
[0.269s] DEBUG:colcon.colcon_core.package_identification:Package 'src/navigation' with type 'ros.ament_python' and name 'navigation'
[0.269s] Level 1:colcon.colcon_core.package_discovery:discover_packages(recursive) using defaults
[0.269s] Level 1:colcon.colcon_core.package_discovery:discover_packages(ignore) discover
[0.269s] Level 1:colcon.colcon_core.package_discovery:discover_packages(ignore) using defaults
[0.269s] Level 1:colcon.colcon_core.package_discovery:discover_packages(path) discover
[0.269s] Level 1:colcon.colcon_core.package_discovery:discover_packages(path) using defaults
[0.295s] Level 1:colcon.colcon_core.package_discovery:discover_packages(prefix_path) check parameters
[0.295s] Level 1:colcon.colcon_core.package_discovery:discover_packages(prefix_path) discover
[0.298s] DEBUG:colcon.colcon_installed_package_information.package_discovery:Found 5 installed packages in /home/jeffreyjene/robot_ws/install
[0.300s] DEBUG:colcon.colcon_installed_package_information.package_discovery:Found 385 installed packages in /opt/ros/jazzy
[0.303s] Level 1:colcon.colcon_core.package_discovery:discover_packages(prefix_path) using defaults
[0.389s] Level 5:colcon.colcon_core.verb:set package 'bringup' build argument 'cmake_args' from command line to 'None'
[0.389s] Level 5:colcon.colcon_core.verb:set package 'bringup' build argument 'cmake_target' from command line to 'None'
[0.389s] Level 5:colcon.colcon_core.verb:set package 'bringup' build argument 'cmake_target_skip_unavailable' from command line to 'False'
[0.389s] Level 5:colcon.colcon_core.verb:set package 'bringup' build argument 'cmake_clean_cache' from command line to 'False'
[0.389s] Level 5:colcon.colcon_core.verb:set package 'bringup' build argument 'cmake_clean_first' from command line to 'False'
[0.389s] Level 5:colcon.colcon_core.verb:set package 'bringup' build argument 'cmake_force_configure' from command line to 'False'
[0.389s] Level 5:colcon.colcon_core.verb:set package 'bringup' build argument 'ament_cmake_args' from command line to 'None'
[0.389s] Level 5:colcon.colcon_core.verb:set package 'bringup' build argument 'catkin_cmake_args' from command line to 'None'
[0.389s] Level 5:colcon.colcon_core.verb:set package 'bringup' build argument 'catkin_skip_building_tests' from command line to 'False'
[0.389s] DEBUG:colcon.colcon_core.verb:Building package 'bringup' with the following arguments: {'ament_cmake_args': None, 'build_base': '/home/jeffreyjene/robot_ws/build/bringup', 'catkin_cmake_args': None, 'catkin_skip_building_tests': False, 'cmake_args': None, 'cmake_clean_cache': False, 'cmake_clean_first': False, 'cmake_force_configure': False, 'cmake_target': None, 'cmake_target_skip_unavailable': False, 'install_base': '/home/jeffreyjene/robot_ws/install/bringup', 'merge_install': False, 'path': '/home/jeffreyjene/robot_ws/src/bringup', 'symlink_install': False, 'test_result_base': None}
[0.389s] Level 5:colcon.colcon_core.verb:set package 'control' build argument 'cmake_args' from command line to 'None'
[0.390s] Level 5:colcon.colcon_core.verb:set package 'control' build argument 'cmake_target' from command line to 'None'
[0.390s] Level 5:colcon.colcon_core.verb:set package 'control' build argument 'cmake_target_skip_unavailable' from command line to 'False'
[0.390s] Level 5:colcon.colcon_core.verb:set package 'control' build argument 'cmake_clean_cache' from command line to 'False'
[0.390s] Level 5:colcon.colcon_core.verb:set package 'control' build argument 'cmake_clean_first' from command line to 'False'
[0.390s] Level 5:colcon.colcon_core.verb:set package 'control' build argument 'cmake_force_configure' from command line to 'False'
[0.390s] Level 5:colcon.colcon_core.verb:set package 'control' build argument 'ament_cmake_args' from command line to 'None'
[0.390s] Level 5:colcon.colcon_core.verb:set package 'control' build argument 'catkin_cmake_args' from command line to 'None'
[0.390s] Level 5:colcon.colcon_core.verb:set package 'control' build argument 'catkin_skip_building_tests' from command line to 'False'
[0.390s] DEBUG:colcon.colcon_core.verb:Building package 'control' with the following arguments: {'ament_cmake_args': None, 'build_base': '/home/jeffreyjene/robot_ws/build/control', 'catkin_cmake_args': None, 'catkin_skip_building_tests': False, 'cmake_args': None, 'cmake_clean_cache': False, 'cmake_clean_first': False, 'cmake_force_configure': False, 'cmake_target': None, 'cmake_target_skip_unavailable': False, 'install_base': '/home/jeffreyjene/robot_ws/install/control', 'merge_install': False, 'path': '/home/jeffreyjene/robot_ws/src/control', 'symlink_install': False, 'test_result_base': None}
[0.390s] Level 5:colcon.colcon_core.verb:set package 'description' build argument 'cmake_args' from command line to 'None'
[0.390s] Level 5:colcon.colcon_core.verb:set package 'description' build argument 'cmake_target' from command line to 'None'
[0.390s] Level 5:colcon.colcon_core.verb:set package 'description' build argument 'cmake_target_skip_unavailable' from command line to 'False'
[0.390s] Level 5:colcon.colcon_core.verb:set package 'description' build argument 'cmake_clean_cache' from command line to 'False'
[0.390s] Level 5:colcon.colcon_core.verb:set package 'description' build argument 'cmake_clean_first' from command line to 'False'
[0.390s] Level 5:colcon.colcon_core.verb:set package 'description' build argument 'cmake_force_configure' from command line to 'False'
[0.390s] Level 5:colcon.colcon_core.verb:set package 'description' build argument 'ament_cmake_args' from command line to 'None'
[0.390s] Level 5:colcon.colcon_core.verb:set package 'description' build argument 'catkin_cmake_args' from command line to 'None'
[0.390s] Level 5:colcon.colcon_core.verb:set package 'description' build argument 'catkin_skip_building_tests' from command line to 'False'
[0.390s] DEBUG:colcon.colcon_core.verb:Building package 'description' with the following arguments: {'ament_cmake_args': None, 'build_base': '/home/jeffreyjene/robot_ws/build/description', 'catkin_cmake_args': None, 'catkin_skip_building_tests': False, 'cmake_args': None, 'cmake_clean_cache': False, 'cmake_clean_first': False, 'cmake_force_configure': False, 'cmake_target': None, 'cmake_target_skip_unavailable': False, 'install_base': '/home/jeffreyjene/robot_ws/install/description', 'merge_install': False, 'path': '/home/jeffreyjene/robot_ws/src/description', 'symlink_install': False, 'test_result_base': None}
[0.391s] Level 5:colcon.colcon_core.verb:set package 'ldlidar_stl_ros2' build argument 'cmake_args' from command line to 'None'
[0.391s] Level 5:colcon.colcon_core.verb:set package 'ldlidar_stl_ros2' build argument 'cmake_target' from command line to 'None'
[0.391s] Level 5:colcon.colcon_core.verb:set package 'ldlidar_stl_ros2' build argument 'cmake_target_skip_unavailable' from command line to 'False'
[0.391s] Level 5:colcon.colcon_core.verb:set package 'ldlidar_stl_ros2' build argument 'cmake_clean_cache' from command line to 'False'
[0.391s] Level 5:colcon.colcon_core.verb:set package 'ldlidar_stl_ros2' build argument 'cmake_clean_first' from command line to 'False'
[0.391s] Level 5:colcon.colcon_core.verb:set package 'ldlidar_stl_ros2' build argument 'cmake_force_configure' from command line to 'False'
[0.391s] Level 5:colcon.colcon_core.verb:set package 'ldlidar_stl_ros2' build argument 'ament_cmake_args' from command line to 'None'
[0.391s] Level 5:colcon.colcon_core.verb:set package 'ldlidar_stl_ros2' build argument 'catkin_cmake_args' from command line to 'None'
[0.391s] Level 5:colcon.colcon_core.verb:set package 'ldlidar_stl_ros2' build argument 'catkin_skip_building_tests' from command line to 'False'
[0.391s] DEBUG:colcon.colcon_core.verb:Building package 'ldlidar_stl_ros2' with the following arguments: {'ament_cmake_args': None, 'build_base': '/home/jeffreyjene/robot_ws/build/ldlidar_stl_ros2', 'catkin_cmake_args': None, 'catkin_skip_building_tests': False, 'cmake_args': None, 'cmake_clean_cache': False, 'cmake_clean_first': False, 'cmake_force_configure': False, 'cmake_target': None, 'cmake_target_skip_unavailable': False, 'install_base': '/home/jeffreyjene/robot_ws/install/ldlidar_stl_ros2', 'merge_install': False, 'path': '/home/jeffreyjene/robot_ws/src/ldlidar_stl_ros2', 'symlink_install': False, 'test_result_base': None}
[0.391s] Level 5:colcon.colcon_core.verb:set package 'navigation' build argument 'cmake_args' from command line to 'None'
[0.391s] Level 5:colcon.colcon_core.verb:set package 'navigation' build argument 'cmake_target' from command line to 'None'
[0.391s] Level 5:colcon.colcon_core.verb:set package 'navigation' build argument 'cmake_target_skip_unavailable' from command line to 'False'
[0.391s] Level 5:colcon.colcon_core.verb:set package 'navigation' build argument 'cmake_clean_cache' from command line to 'False'
[0.391s] Level 5:colcon.colcon_core.verb:set package 'navigation' build argument 'cmake_clean_first' from command line to 'False'
[0.391s] Level 5:colcon.colcon_core.verb:set package 'navigation' build argument 'cmake_force_configure' from command line to 'False'
[0.391s] Level 5:colcon.colcon_core.verb:set package 'navigation' build argument 'ament_cmake_args' from command line to 'None'
[0.391s] Level 5:colcon.colcon_core.verb:set package 'navigation' build argument 'catkin_cmake_args' from command line to 'None'
[0.391s] Level 5:colcon.colcon_core.verb:set package 'navigation' build argument 'catkin_skip_building_tests' from command line to 'False'
[0.391s] DEBUG:colcon.colcon_core.verb:Building package 'navigation' with the following arguments: {'ament_cmake_args': None, 'build_base': '/home/jeffreyjene/robot_ws/build/navigation', 'catkin_cmake_args': None, 'catkin_skip_building_tests': False, 'cmake_args': None, 'cmake_clean_cache': False, 'cmake_clean_first': False, 'cmake_force_configure': False, 'cmake_target': None, 'cmake_target_skip_unavailable': False, 'install_base': '/home/jeffreyjene/robot_ws/install/navigation', 'merge_install': False, 'path': '/home/jeffreyjene/robot_ws/src/navigation', 'symlink_install': False, 'test_result_base': None}
[0.392s] INFO:colcon.colcon_core.executor:Executing jobs using 'parallel' executor
[0.393s] DEBUG:colcon.colcon_parallel_executor.executor.parallel:run_until_complete
[0.393s] INFO:colcon.colcon_ros.task.ament_python.build:Building ROS package in '/home/jeffreyjene/robot_ws/src/bringup' with build type 'ament_python'
[0.393s] Level 1:colcon.colcon_core.shell:create_environment_hook('bringup', 'ament_prefix_path')
[0.396s] INFO:colcon.colcon_core.plugin_system:Skipping extension 'colcon_core.shell.bat': Not used on non-Windows systems
[0.396s] INFO:colcon.colcon_core.shell:Creating environment hook '/home/jeffreyjene/robot_ws/install/bringup/share/bringup/hook/ament_prefix_path.ps1'
[0.397s] INFO:colcon.colcon_core.shell:Creating environment descriptor '/home/jeffreyjene/robot_ws/install/bringup/share/bringup/hook/ament_prefix_path.dsv'
[0.403s] INFO:colcon.colcon_core.shell:Creating environment hook '/home/jeffreyjene/robot_ws/install/bringup/share/bringup/hook/ament_prefix_path.sh'
[0.404s] INFO:colcon.colcon_core.shell:Skip shell extension 'powershell' for command environment: Not usable outside of PowerShell
[0.404s] DEBUG:colcon.colcon_core.shell:Skip shell extension 'dsv' for command environment
[0.410s] INFO:colcon.colcon_ros.task.ament_python.build:Building ROS package in '/home/jeffreyjene/robot_ws/src/control' with build type 'ament_python'
[0.410s] Level 1:colcon.colcon_core.shell:create_environment_hook('control', 'ament_prefix_path')
[0.411s] INFO:colcon.colcon_core.shell:Creating environment hook '/home/jeffreyjene/robot_ws/install/control/share/control/hook/ament_prefix_path.ps1'
[0.412s] INFO:colcon.colcon_core.shell:Creating environment descriptor '/home/jeffreyjene/robot_ws/install/control/share/control/hook/ament_prefix_path.dsv'
[0.413s] INFO:colcon.colcon_core.shell:Creating environment hook '/home/jeffreyjene/robot_ws/install/control/share/control/hook/ament_prefix_path.sh'
[0.414s] INFO:colcon.colcon_core.shell:Skip shell extension 'powershell' for command environment: Not usable outside of PowerShell
[0.414s] DEBUG:colcon.colcon_core.shell:Skip shell extension 'dsv' for command environment
[0.421s] INFO:colcon.colcon_ros.task.ament_python.build:Building ROS package in '/home/jeffreyjene/robot_ws/src/description' with build type 'ament_python'
[0.421s] Level 1:colcon.colcon_core.shell:create_environment_hook('description', 'ament_prefix_path')
[0.421s] INFO:colcon.colcon_core.shell:Creating environment hook '/home/jeffreyjene/robot_ws/install/description/share/description/hook/ament_prefix_path.ps1'
[0.422s] INFO:colcon.colcon_core.shell:Creating environment descriptor '/home/jeffreyjene/robot_ws/install/description/share/description/hook/ament_prefix_path.dsv'
[0.424s] INFO:colcon.colcon_core.shell:Creating environment hook '/home/jeffreyjene/robot_ws/install/description/share/description/hook/ament_prefix_path.sh'
[0.426s] INFO:colcon.colcon_core.shell:Skip shell extension 'powershell' for command environment: Not usable outside of PowerShell
[0.426s] DEBUG:colcon.colcon_core.shell:Skip shell extension 'dsv' for command environment
[0.431s] INFO:colcon.colcon_ros.task.ament_cmake.build:Building ROS package in '/home/jeffreyjene/robot_ws/src/ldlidar_stl_ros2' with build type 'ament_cmake'
[0.432s] INFO:colcon.colcon_cmake.task.cmake.build:Building CMake package in '/home/jeffreyjene/robot_ws/src/ldlidar_stl_ros2'
[0.432s] INFO:colcon.colcon_core.shell:Skip shell extension 'powershell' for command environment: Not usable outside of PowerShell
[0.432s] DEBUG:colcon.colcon_core.shell:Skip shell extension 'dsv' for command environment
[0.764s] INFO:colcon.colcon_core.task.python.build:Building Python package in '/home/jeffreyjene/robot_ws/src/bringup'
[0.765s] INFO:colcon.colcon_core.shell:Skip shell extension 'powershell' for command environment: Not usable outside of PowerShell
[0.765s] DEBUG:colcon.colcon_core.shell:Skip shell extension 'dsv' for command environment
[1.100s] INFO:colcon.colcon_core.task.python.build:Building Python package in '/home/jeffreyjene/robot_ws/src/control'
[1.101s] INFO:colcon.colcon_core.shell:Skip shell extension 'powershell' for command environment: Not usable outside of PowerShell
[1.101s] DEBUG:colcon.colcon_core.shell:Skip shell extension 'dsv' for command environment
[1.434s] INFO:colcon.colcon_core.task.python.build:Building Python package in '/home/jeffreyjene/robot_ws/src/description'
[1.435s] INFO:colcon.colcon_core.shell:Skip shell extension 'powershell' for command environment: Not usable outside of PowerShell
[1.435s] DEBUG:colcon.colcon_core.shell:Skip shell extension 'dsv' for command environment
[1.452s] DEBUG:colcon.colcon_core.event_handler.log_command:Invoking command in '/home/jeffreyjene/robot_ws/build/ldlidar_stl_ros2': CMAKE_PREFIX_PATH=${CMAKE_PREFIX_PATH}:/home/jeffreyjene/robot_ws/install/navigation:/home/jeffreyjene/robot_ws/install/description:/home/jeffreyjene/robot_ws/install/control:/home/jeffreyjene/robot_ws/install/bringup:/opt/ros/jazzy DEBUGINFOD_URLS=https://debuginfod.ubuntu.com /usr/bin/cmake --build /home/jeffreyjene/robot_ws/build/ldlidar_stl_ros2 -- -j4 -l4
[1.635s] DEBUG:colcon.colcon_core.event_handler.log_command:Invoked command in '/home/jeffreyjene/robot_ws/build/ldlidar_stl_ros2' returned '0': CMAKE_PREFIX_PATH=${CMAKE_PREFIX_PATH}:/home/jeffreyjene/robot_ws/install/navigation:/home/jeffreyjene/robot_ws/install/description:/home/jeffreyjene/robot_ws/install/control:/home/jeffreyjene/robot_ws/install/bringup:/opt/ros/jazzy DEBUGINFOD_URLS=https://debuginfod.ubuntu.com /usr/bin/cmake --build /home/jeffreyjene/robot_ws/build/ldlidar_stl_ros2 -- -j4 -l4
[1.662s] DEBUG:colcon.colcon_core.event_handler.log_command:Invoking command in '/home/jeffreyjene/robot_ws/build/ldlidar_stl_ros2': CMAKE_PREFIX_PATH=${CMAKE_PREFIX_PATH}:/home/jeffreyjene/robot_ws/install/navigation:/home/jeffreyjene/robot_ws/install/description:/home/jeffreyjene/robot_ws/install/control:/home/jeffreyjene/robot_ws/install/bringup:/opt/ros/jazzy DEBUGINFOD_URLS=https://debuginfod.ubuntu.com /usr/bin/cmake --install /home/jeffreyjene/robot_ws/build/ldlidar_stl_ros2
[1.701s] Level 1:colcon.colcon_core.environment:create_environment_scripts_only(ldlidar_stl_ros2)
[1.703s] DEBUG:colcon.colcon_core.event_handler.log_command:Invoked command in '/home/jeffreyjene/robot_ws/build/ldlidar_stl_ros2' returned '0': CMAKE_PREFIX_PATH=${CMAKE_PREFIX_PATH}:/home/jeffreyjene/robot_ws/install/navigation:/home/jeffreyjene/robot_ws/install/description:/home/jeffreyjene/robot_ws/install/control:/home/jeffreyjene/robot_ws/install/bringup:/opt/ros/jazzy DEBUGINFOD_URLS=https://debuginfod.ubuntu.com /usr/bin/cmake --install /home/jeffreyjene/robot_ws/build/ldlidar_stl_ros2
[1.705s] Level 1:colcon.colcon_core.environment:checking '/home/jeffreyjene/robot_ws/install/ldlidar_stl_ros2' for CMake module files
[1.706s] Level 1:colcon.colcon_core.environment:checking '/home/jeffreyjene/robot_ws/install/ldlidar_stl_ros2' for CMake config files
[1.707s] Level 1:colcon.colcon_core.shell:create_environment_hook('ldlidar_stl_ros2', 'cmake_prefix_path')
[1.707s] INFO:colcon.colcon_core.shell:Creating environment hook '/home/jeffreyjene/robot_ws/install/ldlidar_stl_ros2/share/ldlidar_stl_ros2/hook/cmake_prefix_path.ps1'
[1.708s] INFO:colcon.colcon_core.shell:Creating environment descriptor '/home/jeffreyjene/robot_ws/install/ldlidar_stl_ros2/share/ldlidar_stl_ros2/hook/cmake_prefix_path.dsv'
[1.709s] INFO:colcon.colcon_core.shell:Creating environment hook '/home/jeffreyjene/robot_ws/install/ldlidar_stl_ros2/share/ldlidar_stl_ros2/hook/cmake_prefix_path.sh'
[1.710s] Level 1:colcon.colcon_core.environment:checking '/home/jeffreyjene/robot_ws/install/ldlidar_stl_ros2/lib'
[1.711s] Level 1:colcon.colcon_core.environment:checking '/home/jeffreyjene/robot_ws/install/ldlidar_stl_ros2/bin'
[1.711s] Level 1:colcon.colcon_core.environment:checking '/home/jeffreyjene/robot_ws/install/ldlidar_stl_ros2/lib/pkgconfig/ldlidar_stl_ros2.pc'
[1.711s] Level 1:colcon.colcon_core.environment:checking '/home/jeffreyjene/robot_ws/install/ldlidar_stl_ros2/lib/python3.12/site-packages'
[1.712s] Level 1:colcon.colcon_core.environment:checking '/home/jeffreyjene/robot_ws/install/ldlidar_stl_ros2/bin'
[1.712s] INFO:colcon.colcon_core.shell:Creating package script '/home/jeffreyjene/robot_ws/install/ldlidar_stl_ros2/share/ldlidar_stl_ros2/package.ps1'
[1.714s] INFO:colcon.colcon_core.shell:Creating package descriptor '/home/jeffreyjene/robot_ws/install/ldlidar_stl_ros2/share/ldlidar_stl_ros2/package.dsv'
[1.715s] INFO:colcon.colcon_core.shell:Creating package script '/home/jeffreyjene/robot_ws/install/ldlidar_stl_ros2/share/ldlidar_stl_ros2/package.sh'
[1.716s] INFO:colcon.colcon_core.shell:Creating package script '/home/jeffreyjene/robot_ws/install/ldlidar_stl_ros2/share/ldlidar_stl_ros2/package.bash'
[1.718s] INFO:colcon.colcon_core.shell:Creating package script '/home/jeffreyjene/robot_ws/install/ldlidar_stl_ros2/share/ldlidar_stl_ros2/package.zsh'
[1.719s] Level 1:colcon.colcon_core.environment:create_file_with_runtime_dependencies(/home/jeffreyjene/robot_ws/install/ldlidar_stl_ros2/share/colcon-core/packages/ldlidar_stl_ros2)
[1.721s] Level 1:colcon.colcon_core.environment:create_environment_scripts_only(ldlidar_stl_ros2)
[1.721s] Level 1:colcon.colcon_core.environment:checking '/home/jeffreyjene/robot_ws/install/ldlidar_stl_ros2' for CMake module files
[1.722s] Level 1:colcon.colcon_core.environment:checking '/home/jeffreyjene/robot_ws/install/ldlidar_stl_ros2' for CMake config files
[1.723s] Level 1:colcon.colcon_core.shell:create_environment_hook('ldlidar_stl_ros2', 'cmake_prefix_path')
[1.723s] INFO:colcon.colcon_core.shell:Creating environment hook '/home/jeffreyjene/robot_ws/install/ldlidar_stl_ros2/share/ldlidar_stl_ros2/hook/cmake_prefix_path.ps1'
[1.724s] INFO:colcon.colcon_core.shell:Creating environment descriptor '/home/jeffreyjene/robot_ws/install/ldlidar_stl_ros2/share/ldlidar_stl_ros2/hook/cmake_prefix_path.dsv'
[1.725s] INFO:colcon.colcon_core.shell:Creating environment hook '/home/jeffreyjene/robot_ws/install/ldlidar_stl_ros2/share/ldlidar_stl_ros2/hook/cmake_prefix_path.sh'
[1.726s] Level 1:colcon.colcon_core.environment:checking '/home/jeffreyjene/robot_ws/install/ldlidar_stl_ros2/lib'
[1.727s] Level 1:colcon.colcon_core.environment:checking '/home/jeffreyjene/robot_ws/install/ldlidar_stl_ros2/bin'
[1.727s] Level 1:colcon.colcon_core.environment:checking '/home/jeffreyjene/robot_ws/install/ldlidar_stl_ros2/lib/pkgconfig/ldlidar_stl_ros2.pc'
[1.727s] Level 1:colcon.colcon_core.environment:checking '/home/jeffreyjene/robot_ws/install/ldlidar_stl_ros2/lib/python3.12/site-packages'
[1.728s] Level 1:colcon.colcon_core.environment:checking '/home/jeffreyjene/robot_ws/install/ldlidar_stl_ros2/bin'
[1.728s] INFO:colcon.colcon_core.shell:Creating package script '/home/jeffreyjene/robot_ws/install/ldlidar_stl_ros2/share/ldlidar_stl_ros2/package.ps1'
[1.729s] INFO:colcon.colcon_core.shell:Creating package descriptor '/home/jeffreyjene/robot_ws/install/ldlidar_stl_ros2/share/ldlidar_stl_ros2/package.dsv'
[1.730s] INFO:colcon.colcon_core.shell:Creating package script '/home/jeffreyjene/robot_ws/install/ldlidar_stl_ros2/share/ldlidar_stl_ros2/package.sh'
[1.732s] INFO:colcon.colcon_core.shell:Creating package script '/home/jeffreyjene/robot_ws/install/ldlidar_stl_ros2/share/ldlidar_stl_ros2/package.bash'
[1.733s] INFO:colcon.colcon_core.shell:Creating package script '/home/jeffreyjene/robot_ws/install/ldlidar_stl_ros2/share/ldlidar_stl_ros2/package.zsh'
[1.734s] Level 1:colcon.colcon_core.environment:create_file_with_runtime_dependencies(/home/jeffreyjene/robot_ws/install/ldlidar_stl_ros2/share/colcon-core/packages/ldlidar_stl_ros2)
[1.736s] INFO:colcon.colcon_ros.task.ament_python.build:Building ROS package in '/home/jeffreyjene/robot_ws/src/navigation' with build type 'ament_python'
[1.736s] Level 1:colcon.colcon_core.shell:create_environment_hook('navigation', 'ament_prefix_path')
[1.737s] INFO:colcon.colcon_core.shell:Creating environment hook '/home/jeffreyjene/robot_ws/install/navigation/share/navigation/hook/ament_prefix_path.ps1'
[1.738s] INFO:colcon.colcon_core.shell:Creating environment descriptor '/home/jeffreyjene/robot_ws/install/navigation/share/navigation/hook/ament_prefix_path.dsv'
[1.739s] INFO:colcon.colcon_core.shell:Creating environment hook '/home/jeffreyjene/robot_ws/install/navigation/share/navigation/hook/ament_prefix_path.sh'
[1.740s] INFO:colcon.colcon_core.shell:Skip shell extension 'powershell' for command environment: Not usable outside of PowerShell
[1.741s] DEBUG:colcon.colcon_core.shell:Skip shell extension 'dsv' for command environment
[2.169s] INFO:colcon.colcon_core.task.python.build:Building Python package in '/home/jeffreyjene/robot_ws/src/navigation'
[2.169s] INFO:colcon.colcon_core.shell:Skip shell extension 'powershell' for command environment: Not usable outside of PowerShell
[2.169s] DEBUG:colcon.colcon_core.shell:Skip shell extension 'dsv' for command environment
[2.613s] DEBUG:colcon.colcon_core.event_handler.log_command:Invoking command in '/home/jeffreyjene/robot_ws/src/bringup': DEBUGINFOD_URLS=https://debuginfod.ubuntu.com PYTHONPATH=/home/jeffreyjene/robot_ws/build/bringup/prefix_override:/usr/lib/python3/dist-packages/colcon_core/task/python/colcon_distutils_commands:/home/jeffreyjene/robot_ws/install/bringup/lib/python3.12/site-packages:${PYTHONPATH} /usr/bin/python3 -W ignore:setup.py install is deprecated -W ignore:easy_install command is deprecated setup.py egg_info --egg-base ../../build/bringup build --build-base /home/jeffreyjene/robot_ws/build/bringup/build install --record /home/jeffreyjene/robot_ws/build/bringup/install.log --single-version-externally-managed install_data
[2.619s] DEBUG:colcon.colcon_core.event_handler.log_command:Invoking command in '/home/jeffreyjene/robot_ws/src/description': DEBUGINFOD_URLS=https://debuginfod.ubuntu.com PYTHONPATH=/home/jeffreyjene/robot_ws/build/description/prefix_override:/usr/lib/python3/dist-packages/colcon_core/task/python/colcon_distutils_commands:/home/jeffreyjene/robot_ws/install/description/lib/python3.12/site-packages:${PYTHONPATH} /usr/bin/python3 -W ignore:setup.py install is deprecated -W ignore:easy_install command is deprecated setup.py egg_info --egg-base ../../build/description build --build-base /home/jeffreyjene/robot_ws/build/description/build install --record /home/jeffreyjene/robot_ws/build/description/install.log --single-version-externally-managed install_data
[2.763s] DEBUG:colcon.colcon_core.event_handler.log_command:Invoking command in '/home/jeffreyjene/robot_ws/src/control': DEBUGINFOD_URLS=https://debuginfod.ubuntu.com PYTHONPATH=/home/jeffreyjene/robot_ws/build/control/prefix_override:/usr/lib/python3/dist-packages/colcon_core/task/python/colcon_distutils_commands:/home/jeffreyjene/robot_ws/install/control/lib/python3.12/site-packages:${PYTHONPATH} /usr/bin/python3 -W ignore:setup.py install is deprecated -W ignore:easy_install command is deprecated setup.py egg_info --egg-base ../../build/control build --build-base /home/jeffreyjene/robot_ws/build/control/build install --record /home/jeffreyjene/robot_ws/build/control/install.log --single-version-externally-managed install_data
[3.336s] DEBUG:colcon.colcon_core.event_handler.log_command:Invoking command in '/home/jeffreyjene/robot_ws/src/navigation': DEBUGINFOD_URLS=https://debuginfod.ubuntu.com PYTHONPATH=/home/jeffreyjene/robot_ws/build/navigation/prefix_override:/usr/lib/python3/dist-packages/colcon_core/task/python/colcon_distutils_commands:/home/jeffreyjene/robot_ws/install/navigation/lib/python3.12/site-packages:${PYTHONPATH} /usr/bin/python3 -W ignore:setup.py install is deprecated -W ignore:easy_install command is deprecated setup.py egg_info --egg-base ../../build/navigation build --build-base /home/jeffreyjene/robot_ws/build/navigation/build install --record /home/jeffreyjene/robot_ws/build/navigation/install.log --single-version-externally-managed install_data
[3.693s] Level 1:colcon.colcon_core.environment:checking '/home/jeffreyjene/robot_ws/install/bringup' for CMake module files
[3.696s] Level 1:colcon.colcon_core.environment:checking '/home/jeffreyjene/robot_ws/install/bringup' for CMake config files
[3.699s] Level 1:colcon.colcon_core.environment:checking '/home/jeffreyjene/robot_ws/install/bringup/lib'
[3.700s] Level 1:colcon.colcon_core.environment:checking '/home/jeffreyjene/robot_ws/install/bringup/bin'
[3.701s] Level 1:colcon.colcon_core.environment:checking '/home/jeffreyjene/robot_ws/install/bringup/lib/pkgconfig/bringup.pc'
[3.701s] Level 1:colcon.colcon_core.environment:checking '/home/jeffreyjene/robot_ws/install/bringup/lib/python3.12/site-packages'
[3.701s] Level 1:colcon.colcon_core.shell:create_environment_hook('bringup', 'pythonpath')
[3.700s] DEBUG:colcon.colcon_core.event_handler.log_command:Invoked command in '/home/jeffreyjene/robot_ws/src/bringup' returned '0': DEBUGINFOD_URLS=https://debuginfod.ubuntu.com PYTHONPATH=/home/jeffreyjene/robot_ws/build/bringup/prefix_override:/usr/lib/python3/dist-packages/colcon_core/task/python/colcon_distutils_commands:/home/jeffreyjene/robot_ws/install/bringup/lib/python3.12/site-packages:${PYTHONPATH} /usr/bin/python3 -W ignore:setup.py install is deprecated -W ignore:easy_install command is deprecated setup.py egg_info --egg-base ../../build/bringup build --build-base /home/jeffreyjene/robot_ws/build/bringup/build install --record /home/jeffreyjene/robot_ws/build/bringup/install.log --single-version-externally-managed install_data
[3.702s] INFO:colcon.colcon_core.shell:Creating environment hook '/home/jeffreyjene/robot_ws/install/bringup/share/bringup/hook/pythonpath.ps1'
[3.707s] INFO:colcon.colcon_core.shell:Creating environment descriptor '/home/jeffreyjene/robot_ws/install/bringup/share/bringup/hook/pythonpath.dsv'
[3.713s] INFO:colcon.colcon_core.shell:Creating environment hook '/home/jeffreyjene/robot_ws/install/bringup/share/bringup/hook/pythonpath.sh'
[3.715s] Level 1:colcon.colcon_core.environment:checking '/home/jeffreyjene/robot_ws/install/bringup/bin'
[3.715s] Level 1:colcon.colcon_core.environment:create_environment_scripts_only(bringup)
[3.719s] INFO:colcon.colcon_core.shell:Creating package script '/home/jeffreyjene/robot_ws/install/bringup/share/bringup/package.ps1'
[3.720s] INFO:colcon.colcon_core.shell:Creating package descriptor '/home/jeffreyjene/robot_ws/install/bringup/share/bringup/package.dsv'
[3.721s] INFO:colcon.colcon_core.shell:Creating package script '/home/jeffreyjene/robot_ws/install/bringup/share/bringup/package.sh'
[3.723s] INFO:colcon.colcon_core.shell:Creating package script '/home/jeffreyjene/robot_ws/install/bringup/share/bringup/package.bash'
[3.725s] INFO:colcon.colcon_core.shell:Creating package script '/home/jeffreyjene/robot_ws/install/bringup/share/bringup/package.zsh'
[3.727s] Level 1:colcon.colcon_core.environment:create_file_with_runtime_dependencies(/home/jeffreyjene/robot_ws/install/bringup/share/colcon-core/packages/bringup)
[3.751s] Level 1:colcon.colcon_core.environment:checking '/home/jeffreyjene/robot_ws/install/description' for CMake module files
[3.752s] Level 1:colcon.colcon_core.environment:checking '/home/jeffreyjene/robot_ws/install/description' for CMake config files
[3.753s] Level 1:colcon.colcon_core.environment:checking '/home/jeffreyjene/robot_ws/install/description/lib'
[3.754s] DEBUG:colcon.colcon_core.event_handler.log_command:Invoked command in '/home/jeffreyjene/robot_ws/src/description' returned '0': DEBUGINFOD_URLS=https://debuginfod.ubuntu.com PYTHONPATH=/home/jeffreyjene/robot_ws/build/description/prefix_override:/usr/lib/python3/dist-packages/colcon_core/task/python/colcon_distutils_commands:/home/jeffreyjene/robot_ws/install/description/lib/python3.12/site-packages:${PYTHONPATH} /usr/bin/python3 -W ignore:setup.py install is deprecated -W ignore:easy_install command is deprecated setup.py egg_info --egg-base ../../build/description build --build-base /home/jeffreyjene/robot_ws/build/description/build install --record /home/jeffreyjene/robot_ws/build/description/install.log --single-version-externally-managed install_data
[3.755s] Level 1:colcon.colcon_core.environment:checking '/home/jeffreyjene/robot_ws/install/description/bin'
[3.755s] Level 1:colcon.colcon_core.environment:checking '/home/jeffreyjene/robot_ws/install/description/lib/pkgconfig/description.pc'
[3.755s] Level 1:colcon.colcon_core.environment:checking '/home/jeffreyjene/robot_ws/install/description/lib/python3.12/site-packages'
[3.756s] Level 1:colcon.colcon_core.shell:create_environment_hook('description', 'pythonpath')
[3.756s] INFO:colcon.colcon_core.shell:Creating environment hook '/home/jeffreyjene/robot_ws/install/description/share/description/hook/pythonpath.ps1'
[3.758s] INFO:colcon.colcon_core.shell:Creating environment descriptor '/home/jeffreyjene/robot_ws/install/description/share/description/hook/pythonpath.dsv'
[3.759s] INFO:colcon.colcon_core.shell:Creating environment hook '/home/jeffreyjene/robot_ws/install/description/share/description/hook/pythonpath.sh'
[3.762s] Level 1:colcon.colcon_core.environment:checking '/home/jeffreyjene/robot_ws/install/description/bin'
[3.762s] Level 1:colcon.colcon_core.environment:create_environment_scripts_only(description)
[3.763s] INFO:colcon.colcon_core.shell:Creating package script '/home/jeffreyjene/robot_ws/install/description/share/description/package.ps1'
[3.764s] INFO:colcon.colcon_core.shell:Creating package descriptor '/home/jeffreyjene/robot_ws/install/description/share/description/package.dsv'
[3.765s] INFO:colcon.colcon_core.shell:Creating package script '/home/jeffreyjene/robot_ws/install/description/share/description/package.sh'
[3.767s] INFO:colcon.colcon_core.shell:Creating package script '/home/jeffreyjene/robot_ws/install/description/share/description/package.bash'
[3.768s] INFO:colcon.colcon_core.shell:Creating package script '/home/jeffreyjene/robot_ws/install/description/share/description/package.zsh'
[3.769s] Level 1:colcon.colcon_core.environment:create_file_with_runtime_dependencies(/home/jeffreyjene/robot_ws/install/description/share/colcon-core/packages/description)
[3.834s] Level 1:colcon.colcon_core.environment:checking '/home/jeffreyjene/robot_ws/install/control' for CMake module files
[3.835s] DEBUG:colcon.colcon_core.event_handler.log_command:Invoked command in '/home/jeffreyjene/robot_ws/src/control' returned '0': DEBUGINFOD_URLS=https://debuginfod.ubuntu.com PYTHONPATH=/home/jeffreyjene/robot_ws/build/control/prefix_override:/usr/lib/python3/dist-packages/colcon_core/task/python/colcon_distutils_commands:/home/jeffreyjene/robot_ws/install/control/lib/python3.12/site-packages:${PYTHONPATH} /usr/bin/python3 -W ignore:setup.py install is deprecated -W ignore:easy_install command is deprecated setup.py egg_info --egg-base ../../build/control build --build-base /home/jeffreyjene/robot_ws/build/control/build install --record /home/jeffreyjene/robot_ws/build/control/install.log --single-version-externally-managed install_data
[3.836s] Level 1:colcon.colcon_core.environment:checking '/home/jeffreyjene/robot_ws/install/control' for CMake config files
[3.836s] Level 1:colcon.colcon_core.environment:checking '/home/jeffreyjene/robot_ws/install/control/lib'
[3.836s] Level 1:colcon.colcon_core.environment:checking '/home/jeffreyjene/robot_ws/install/control/bin'
[3.836s] Level 1:colcon.colcon_core.environment:checking '/home/jeffreyjene/robot_ws/install/control/lib/pkgconfig/control.pc'
[3.837s] Level 1:colcon.colcon_core.environment:checking '/home/jeffreyjene/robot_ws/install/control/lib/python3.12/site-packages'
[3.837s] Level 1:colcon.colcon_core.shell:create_environment_hook('control', 'pythonpath')
[3.837s] INFO:colcon.colcon_core.shell:Creating environment hook '/home/jeffreyjene/robot_ws/install/control/share/control/hook/pythonpath.ps1'
[3.838s] INFO:colcon.colcon_core.shell:Creating environment descriptor '/home/jeffreyjene/robot_ws/install/control/share/control/hook/pythonpath.dsv'
[3.844s] INFO:colcon.colcon_core.shell:Creating environment hook '/home/jeffreyjene/robot_ws/install/control/share/control/hook/pythonpath.sh'
[3.846s] Level 1:colcon.colcon_core.environment:checking '/home/jeffreyjene/robot_ws/install/control/bin'
[3.846s] Level 1:colcon.colcon_core.environment:create_environment_scripts_only(control)
[3.847s] INFO:colcon.colcon_core.shell:Creating package script '/home/jeffreyjene/robot_ws/install/control/share/control/package.ps1'
[3.848s] INFO:colcon.colcon_core.shell:Creating package descriptor '/home/jeffreyjene/robot_ws/install/control/share/control/package.dsv'
[3.850s] INFO:colcon.colcon_core.shell:Creating package script '/home/jeffreyjene/robot_ws/install/control/share/control/package.sh'
[3.851s] INFO:colcon.colcon_core.shell:Creating package script '/home/jeffreyjene/robot_ws/install/control/share/control/package.bash'
[3.852s] INFO:colcon.colcon_core.shell:Creating package script '/home/jeffreyjene/robot_ws/install/control/share/control/package.zsh'
[3.853s] Level 1:colcon.colcon_core.environment:create_file_with_runtime_dependencies(/home/jeffreyjene/robot_ws/install/control/share/colcon-core/packages/control)
[4.317s] Level 1:colcon.colcon_core.environment:checking '/home/jeffreyjene/robot_ws/install/navigation' for CMake module files
[4.318s] DEBUG:colcon.colcon_core.event_handler.log_command:Invoked command in '/home/jeffreyjene/robot_ws/src/navigation' returned '0': DEBUGINFOD_URLS=https://debuginfod.ubuntu.com PYTHONPATH=/home/jeffreyjene/robot_ws/build/navigation/prefix_override:/usr/lib/python3/dist-packages/colcon_core/task/python/colcon_distutils_commands:/home/jeffreyjene/robot_ws/install/navigation/lib/python3.12/site-packages:${PYTHONPATH} /usr/bin/python3 -W ignore:setup.py install is deprecated -W ignore:easy_install command is deprecated setup.py egg_info --egg-base ../../build/navigation build --build-base /home/jeffreyjene/robot_ws/build/navigation/build install --record /home/jeffreyjene/robot_ws/build/navigation/install.log --single-version-externally-managed install_data
[4.318s] Level 1:colcon.colcon_core.environment:checking '/home/jeffreyjene/robot_ws/install/navigation' for CMake config files
[4.319s] Level 1:colcon.colcon_core.environment:checking '/home/jeffreyjene/robot_ws/install/navigation/lib'
[4.319s] Level 1:colcon.colcon_core.environment:checking '/home/jeffreyjene/robot_ws/install/navigation/bin'
[4.319s] Level 1:colcon.colcon_core.environment:checking '/home/jeffreyjene/robot_ws/install/navigation/lib/pkgconfig/navigation.pc'
[4.320s] Level 1:colcon.colcon_core.environment:checking '/home/jeffreyjene/robot_ws/install/navigation/lib/python3.12/site-packages'
[4.320s] Level 1:colcon.colcon_core.shell:create_environment_hook('navigation', 'pythonpath')
[4.320s] INFO:colcon.colcon_core.shell:Creating environment hook '/home/jeffreyjene/robot_ws/install/navigation/share/navigation/hook/pythonpath.ps1'
[4.321s] INFO:colcon.colcon_core.shell:Creating environment descriptor '/home/jeffreyjene/robot_ws/install/navigation/share/navigation/hook/pythonpath.dsv'
[4.327s] INFO:colcon.colcon_core.shell:Creating environment hook '/home/jeffreyjene/robot_ws/install/navigation/share/navigation/hook/pythonpath.sh'
[4.329s] Level 1:colcon.colcon_core.environment:checking '/home/jeffreyjene/robot_ws/install/navigation/bin'
[4.329s] Level 1:colcon.colcon_core.environment:create_environment_scripts_only(navigation)
[4.330s] INFO:colcon.colcon_core.shell:Creating package script '/home/jeffreyjene/robot_ws/install/navigation/share/navigation/package.ps1'
[4.330s] INFO:colcon.colcon_core.shell:Creating package descriptor '/home/jeffreyjene/robot_ws/install/navigation/share/navigation/package.dsv'
[4.332s] INFO:colcon.colcon_core.shell:Creating package script '/home/jeffreyjene/robot_ws/install/navigation/share/navigation/package.sh'
[4.332s] INFO:colcon.colcon_core.shell:Creating package script '/home/jeffreyjene/robot_ws/install/navigation/share/navigation/package.bash'
[4.333s] INFO:colcon.colcon_core.shell:Creating package script '/home/jeffreyjene/robot_ws/install/navigation/share/navigation/package.zsh'
[4.334s] Level 1:colcon.colcon_core.environment:create_file_with_runtime_dependencies(/home/jeffreyjene/robot_ws/install/navigation/share/colcon-core/packages/navigation)
[4.334s] DEBUG:colcon.colcon_parallel_executor.executor.parallel:closing loop
[4.335s] DEBUG:colcon.colcon_parallel_executor.executor.parallel:loop closed
[4.335s] DEBUG:colcon.colcon_parallel_executor.executor.parallel:run_until_complete finished with '0'
[4.335s] DEBUG:colcon.colcon_core.event_reactor:joining thread
[4.345s] INFO:colcon.colcon_core.plugin_system:Skipping extension 'colcon_notification.desktop_notification.terminal_notifier': Not used on non-Darwin systems
[4.345s] INFO:colcon.colcon_core.plugin_system:Skipping extension 'colcon_notification.desktop_notification.win32': Not used on non-Windows systems
[4.345s] INFO:colcon.colcon_notification.desktop_notification:Sending desktop notification using 'notify2'
[4.347s] DEBUG:colcon.colcon_notification.desktop_notification.notify2:Failed to initialize notify2: org.freedesktop.DBus.Error.ServiceUnknown: The name org.freedesktop.Notifications was not provided by any .service files
[4.347s] DEBUG:colcon.colcon_core.event_reactor:joined thread
[4.347s] INFO:colcon.colcon_core.shell:Creating prefix script '/home/jeffreyjene/robot_ws/install/local_setup.ps1'
[4.349s] INFO:colcon.colcon_core.shell:Creating prefix util module '/home/jeffreyjene/robot_ws/install/_local_setup_util_ps1.py'
[4.351s] INFO:colcon.colcon_core.shell:Creating prefix chain script '/home/jeffreyjene/robot_ws/install/setup.ps1'
[4.353s] INFO:colcon.colcon_core.shell:Creating prefix script '/home/jeffreyjene/robot_ws/install/local_setup.sh'
[4.354s] INFO:colcon.colcon_core.shell:Creating prefix util module '/home/jeffreyjene/robot_ws/install/_local_setup_util_sh.py'
[4.356s] INFO:colcon.colcon_core.shell:Creating prefix chain script '/home/jeffreyjene/robot_ws/install/setup.sh'
[4.359s] INFO:colcon.colcon_core.shell:Creating prefix script '/home/jeffreyjene/robot_ws/install/local_setup.bash'
[4.361s] INFO:colcon.colcon_core.shell:Creating prefix chain script '/home/jeffreyjene/robot_ws/install/setup.bash'
[4.363s] INFO:colcon.colcon_core.shell:Creating prefix script '/home/jeffreyjene/robot_ws/install/local_setup.zsh'
[4.365s] INFO:colcon.colcon_core.shell:Creating prefix chain script '/home/jeffreyjene/robot_ws/install/setup.zsh'
