[2.713s] Invoking command in '/home/jeffreyjene/robot_ws/src/bringup': DEBUGINFOD_URLS=https://debuginfod.ubuntu.com PYTHONPATH=/home/jeffreyjene/robot_ws/build/bringup/prefix_override:/usr/lib/python3/dist-packages/colcon_core/task/python/colcon_distutils_commands:/home/jeffreyjene/robot_ws/install/bringup/lib/python3.12/site-packages:${PYTHONPATH} /usr/bin/python3 -W ignore:setup.py install is deprecated -W ignore:easy_install command is deprecated setup.py egg_info --egg-base ../../build/bringup build --build-base /home/jeffreyjene/robot_ws/build/bringup/build install --record /home/jeffreyjene/robot_ws/build/bringup/install.log --single-version-externally-managed install_data
[3.129s] running egg_info
[3.157s] writing ../../build/bringup/bringup.egg-info/PKG-INFO
[3.157s] writing dependency_links to ../../build/bringup/bringup.egg-info/dependency_links.txt
[3.158s] writing requirements to ../../build/bringup/bringup.egg-info/requires.txt
[3.158s] writing top-level names to ../../build/bringup/bringup.egg-info/top_level.txt
[3.214s] reading manifest file '../../build/bringup/bringup.egg-info/SOURCES.txt'
[3.220s] writing manifest file '../../build/bringup/bringup.egg-info/SOURCES.txt'
[3.221s] running build
[3.221s] running build_py
[3.222s] running install
[3.232s] running install_lib
[3.261s] running install_data
[3.262s] copying launch/bringup.launch.py -> /home/jeffreyjene/robot_ws/install/bringup/share/bringup/launch
[3.262s] running install_egg_info
[3.291s] removing '/home/jeffreyjene/robot_ws/install/bringup/lib/python3.12/site-packages/bringup-0.0.0-py3.12.egg-info' (and everything under it)
[3.293s] Copying ../../build/bringup/bringup.egg-info to /home/jeffreyjene/robot_ws/install/bringup/lib/python3.12/site-packages/bringup-0.0.0-py3.12.egg-info
[3.298s] running install_scripts
[3.514s] writing list of installed files to '/home/jeffreyjene/robot_ws/build/bringup/install.log'
[3.654s] Invoked command in '/home/jeffreyjene/robot_ws/src/bringup' returned '0': DEBUGINFOD_URLS=https://debuginfod.ubuntu.com PYTHONPATH=/home/jeffreyjene/robot_ws/build/bringup/prefix_override:/usr/lib/python3/dist-packages/colcon_core/task/python/colcon_distutils_commands:/home/jeffreyjene/robot_ws/install/bringup/lib/python3.12/site-packages:${PYTHONPATH} /usr/bin/python3 -W ignore:setup.py install is deprecated -W ignore:easy_install command is deprecated setup.py egg_info --egg-base ../../build/bringup build --build-base /home/jeffreyjene/robot_ws/build/bringup/build install --record /home/jeffreyjene/robot_ws/build/bringup/install.log --single-version-externally-managed install_data
