running egg_info
creating ../../build/description/description.egg-info
writing ../../build/description/description.egg-info/PKG-INFO
writing dependency_links to ../../build/description/description.egg-info/dependency_links.txt
writing requirements to ../../build/description/description.egg-info/requires.txt
writing top-level names to ../../build/description/description.egg-info/top_level.txt
writing manifest file '../../build/description/description.egg-info/SOURCES.txt'
reading manifest file '../../build/description/description.egg-info/SOURCES.txt'
writing manifest file '../../build/description/description.egg-info/SOURCES.txt'
running build
running build_py
creating /home/jeffreyjene/robot_ws/build/description/build
creating /home/jeffreyjene/robot_ws/build/description/build/lib
creating /home/jeffreyjene/robot_ws/build/description/build/lib/description
copying description/__init__.py -> /home/jeffreyjene/robot_ws/build/description/build/lib/description
running install
running install_lib
creating /home/jeffreyjene/robot_ws/install/description/lib/python3.12/site-packages/description
copying /home/jeffreyjene/robot_ws/build/description/build/lib/description/__init__.py -> /home/jeffreyjene/robot_ws/install/description/lib/python3.12/site-packages/description
byte-compiling /home/jeffreyjene/robot_ws/install/description/lib/python3.12/site-packages/description/__init__.py to __init__.cpython-312.pyc
running install_data
creating /home/jeffreyjene/robot_ws/install/description/share/ament_index
creating /home/jeffreyjene/robot_ws/install/description/share/ament_index/resource_index
creating /home/jeffreyjene/robot_ws/install/description/share/ament_index/resource_index/packages
copying resource/description -> /home/jeffreyjene/robot_ws/install/description/share/ament_index/resource_index/packages
copying package.xml -> /home/jeffreyjene/robot_ws/install/description/share/description
running install_egg_info
Copying ../../build/description/description.egg-info to /home/jeffreyjene/robot_ws/install/description/lib/python3.12/site-packages/description-0.0.0-py3.12.egg-info
running install_scripts
writing list of installed files to '/home/jeffreyjene/robot_ws/build/description/install.log'
