[1.990s] Invoking command in '/home/jeffreyjene/robot_ws/src/description': DEBUGINFOD_URLS=https://debuginfod.ubuntu.com PYTHONPATH=/home/jeffreyjene/robot_ws/build/description/prefix_override:/usr/lib/python3/dist-packages/colcon_core/task/python/colcon_distutils_commands:/home/jeffreyjene/robot_ws/install/description/lib/python3.12/site-packages:${PYTHONPATH} /usr/bin/python3 -W ignore:setup.py install is deprecated -W ignore:easy_install command is deprecated setup.py egg_info --egg-base ../../build/description build --build-base /home/jeffreyjene/robot_ws/build/description/build install --record /home/jeffreyjene/robot_ws/build/description/install.log --single-version-externally-managed install_data
[2.367s] running egg_info
[2.368s] creating ../../build/description/description.egg-info
[2.393s] writing ../../build/description/description.egg-info/PKG-INFO
[2.393s] writing dependency_links to ../../build/description/description.egg-info/dependency_links.txt
[2.394s] writing requirements to ../../build/description/description.egg-info/requires.txt
[2.394s] writing top-level names to ../../build/description/description.egg-info/top_level.txt
[2.394s] writing manifest file '../../build/description/description.egg-info/SOURCES.txt'
[2.446s] reading manifest file '../../build/description/description.egg-info/SOURCES.txt'
[2.447s] writing manifest file '../../build/description/description.egg-info/SOURCES.txt'
[2.450s] running build
[2.450s] running build_py
[2.450s] creating /home/jeffreyjene/robot_ws/build/description/build
[2.450s] creating /home/jeffreyjene/robot_ws/build/description/build/lib
[2.450s] creating /home/jeffreyjene/robot_ws/build/description/build/lib/description
[2.450s] copying description/__init__.py -> /home/jeffreyjene/robot_ws/build/description/build/lib/description
[2.451s] running install
[2.461s] running install_lib
[2.489s] creating /home/jeffreyjene/robot_ws/install/description/lib/python3.12/site-packages/description
[2.489s] copying /home/jeffreyjene/robot_ws/build/description/build/lib/description/__init__.py -> /home/jeffreyjene/robot_ws/install/description/lib/python3.12/site-packages/description
[2.490s] byte-compiling /home/jeffreyjene/robot_ws/install/description/lib/python3.12/site-packages/description/__init__.py to __init__.cpython-312.pyc
[2.490s] running install_data
[2.490s] creating /home/jeffreyjene/robot_ws/install/description/share/ament_index
[2.492s] creating /home/jeffreyjene/robot_ws/install/description/share/ament_index/resource_index
[2.492s] creating /home/jeffreyjene/robot_ws/install/description/share/ament_index/resource_index/packages
[2.492s] copying resource/description -> /home/jeffreyjene/robot_ws/install/description/share/ament_index/resource_index/packages
[2.492s] copying package.xml -> /home/jeffreyjene/robot_ws/install/description/share/description
[2.492s] running install_egg_info
[2.519s] Copying ../../build/description/description.egg-info to /home/jeffreyjene/robot_ws/install/description/lib/python3.12/site-packages/description-0.0.0-py3.12.egg-info
[2.519s] running install_scripts
[2.704s] writing list of installed files to '/home/jeffreyjene/robot_ws/build/description/install.log'
[2.807s] Invoked command in '/home/jeffreyjene/robot_ws/src/description' returned '0': DEBUGINFOD_URLS=https://debuginfod.ubuntu.com PYTHONPATH=/home/jeffreyjene/robot_ws/build/description/prefix_override:/usr/lib/python3/dist-packages/colcon_core/task/python/colcon_distutils_commands:/home/jeffreyjene/robot_ws/install/description/lib/python3.12/site-packages:${PYTHONPATH} /usr/bin/python3 -W ignore:setup.py install is deprecated -W ignore:easy_install command is deprecated setup.py egg_info --egg-base ../../build/description build --build-base /home/jeffreyjene/robot_ws/build/description/build install --record /home/jeffreyjene/robot_ws/build/description/install.log --single-version-externally-managed install_data
