[2.099s] Invoking command in '/home/jeffreyjene/robot_ws/src/bringup': DEBUGINFOD_URLS=https://debuginfod.ubuntu.com PYTHONPATH=/home/jeffreyjene/robot_ws/build/bringup/prefix_override:/usr/lib/python3/dist-packages/colcon_core/task/python/colcon_distutils_commands:/home/jeffreyjene/robot_ws/install/bringup/lib/python3.12/site-packages:${PYTHONPATH} /usr/bin/python3 -W ignore:setup.py install is deprecated -W ignore:easy_install command is deprecated setup.py egg_info --egg-base ../../build/bringup build --build-base /home/jeffreyjene/robot_ws/build/bringup/build install --record /home/jeffreyjene/robot_ws/build/bringup/install.log --single-version-externally-managed install_data
[2.512s] running egg_info
[2.538s] writing ../../build/bringup/bringup.egg-info/PKG-INFO
[2.540s] writing dependency_links to ../../build/bringup/bringup.egg-info/dependency_links.txt
[2.547s] writing requirements to ../../build/bringup/bringup.egg-info/requires.txt
[2.548s] writing top-level names to ../../build/bringup/bringup.egg-info/top_level.txt
[2.601s] reading manifest file '../../build/bringup/bringup.egg-info/SOURCES.txt'
[2.602s] writing manifest file '../../build/bringup/bringup.egg-info/SOURCES.txt'
[2.603s] running build
[2.604s] running build_py
[2.604s] running install
[2.614s] running install_lib
[2.643s] running install_data
[2.643s] copying launch/bringup.launch.py -> /home/jeffreyjene/robot_ws/install/bringup/share/bringup/launch
[2.644s] running install_egg_info
[2.671s] removing '/home/jeffreyjene/robot_ws/install/bringup/lib/python3.12/site-packages/bringup-0.0.0-py3.12.egg-info' (and everything under it)
[2.672s] Copying ../../build/bringup/bringup.egg-info to /home/jeffreyjene/robot_ws/install/bringup/lib/python3.12/site-packages/bringup-0.0.0-py3.12.egg-info
[2.672s] running install_scripts
[2.875s] writing list of installed files to '/home/jeffreyjene/robot_ws/build/bringup/install.log'
[2.987s] Invoked command in '/home/jeffreyjene/robot_ws/src/bringup' returned '0': DEBUGINFOD_URLS=https://debuginfod.ubuntu.com PYTHONPATH=/home/jeffreyjene/robot_ws/build/bringup/prefix_override:/usr/lib/python3/dist-packages/colcon_core/task/python/colcon_distutils_commands:/home/jeffreyjene/robot_ws/install/bringup/lib/python3.12/site-packages:${PYTHONPATH} /usr/bin/python3 -W ignore:setup.py install is deprecated -W ignore:easy_install command is deprecated setup.py egg_info --egg-base ../../build/bringup build --build-base /home/jeffreyjene/robot_ws/build/bringup/build install --record /home/jeffreyjene/robot_ws/build/bringup/install.log --single-version-externally-managed install_data
