[1.640s] Invoking command in '/home/jeffreyjene/robot_ws/src/navigation': DEBUGINFOD_URLS=https://debuginfod.ubuntu.com PYTHONPATH=/home/jeffreyjene/robot_ws/build/navigation/prefix_override:/usr/lib/python3/dist-packages/colcon_core/task/python/colcon_distutils_commands:/home/jeffreyjene/robot_ws/install/navigation/lib/python3.12/site-packages:${PYTHONPATH} /usr/bin/python3 -W ignore:setup.py install is deprecated -W ignore:easy_install command is deprecated setup.py egg_info --egg-base ../../build/navigation build --build-base /home/jeffreyjene/robot_ws/build/navigation/build install --record /home/jeffreyjene/robot_ws/build/navigation/install.log --single-version-externally-managed install_data
[2.139s] running egg_info
[2.166s] writing ../../build/navigation/navigation.egg-info/PKG-INFO
[2.166s] writing dependency_links to ../../build/navigation/navigation.egg-info/dependency_links.txt
[2.173s] writing requirements to ../../build/navigation/navigation.egg-info/requires.txt
[2.173s] writing top-level names to ../../build/navigation/navigation.egg-info/top_level.txt
[2.231s] reading manifest file '../../build/navigation/navigation.egg-info/SOURCES.txt'
[2.231s] writing manifest file '../../build/navigation/navigation.egg-info/SOURCES.txt'
[2.232s] running build
[2.232s] running build_py
[2.232s] running install
[2.242s] running install_lib
[2.269s] running install_data
[2.269s] copying config/nav2.yaml -> /home/jeffreyjene/robot_ws/install/navigation/share/navigation/config
[2.269s] running install_egg_info
[2.298s] removing '/home/jeffreyjene/robot_ws/install/navigation/lib/python3.12/site-packages/navigation-0.0.0-py3.12.egg-info' (and everything under it)
[2.298s] Copying ../../build/navigation/navigation.egg-info to /home/jeffreyjene/robot_ws/install/navigation/lib/python3.12/site-packages/navigation-0.0.0-py3.12.egg-info
[2.299s] running install_scripts
[2.490s] writing list of installed files to '/home/jeffreyjene/robot_ws/build/navigation/install.log'
[2.570s] Invoked command in '/home/jeffreyjene/robot_ws/src/navigation' returned '0': DEBUGINFOD_URLS=https://debuginfod.ubuntu.com PYTHONPATH=/home/jeffreyjene/robot_ws/build/navigation/prefix_override:/usr/lib/python3/dist-packages/colcon_core/task/python/colcon_distutils_commands:/home/jeffreyjene/robot_ws/install/navigation/lib/python3.12/site-packages:${PYTHONPATH} /usr/bin/python3 -W ignore:setup.py install is deprecated -W ignore:easy_install command is deprecated setup.py egg_info --egg-base ../../build/navigation build --build-base /home/jeffreyjene/robot_ws/build/navigation/build install --record /home/jeffreyjene/robot_ws/build/navigation/install.log --single-version-externally-managed install_data
