[1.160s] Invoking command in '/home/jeffreyjene/robot_ws/src/control': DEBUGINFOD_URLS=https://debuginfod.ubuntu.com PYTHONPATH=/home/jeffreyjene/robot_ws/build/control/prefix_override:/usr/lib/python3/dist-packages/colcon_core/task/python/colcon_distutils_commands:/home/jeffreyjene/robot_ws/install/control/lib/python3.12/site-packages:${PYTHONPATH} /usr/bin/python3 -W ignore:setup.py install is deprecated -W ignore:easy_install command is deprecated setup.py egg_info --egg-base ../../build/control build --build-base /home/jeffreyjene/robot_ws/build/control/build install --record /home/jeffreyjene/robot_ws/build/control/install.log --single-version-externally-managed install_data
[1.524s] running egg_info
[1.549s] writing ../../build/control/control.egg-info/PKG-INFO
[1.549s] writing dependency_links to ../../build/control/control.egg-info/dependency_links.txt
[1.557s] writing entry points to ../../build/control/control.egg-info/entry_points.txt
[1.559s] writing requirements to ../../build/control/control.egg-info/requires.txt
[1.560s] writing top-level names to ../../build/control/control.egg-info/top_level.txt
[1.615s] reading manifest file '../../build/control/control.egg-info/SOURCES.txt'
[1.616s] writing manifest file '../../build/control/control.egg-info/SOURCES.txt'
[1.616s] running build
[1.617s] running build_py
[1.617s] running install
[1.626s] running install_lib
[1.653s] running install_data
[1.653s] running install_egg_info
[1.680s] removing '/home/jeffreyjene/robot_ws/install/control/lib/python3.12/site-packages/control-0.0.0-py3.12.egg-info' (and everything under it)
[1.680s] Copying ../../build/control/control.egg-info to /home/jeffreyjene/robot_ws/install/control/lib/python3.12/site-packages/control-0.0.0-py3.12.egg-info
[1.681s] running install_scripts
[1.858s] Installing arduino_bridge script to /home/jeffreyjene/robot_ws/install/control/lib/control
[1.858s] writing list of installed files to '/home/jeffreyjene/robot_ws/build/control/install.log'
[1.946s] Invoked command in '/home/jeffreyjene/robot_ws/src/control' returned '0': DEBUGINFOD_URLS=https://debuginfod.ubuntu.com PYTHONPATH=/home/jeffreyjene/robot_ws/build/control/prefix_override:/usr/lib/python3/dist-packages/colcon_core/task/python/colcon_distutils_commands:/home/jeffreyjene/robot_ws/install/control/lib/python3.12/site-packages:${PYTHONPATH} /usr/bin/python3 -W ignore:setup.py install is deprecated -W ignore:easy_install command is deprecated setup.py egg_info --egg-base ../../build/control build --build-base /home/jeffreyjene/robot_ws/build/control/build install --record /home/jeffreyjene/robot_ws/build/control/install.log --single-version-externally-managed install_data
