[2.319s] Invoking command in '/home/jeffreyjene/robot_ws/src/control': DEBUGINFOD_URLS=https://debuginfod.ubuntu.com PYTHONPATH=/home/jeffreyjene/robot_ws/build/control/prefix_override:/usr/lib/python3/dist-packages/colcon_core/task/python/colcon_distutils_commands:/home/jeffreyjene/robot_ws/install/control/lib/python3.12/site-packages:${PYTHONPATH} /usr/bin/python3 -W ignore:setup.py install is deprecated -W ignore:easy_install command is deprecated setup.py egg_info --egg-base ../../build/control build --build-base /home/jeffreyjene/robot_ws/build/control/build install --record /home/jeffreyjene/robot_ws/build/control/install.log --single-version-externally-managed install_data
[2.798s] running egg_info
[2.836s] writing ../../build/control/control.egg-info/PKG-INFO
[2.840s] writing dependency_links to ../../build/control/control.egg-info/dependency_links.txt
[2.843s] writing entry points to ../../build/control/control.egg-info/entry_points.txt
[2.844s] writing requirements to ../../build/control/control.egg-info/requires.txt
[2.844s] writing top-level names to ../../build/control/control.egg-info/top_level.txt
[2.917s] reading manifest file '../../build/control/control.egg-info/SOURCES.txt'
[2.917s] writing manifest file '../../build/control/control.egg-info/SOURCES.txt'
[2.917s] running build
[2.918s] running build_py
[2.918s] copying control/arduino_bridge.py -> /home/jeffreyjene/robot_ws/build/control/build/lib/control
[2.918s] running install
[2.930s] running install_lib
[2.965s] copying /home/jeffreyjene/robot_ws/build/control/build/lib/control/arduino_bridge.py -> /home/jeffreyjene/robot_ws/install/control/lib/python3.12/site-packages/control
[2.967s] byte-compiling /home/jeffreyjene/robot_ws/install/control/lib/python3.12/site-packages/control/arduino_bridge.py to arduino_bridge.cpython-312.pyc
[2.969s] running install_data
[2.970s] running install_egg_info
[3.008s] removing '/home/jeffreyjene/robot_ws/install/control/lib/python3.12/site-packages/control-0.0.0-py3.12.egg-info' (and everything under it)
[3.010s] Copying ../../build/control/control.egg-info to /home/jeffreyjene/robot_ws/install/control/lib/python3.12/site-packages/control-0.0.0-py3.12.egg-info
[3.010s] running install_scripts
[3.253s] Installing arduino_bridge script to /home/jeffreyjene/robot_ws/install/control/lib/control
[3.254s] writing list of installed files to '/home/jeffreyjene/robot_ws/build/control/install.log'
[3.387s] Invoked command in '/home/jeffreyjene/robot_ws/src/control' returned '0': DEBUGINFOD_URLS=https://debuginfod.ubuntu.com PYTHONPATH=/home/jeffreyjene/robot_ws/build/control/prefix_override:/usr/lib/python3/dist-packages/colcon_core/task/python/colcon_distutils_commands:/home/jeffreyjene/robot_ws/install/control/lib/python3.12/site-packages:${PYTHONPATH} /usr/bin/python3 -W ignore:setup.py install is deprecated -W ignore:easy_install command is deprecated setup.py egg_info --egg-base ../../build/control build --build-base /home/jeffreyjene/robot_ws/build/control/build install --record /home/jeffreyjene/robot_ws/build/control/install.log --single-version-externally-managed install_data
