[1.037s] Invoking command in '/home/jeffreyjene/robot_ws/build/ldlidar_stl_ros2': CMAKE_PREFIX_PATH=${CMAKE_PREFIX_PATH}:/opt/ros/jazzy DEBUGINFOD_URLS=https://debuginfod.ubuntu.com /usr/bin/cmake --build /home/jeffreyjene/robot_ws/build/ldlidar_stl_ros2 -- -j4 -l4
[1.510s] [100%] Built target ldlidar_stl_ros2_node
[1.533s] Invoked command in '/home/jeffreyjene/robot_ws/build/ldlidar_stl_ros2' returned '0': CMAKE_PREFIX_PATH=${CMAKE_PREFIX_PATH}:/opt/ros/jazzy DEBUGINFOD_URLS=https://debuginfod.ubuntu.com /usr/bin/cmake --build /home/jeffreyjene/robot_ws/build/ldlidar_stl_ros2 -- -j4 -l4
[1.558s] Invoking command in '/home/jeffreyjene/robot_ws/build/ldlidar_stl_ros2': CMAKE_PREFIX_PATH=${CMAKE_PREFIX_PATH}:/opt/ros/jazzy DEBUGINFOD_URLS=https://debuginfod.ubuntu.com /usr/bin/cmake --install /home/jeffreyjene/robot_ws/build/ldlidar_stl_ros2
[1.575s] -- Install configuration: ""
[1.580s] -- Up-to-date: /home/jeffreyjene/robot_ws/install/ldlidar_stl_ros2/lib/ldlidar_stl_ros2/ldlidar_stl_ros2_node
[1.581s] -- Up-to-date: /home/jeffreyjene/robot_ws/install/ldlidar_stl_ros2/share/ldlidar_stl_ros2//launch
[1.582s] -- Up-to-date: /home/jeffreyjene/robot_ws/install/ldlidar_stl_ros2/share/ldlidar_stl_ros2//launch/stl27l.launch.py
[1.582s] -- Up-to-date: /home/jeffreyjene/robot_ws/install/ldlidar_stl_ros2/share/ldlidar_stl_ros2//launch/viewer_stl27l.launch.py
[1.582s] -- Up-to-date: /home/jeffreyjene/robot_ws/install/ldlidar_stl_ros2/share/ldlidar_stl_ros2//launch/viewer_ld19.launch.py
[1.582s] -- Up-to-date: /home/jeffreyjene/robot_ws/install/ldlidar_stl_ros2/share/ldlidar_stl_ros2//launch/ld19.launch.py
[1.582s] -- Up-to-date: /home/jeffreyjene/robot_ws/install/ldlidar_stl_ros2/share/ldlidar_stl_ros2//launch/ld06.launch.py
[1.582s] -- Up-to-date: /home/jeffreyjene/robot_ws/install/ldlidar_stl_ros2/share/ldlidar_stl_ros2//launch/viewer_ld06.launch.py
[1.582s] -- Up-to-date: /home/jeffreyjene/robot_ws/install/ldlidar_stl_ros2/share/ldlidar_stl_ros2//rviz2
[1.583s] -- Up-to-date: /home/jeffreyjene/robot_ws/install/ldlidar_stl_ros2/share/ldlidar_stl_ros2//rviz2/ldlidar.rviz
[1.584s] -- Up-to-date: /home/jeffreyjene/robot_ws/install/ldlidar_stl_ros2/share/ament_index/resource_index/package_run_dependencies/ldlidar_stl_ros2
[1.585s] -- Up-to-date: /home/jeffreyjene/robot_ws/install/ldlidar_stl_ros2/share/ament_index/resource_index/parent_prefix_path/ldlidar_stl_ros2
[1.585s] -- Up-to-date: /home/jeffreyjene/robot_ws/install/ldlidar_stl_ros2/share/ldlidar_stl_ros2/environment/ament_prefix_path.sh
[1.586s] -- Up-to-date: /home/jeffreyjene/robot_ws/install/ldlidar_stl_ros2/share/ldlidar_stl_ros2/environment/ament_prefix_path.dsv
[1.586s] -- Up-to-date: /home/jeffreyjene/robot_ws/install/ldlidar_stl_ros2/share/ldlidar_stl_ros2/environment/path.sh
[1.586s] -- Up-to-date: /home/jeffreyjene/robot_ws/install/ldlidar_stl_ros2/share/ldlidar_stl_ros2/environment/path.dsv
[1.586s] -- Up-to-date: /home/jeffreyjene/robot_ws/install/ldlidar_stl_ros2/share/ldlidar_stl_ros2/local_setup.bash
[1.586s] -- Up-to-date: /home/jeffreyjene/robot_ws/install/ldlidar_stl_ros2/share/ldlidar_stl_ros2/local_setup.sh
[1.586s] -- Up-to-date: /home/jeffreyjene/robot_ws/install/ldlidar_stl_ros2/share/ldlidar_stl_ros2/local_setup.zsh
[1.586s] -- Up-to-date: /home/jeffreyjene/robot_ws/install/ldlidar_stl_ros2/share/ldlidar_stl_ros2/local_setup.dsv
[1.587s] -- Installing: /home/jeffreyjene/robot_ws/install/ldlidar_stl_ros2/share/ldlidar_stl_ros2/package.dsv
[1.593s] -- Up-to-date: /home/jeffreyjene/robot_ws/install/ldlidar_stl_ros2/share/ament_index/resource_index/packages/ldlidar_stl_ros2
[1.593s] -- Up-to-date: /home/jeffreyjene/robot_ws/install/ldlidar_stl_ros2/share/ldlidar_stl_ros2/cmake/ldlidar_stl_ros2Config.cmake
[1.593s] -- Up-to-date: /home/jeffreyjene/robot_ws/install/ldlidar_stl_ros2/share/ldlidar_stl_ros2/cmake/ldlidar_stl_ros2Config-version.cmake
[1.594s] -- Up-to-date: /home/jeffreyjene/robot_ws/install/ldlidar_stl_ros2/share/ldlidar_stl_ros2/package.xml
[1.597s] Invoked command in '/home/jeffreyjene/robot_ws/build/ldlidar_stl_ros2' returned '0': CMAKE_PREFIX_PATH=${CMAKE_PREFIX_PATH}:/opt/ros/jazzy DEBUGINFOD_URLS=https://debuginfod.ubuntu.com /usr/bin/cmake --install /home/jeffreyjene/robot_ws/build/ldlidar_stl_ros2
