[1.552s] Invoking command in '/home/jeffreyjene/robot_ws/src/description': DEBUGINFOD_URLS=https://debuginfod.ubuntu.com PYTHONPATH=/home/jeffreyjene/robot_ws/build/description/prefix_override:/usr/lib/python3/dist-packages/colcon_core/task/python/colcon_distutils_commands:/home/jeffreyjene/robot_ws/install/description/lib/python3.12/site-packages:${PYTHONPATH} /usr/bin/python3 -W ignore:setup.py install is deprecated -W ignore:easy_install command is deprecated setup.py egg_info --egg-base ../../build/description build --build-base /home/jeffreyjene/robot_ws/build/description/build install --record /home/jeffreyjene/robot_ws/build/description/install.log --single-version-externally-managed install_data
[1.930s] running egg_info
[1.956s] writing ../../build/description/description.egg-info/PKG-INFO
[1.963s] writing dependency_links to ../../build/description/description.egg-info/dependency_links.txt
[1.964s] writing requirements to ../../build/description/description.egg-info/requires.txt
[1.965s] writing top-level names to ../../build/description/description.egg-info/top_level.txt
[2.019s] reading manifest file '../../build/description/description.egg-info/SOURCES.txt'
[2.020s] writing manifest file '../../build/description/description.egg-info/SOURCES.txt'
[2.020s] running build
[2.021s] running build_py
[2.021s] running install
[2.031s] running install_lib
[2.057s] running install_data
[2.057s] copying meshes/my_turtlebot.stl -> /home/jeffreyjene/robot_ws/install/description/share/description/meshes
[2.060s] running install_egg_info
[2.088s] removing '/home/jeffreyjene/robot_ws/install/description/lib/python3.12/site-packages/description-0.0.0-py3.12.egg-info' (and everything under it)
[2.088s] Copying ../../build/description/description.egg-info to /home/jeffreyjene/robot_ws/install/description/lib/python3.12/site-packages/description-0.0.0-py3.12.egg-info
[2.090s] running install_scripts
[2.275s] writing list of installed files to '/home/jeffreyjene/robot_ws/build/description/install.log'
[2.401s] Invoked command in '/home/jeffreyjene/robot_ws/src/description' returned '0': DEBUGINFOD_URLS=https://debuginfod.ubuntu.com PYTHONPATH=/home/jeffreyjene/robot_ws/build/description/prefix_override:/usr/lib/python3/dist-packages/colcon_core/task/python/colcon_distutils_commands:/home/jeffreyjene/robot_ws/install/description/lib/python3.12/site-packages:${PYTHONPATH} /usr/bin/python3 -W ignore:setup.py install is deprecated -W ignore:easy_install command is deprecated setup.py egg_info --egg-base ../../build/description build --build-base /home/jeffreyjene/robot_ws/build/description/build install --record /home/jeffreyjene/robot_ws/build/description/install.log --single-version-externally-managed install_data
