[0.150s] DEBUG:colcon:Command line arguments: ['/usr/bin/colcon', 'build']
[0.150s] DEBUG:colcon:Parsed command line arguments: Namespace(log_base=None, log_level=None, verb_name='build', build_base='build', install_base='install', merge_install=False, symlink_install=False, test_result_base=None, continue_on_error=False, executor='parallel', parallel_workers=4, event_handlers=None, ignore_user_meta=False, metas=['./colcon.meta'], base_paths=['.'], packages_ignore=None, packages_ignore_regex=None, paths=None, packages_up_to=None, packages_up_to_regex=None, packages_above=None, packages_above_and_dependencies=None, packages_above_depth=None, packages_select_by_dep=None, packages_skip_by_dep=None, packages_skip_up_to=None, packages_select_build_failed=False, packages_skip_build_finished=False, packages_select_test_failures=False, packages_skip_test_passed=False, packages_select=None, packages_skip=None, packages_select_regex=None, packages_skip_regex=None, packages_start=None, packages_end=None, allow_overriding=[], cmake_args=None, cmake_target=None, cmake_target_skip_unavailable=False, cmake_clean_cache=False, cmake_clean_first=False, cmake_force_configure=False, ament_cmake_args=None, catkin_cmake_args=None, catkin_skip_building_tests=False, mixin_files=None, mixin=None, verb_parser=<colcon_mixin.mixin.mixin_argument.MixinArgumentDecorator object at 0xffff81d13d70>, verb_extension=<colcon_core.verb.build.BuildVerb object at 0xffff81ef82c0>, main=<bound method BuildVerb.main of <colcon_core.verb.build.BuildVerb object at 0xffff81ef82c0>>, mixin_verb=('build',))
[0.208s] Level 1:colcon.colcon_core.package_discovery:discover_packages(colcon_meta) check parameters
[0.208s] Level 1:colcon.colcon_core.package_discovery:discover_packages(recursive) check parameters
[0.208s] Level 1:colcon.colcon_core.package_discovery:discover_packages(ignore) check parameters
[0.208s] Level 1:colcon.colcon_core.package_discovery:discover_packages(path) check parameters
[0.208s] Level 1:colcon.colcon_core.package_discovery:discover_packages(colcon_meta) discover
[0.208s] Level 1:colcon.colcon_core.package_discovery:discover_packages(recursive) discover
[0.208s] INFO:colcon.colcon_core.package_discovery:Crawling recursively for packages in '/home/jeffreyjene/robot_ws'
[0.209s] Level 1:colcon.colcon_core.package_identification:_identify(.) by extensions ['ignore', 'ignore_ament_install']
[0.209s] Level 1:colcon.colcon_core.package_identification:_identify(.) by extension 'ignore'
[0.209s] Level 1:colcon.colcon_core.package_identification:_identify(.) by extension 'ignore_ament_install'
[0.209s] Level 1:colcon.colcon_core.package_identification:_identify(.) by extensions ['colcon_pkg']
[0.209s] Level 1:colcon.colcon_core.package_identification:_identify(.) by extension 'colcon_pkg'
[0.209s] Level 1:colcon.colcon_core.package_identification:_identify(.) by extensions ['colcon_meta']
[0.209s] Level 1:colcon.colcon_core.package_identification:_identify(.) by extension 'colcon_meta'
[0.209s] Level 1:colcon.colcon_core.package_identification:_identify(.) by extensions ['ros']
[0.209s] Level 1:colcon.colcon_core.package_identification:_identify(.) by extension 'ros'
[0.250s] Level 1:colcon.colcon_core.package_identification:_identify(.) by extensions ['cmake', 'python']
[0.250s] Level 1:colcon.colcon_core.package_identification:_identify(.) by extension 'cmake'
[0.250s] Level 1:colcon.colcon_core.package_identification:_identify(.) by extension 'python'
[0.250s] Level 1:colcon.colcon_core.package_identification:_identify(.) by extensions ['python_setup_py']
[0.250s] Level 1:colcon.colcon_core.package_identification:_identify(.) by extension 'python_setup_py'
[0.250s] Level 1:colcon.colcon_core.package_identification:_identify(build) by extensions ['ignore', 'ignore_ament_install']
[0.251s] Level 1:colcon.colcon_core.package_identification:_identify(build) by extension 'ignore'
[0.251s] Level 1:colcon.colcon_core.package_identification:_identify(build) ignored
[0.251s] Level 1:colcon.colcon_core.package_identification:_identify(install) by extensions ['ignore', 'ignore_ament_install']
[0.251s] Level 1:colcon.colcon_core.package_identification:_identify(install) by extension 'ignore'
[0.251s] Level 1:colcon.colcon_core.package_identification:_identify(install) ignored
[0.251s] Level 1:colcon.colcon_core.package_identification:_identify(log) by extensions ['ignore', 'ignore_ament_install']
[0.251s] Level 1:colcon.colcon_core.package_identification:_identify(log) by extension 'ignore'
[0.251s] Level 1:colcon.colcon_core.package_identification:_identify(log) ignored
[0.251s] Level 1:colcon.colcon_core.package_identification:_identify(src) by extensions ['ignore', 'ignore_ament_install']
[0.251s] Level 1:colcon.colcon_core.package_identification:_identify(src) by extension 'ignore'
[0.252s] Level 1:colcon.colcon_core.package_identification:_identify(src) by extension 'ignore_ament_install'
[0.252s] Level 1:colcon.colcon_core.package_identification:_identify(src) by extensions ['colcon_pkg']
[0.252s] Level 1:colcon.colcon_core.package_identification:_identify(src) by extension 'colcon_pkg'
[0.252s] Level 1:colcon.colcon_core.package_identification:_identify(src) by extensions ['colcon_meta']
[0.252s] Level 1:colcon.colcon_core.package_identification:_identify(src) by extension 'colcon_meta'
[0.252s] Level 1:colcon.colcon_core.package_identification:_identify(src) by extensions ['ros']
[0.252s] Level 1:colcon.colcon_core.package_identification:_identify(src) by extension 'ros'
[0.252s] Level 1:colcon.colcon_core.package_identification:_identify(src) by extensions ['cmake', 'python']
[0.252s] Level 1:colcon.colcon_core.package_identification:_identify(src) by extension 'cmake'
[0.252s] Level 1:colcon.colcon_core.package_identification:_identify(src) by extension 'python'
[0.252s] Level 1:colcon.colcon_core.package_identification:_identify(src) by extensions ['python_setup_py']
[0.252s] Level 1:colcon.colcon_core.package_identification:_identify(src) by extension 'python_setup_py'
[0.252s] Level 1:colcon.colcon_core.package_identification:_identify(src/control) by extensions ['ignore', 'ignore_ament_install']
[0.252s] Level 1:colcon.colcon_core.package_identification:_identify(src/control) by extension 'ignore'
[0.252s] Level 1:colcon.colcon_core.package_identification:_identify(src/control) by extension 'ignore_ament_install'
[0.252s] Level 1:colcon.colcon_core.package_identification:_identify(src/control) by extensions ['colcon_pkg']
[0.252s] Level 1:colcon.colcon_core.package_identification:_identify(src/control) by extension 'colcon_pkg'
[0.253s] Level 1:colcon.colcon_core.package_identification:_identify(src/control) by extensions ['colcon_meta']
[0.253s] Level 1:colcon.colcon_core.package_identification:_identify(src/control) by extension 'colcon_meta'
[0.253s] Level 1:colcon.colcon_core.package_identification:_identify(src/control) by extensions ['ros']
[0.253s] Level 1:colcon.colcon_core.package_identification:_identify(src/control) by extension 'ros'
[0.256s] DEBUG:colcon.colcon_core.package_identification:Package 'src/control' with type 'ros.ament_python' and name 'control'
[0.256s] Level 1:colcon.colcon_core.package_identification:_identify(src/firmware) by extensions ['ignore', 'ignore_ament_install']
[0.256s] Level 1:colcon.colcon_core.package_identification:_identify(src/firmware) by extension 'ignore'
[0.256s] Level 1:colcon.colcon_core.package_identification:_identify(src/firmware) by extension 'ignore_ament_install'
[0.256s] Level 1:colcon.colcon_core.package_identification:_identify(src/firmware) by extensions ['colcon_pkg']
[0.256s] Level 1:colcon.colcon_core.package_identification:_identify(src/firmware) by extension 'colcon_pkg'
[0.256s] Level 1:colcon.colcon_core.package_identification:_identify(src/firmware) by extensions ['colcon_meta']
[0.256s] Level 1:colcon.colcon_core.package_identification:_identify(src/firmware) by extension 'colcon_meta'
[0.256s] Level 1:colcon.colcon_core.package_identification:_identify(src/firmware) by extensions ['ros']
[0.256s] Level 1:colcon.colcon_core.package_identification:_identify(src/firmware) by extension 'ros'
[0.257s] Level 1:colcon.colcon_core.package_identification:_identify(src/firmware) by extensions ['cmake', 'python']
[0.257s] Level 1:colcon.colcon_core.package_identification:_identify(src/firmware) by extension 'cmake'
[0.257s] Level 1:colcon.colcon_core.package_identification:_identify(src/firmware) by extension 'python'
[0.257s] Level 1:colcon.colcon_core.package_identification:_identify(src/firmware) by extensions ['python_setup_py']
[0.257s] Level 1:colcon.colcon_core.package_identification:_identify(src/firmware) by extension 'python_setup_py'
[0.257s] Level 1:colcon.colcon_core.package_discovery:discover_packages(recursive) using defaults
[0.257s] Level 1:colcon.colcon_core.package_discovery:discover_packages(ignore) discover
[0.257s] Level 1:colcon.colcon_core.package_discovery:discover_packages(ignore) using defaults
[0.257s] Level 1:colcon.colcon_core.package_discovery:discover_packages(path) discover
[0.257s] Level 1:colcon.colcon_core.package_discovery:discover_packages(path) using defaults
[0.281s] Level 1:colcon.colcon_core.package_discovery:discover_packages(prefix_path) check parameters
[0.281s] Level 1:colcon.colcon_core.package_discovery:discover_packages(prefix_path) discover
[0.283s] DEBUG:colcon.colcon_installed_package_information.package_discovery:Found 1 installed packages in /home/jeffreyjene/robot_ws/install
[0.285s] DEBUG:colcon.colcon_installed_package_information.package_discovery:Found 286 installed packages in /opt/ros/jazzy
[0.288s] Level 1:colcon.colcon_core.package_discovery:discover_packages(prefix_path) using defaults
[0.347s] Level 5:colcon.colcon_core.verb:set package 'control' build argument 'cmake_args' from command line to 'None'
[0.348s] Level 5:colcon.colcon_core.verb:set package 'control' build argument 'cmake_target' from command line to 'None'
[0.348s] Level 5:colcon.colcon_core.verb:set package 'control' build argument 'cmake_target_skip_unavailable' from command line to 'False'
[0.348s] Level 5:colcon.colcon_core.verb:set package 'control' build argument 'cmake_clean_cache' from command line to 'False'
[0.348s] Level 5:colcon.colcon_core.verb:set package 'control' build argument 'cmake_clean_first' from command line to 'False'
[0.348s] Level 5:colcon.colcon_core.verb:set package 'control' build argument 'cmake_force_configure' from command line to 'False'
[0.348s] Level 5:colcon.colcon_core.verb:set package 'control' build argument 'ament_cmake_args' from command line to 'None'
[0.348s] Level 5:colcon.colcon_core.verb:set package 'control' build argument 'catkin_cmake_args' from command line to 'None'
[0.348s] Level 5:colcon.colcon_core.verb:set package 'control' build argument 'catkin_skip_building_tests' from command line to 'False'
[0.348s] DEBUG:colcon.colcon_core.verb:Building package 'control' with the following arguments: {'ament_cmake_args': None, 'build_base': '/home/jeffreyjene/robot_ws/build/control', 'catkin_cmake_args': None, 'catkin_skip_building_tests': False, 'cmake_args': None, 'cmake_clean_cache': False, 'cmake_clean_first': False, 'cmake_force_configure': False, 'cmake_target': None, 'cmake_target_skip_unavailable': False, 'install_base': '/home/jeffreyjene/robot_ws/install/control', 'merge_install': False, 'path': '/home/jeffreyjene/robot_ws/src/control', 'symlink_install': False, 'test_result_base': None}
[0.348s] INFO:colcon.colcon_core.executor:Executing jobs using 'parallel' executor
[0.349s] DEBUG:colcon.colcon_parallel_executor.executor.parallel:run_until_complete
[0.350s] INFO:colcon.colcon_ros.task.ament_python.build:Building ROS package in '/home/jeffreyjene/robot_ws/src/control' with build type 'ament_python'
[0.350s] Level 1:colcon.colcon_core.shell:create_environment_hook('control', 'ament_prefix_path')
[0.355s] INFO:colcon.colcon_core.plugin_system:Skipping extension 'colcon_core.shell.bat': Not used on non-Windows systems
[0.356s] INFO:colcon.colcon_core.shell:Creating environment hook '/home/jeffreyjene/robot_ws/install/control/share/control/hook/ament_prefix_path.ps1'
[0.358s] INFO:colcon.colcon_core.shell:Creating environment descriptor '/home/jeffreyjene/robot_ws/install/control/share/control/hook/ament_prefix_path.dsv'
[0.364s] INFO:colcon.colcon_core.shell:Creating environment hook '/home/jeffreyjene/robot_ws/install/control/share/control/hook/ament_prefix_path.sh'
[0.366s] INFO:colcon.colcon_core.shell:Skip shell extension 'powershell' for command environment: Not usable outside of PowerShell
[0.366s] DEBUG:colcon.colcon_core.shell:Skip shell extension 'dsv' for command environment
[0.797s] INFO:colcon.colcon_core.task.python.build:Building Python package in '/home/jeffreyjene/robot_ws/src/control'
[0.797s] INFO:colcon.colcon_core.shell:Skip shell extension 'powershell' for command environment: Not usable outside of PowerShell
[0.797s] DEBUG:colcon.colcon_core.shell:Skip shell extension 'dsv' for command environment
[1.705s] DEBUG:colcon.colcon_core.event_handler.log_command:Invoking command in '/home/jeffreyjene/robot_ws/src/control': DEBUGINFOD_URLS=https://debuginfod.ubuntu.com PYTHONPATH=/home/jeffreyjene/robot_ws/build/control/prefix_override:/usr/lib/python3/dist-packages/colcon_core/task/python/colcon_distutils_commands:/home/jeffreyjene/robot_ws/install/control/lib/python3.12/site-packages:${PYTHONPATH} /usr/bin/python3 -W ignore:setup.py install is deprecated -W ignore:easy_install command is deprecated setup.py egg_info --egg-base ../../build/control build --build-base /home/jeffreyjene/robot_ws/build/control/build install --record /home/jeffreyjene/robot_ws/build/control/install.log --single-version-externally-managed install_data
[2.532s] DEBUG:colcon.colcon_core.event_handler.log_command:Invoked command in '/home/jeffreyjene/robot_ws/src/control' returned '0': DEBUGINFOD_URLS=https://debuginfod.ubuntu.com PYTHONPATH=/home/jeffreyjene/robot_ws/build/control/prefix_override:/usr/lib/python3/dist-packages/colcon_core/task/python/colcon_distutils_commands:/home/jeffreyjene/robot_ws/install/control/lib/python3.12/site-packages:${PYTHONPATH} /usr/bin/python3 -W ignore:setup.py install is deprecated -W ignore:easy_install command is deprecated setup.py egg_info --egg-base ../../build/control build --build-base /home/jeffreyjene/robot_ws/build/control/build install --record /home/jeffreyjene/robot_ws/build/control/install.log --single-version-externally-managed install_data
[2.535s] Level 1:colcon.colcon_core.environment:checking '/home/jeffreyjene/robot_ws/install/control' for CMake module files
[2.535s] Level 1:colcon.colcon_core.environment:checking '/home/jeffreyjene/robot_ws/install/control' for CMake config files
[2.536s] Level 1:colcon.colcon_core.environment:checking '/home/jeffreyjene/robot_ws/install/control/lib'
[2.536s] Level 1:colcon.colcon_core.environment:checking '/home/jeffreyjene/robot_ws/install/control/bin'
[2.537s] Level 1:colcon.colcon_core.environment:checking '/home/jeffreyjene/robot_ws/install/control/lib/pkgconfig/control.pc'
[2.537s] Level 1:colcon.colcon_core.environment:checking '/home/jeffreyjene/robot_ws/install/control/lib/python3.12/site-packages'
[2.537s] Level 1:colcon.colcon_core.shell:create_environment_hook('control', 'pythonpath')
[2.537s] INFO:colcon.colcon_core.shell:Creating environment hook '/home/jeffreyjene/robot_ws/install/control/share/control/hook/pythonpath.ps1'
[2.538s] INFO:colcon.colcon_core.shell:Creating environment descriptor '/home/jeffreyjene/robot_ws/install/control/share/control/hook/pythonpath.dsv'
[2.544s] INFO:colcon.colcon_core.shell:Creating environment hook '/home/jeffreyjene/robot_ws/install/control/share/control/hook/pythonpath.sh'
[2.545s] Level 1:colcon.colcon_core.environment:checking '/home/jeffreyjene/robot_ws/install/control/bin'
[2.546s] Level 1:colcon.colcon_core.environment:create_environment_scripts_only(control)
[2.546s] INFO:colcon.colcon_core.shell:Creating package script '/home/jeffreyjene/robot_ws/install/control/share/control/package.ps1'
[2.547s] INFO:colcon.colcon_core.shell:Creating package descriptor '/home/jeffreyjene/robot_ws/install/control/share/control/package.dsv'
[2.548s] INFO:colcon.colcon_core.shell:Creating package script '/home/jeffreyjene/robot_ws/install/control/share/control/package.sh'
[2.549s] INFO:colcon.colcon_core.shell:Creating package script '/home/jeffreyjene/robot_ws/install/control/share/control/package.bash'
[2.550s] INFO:colcon.colcon_core.shell:Creating package script '/home/jeffreyjene/robot_ws/install/control/share/control/package.zsh'
[2.551s] Level 1:colcon.colcon_core.environment:create_file_with_runtime_dependencies(/home/jeffreyjene/robot_ws/install/control/share/colcon-core/packages/control)
[2.551s] DEBUG:colcon.colcon_parallel_executor.executor.parallel:closing loop
[2.552s] DEBUG:colcon.colcon_parallel_executor.executor.parallel:loop closed
[2.552s] DEBUG:colcon.colcon_parallel_executor.executor.parallel:run_until_complete finished with '0'
[2.553s] DEBUG:colcon.colcon_core.event_reactor:joining thread
[2.567s] INFO:colcon.colcon_core.plugin_system:Skipping extension 'colcon_notification.desktop_notification.terminal_notifier': Not used on non-Darwin systems
[2.567s] INFO:colcon.colcon_core.plugin_system:Skipping extension 'colcon_notification.desktop_notification.win32': Not used on non-Windows systems
[2.567s] INFO:colcon.colcon_notification.desktop_notification:Sending desktop notification using 'notify2'
[2.597s] DEBUG:colcon.colcon_core.event_reactor:joined thread
[2.598s] INFO:colcon.colcon_core.shell:Creating prefix script '/home/jeffreyjene/robot_ws/install/local_setup.ps1'
[2.599s] INFO:colcon.colcon_core.shell:Creating prefix util module '/home/jeffreyjene/robot_ws/install/_local_setup_util_ps1.py'
[2.605s] INFO:colcon.colcon_core.shell:Creating prefix chain script '/home/jeffreyjene/robot_ws/install/setup.ps1'
[2.607s] INFO:colcon.colcon_core.shell:Creating prefix script '/home/jeffreyjene/robot_ws/install/local_setup.sh'
[2.608s] INFO:colcon.colcon_core.shell:Creating prefix util module '/home/jeffreyjene/robot_ws/install/_local_setup_util_sh.py'
[2.609s] INFO:colcon.colcon_core.shell:Creating prefix chain script '/home/jeffreyjene/robot_ws/install/setup.sh'
[2.611s] INFO:colcon.colcon_core.shell:Creating prefix script '/home/jeffreyjene/robot_ws/install/local_setup.bash'
[2.613s] INFO:colcon.colcon_core.shell:Creating prefix chain script '/home/jeffreyjene/robot_ws/install/setup.bash'
[2.615s] INFO:colcon.colcon_core.shell:Creating prefix script '/home/jeffreyjene/robot_ws/install/local_setup.zsh'
[2.616s] INFO:colcon.colcon_core.shell:Creating prefix chain script '/home/jeffreyjene/robot_ws/install/setup.zsh'
