[1.067s] Invoking command in '/home/jeffreyjene/robot_ws/build/ldlidar_stl_ros2': CMAKE_PREFIX_PATH=${CMAKE_PREFIX_PATH}:/home/jeffreyjene/robot_ws/install/navigation:/home/jeffreyjene/robot_ws/install/description:/home/jeffreyjene/robot_ws/install/control:/home/jeffreyjene/robot_ws/install/bringup:/opt/ros/jazzy DEBUGINFOD_URLS=https://debuginfod.ubuntu.com /usr/bin/cmake --build /home/jeffreyjene/robot_ws/build/ldlidar_stl_ros2 -- -j4 -l4
[1.227s] [100%] Built target ldlidar_stl_ros2_node
[1.259s] Invoked command in '/home/jeffreyjene/robot_ws/build/ldlidar_stl_ros2' returned '0': CMAKE_PREFIX_PATH=${CMAKE_PREFIX_PATH}:/home/jeffreyjene/robot_ws/install/navigation:/home/jeffreyjene/robot_ws/install/description:/home/jeffreyjene/robot_ws/install/control:/home/jeffreyjene/robot_ws/install/bringup:/opt/ros/jazzy DEBUGINFOD_URLS=https://debuginfod.ubuntu.com /usr/bin/cmake --build /home/jeffreyjene/robot_ws/build/ldlidar_stl_ros2 -- -j4 -l4
[1.286s] Invoking command in '/home/jeffreyjene/robot_ws/build/ldlidar_stl_ros2': CMAKE_PREFIX_PATH=${CMAKE_PREFIX_PATH}:/home/jeffreyjene/robot_ws/install/navigation:/home/jeffreyjene/robot_ws/install/description:/home/jeffreyjene/robot_ws/install/control:/home/jeffreyjene/robot_ws/install/bringup:/opt/ros/jazzy DEBUGINFOD_URLS=https://debuginfod.ubuntu.com /usr/bin/cmake --install /home/jeffreyjene/robot_ws/build/ldlidar_stl_ros2
[1.311s] -- Install configuration: ""
[1.313s] -- Up-to-date: /home/jeffreyjene/robot_ws/install/ldlidar_stl_ros2/lib/ldlidar_stl_ros2/ldlidar_stl_ros2_node
[1.314s] -- Up-to-date: /home/jeffreyjene/robot_ws/install/ldlidar_stl_ros2/share/ldlidar_stl_ros2//launch
[1.319s] -- Up-to-date: /home/jeffreyjene/robot_ws/install/ldlidar_stl_ros2/share/ldlidar_stl_ros2//launch/stl27l.launch.py
[1.320s] -- Up-to-date: /home/jeffreyjene/robot_ws/install/ldlidar_stl_ros2/share/ldlidar_stl_ros2//launch/viewer_stl27l.launch.py
[1.320s] -- Up-to-date: /home/jeffreyjene/robot_ws/install/ldlidar_stl_ros2/share/ldlidar_stl_ros2//launch/viewer_ld19.launch.py
[1.321s] -- Up-to-date: /home/jeffreyjene/robot_ws/install/ldlidar_stl_ros2/share/ldlidar_stl_ros2//launch/ld19.launch.py
[1.321s] -- Up-to-date: /home/jeffreyjene/robot_ws/install/ldlidar_stl_ros2/share/ldlidar_stl_ros2//launch/ld06.launch.py
[1.321s] -- Up-to-date: /home/jeffreyjene/robot_ws/install/ldlidar_stl_ros2/share/ldlidar_stl_ros2//launch/viewer_ld06.launch.py
[1.321s] -- Up-to-date: /home/jeffreyjene/robot_ws/install/ldlidar_stl_ros2/share/ldlidar_stl_ros2//rviz2
[1.321s] -- Up-to-date: /home/jeffreyjene/robot_ws/install/ldlidar_stl_ros2/share/ldlidar_stl_ros2//rviz2/ldlidar.rviz
[1.321s] -- Up-to-date: /home/jeffreyjene/robot_ws/install/ldlidar_stl_ros2/share/ament_index/resource_index/package_run_dependencies/ldlidar_stl_ros2
[1.322s] -- Up-to-date: /home/jeffreyjene/robot_ws/install/ldlidar_stl_ros2/share/ament_index/resource_index/parent_prefix_path/ldlidar_stl_ros2
[1.322s] -- Up-to-date: /home/jeffreyjene/robot_ws/install/ldlidar_stl_ros2/share/ldlidar_stl_ros2/environment/ament_prefix_path.sh
[1.322s] -- Up-to-date: /home/jeffreyjene/robot_ws/install/ldlidar_stl_ros2/share/ldlidar_stl_ros2/environment/ament_prefix_path.dsv
[1.322s] -- Up-to-date: /home/jeffreyjene/robot_ws/install/ldlidar_stl_ros2/share/ldlidar_stl_ros2/environment/path.sh
[1.328s] -- Up-to-date: /home/jeffreyjene/robot_ws/install/ldlidar_stl_ros2/share/ldlidar_stl_ros2/environment/path.dsv
[1.328s] -- Up-to-date: /home/jeffreyjene/robot_ws/install/ldlidar_stl_ros2/share/ldlidar_stl_ros2/local_setup.bash
[1.329s] -- Up-to-date: /home/jeffreyjene/robot_ws/install/ldlidar_stl_ros2/share/ldlidar_stl_ros2/local_setup.sh
[1.329s] -- Up-to-date: /home/jeffreyjene/robot_ws/install/ldlidar_stl_ros2/share/ldlidar_stl_ros2/local_setup.zsh
[1.330s] -- Up-to-date: /home/jeffreyjene/robot_ws/install/ldlidar_stl_ros2/share/ldlidar_stl_ros2/local_setup.dsv
[1.331s] -- Installing: /home/jeffreyjene/robot_ws/install/ldlidar_stl_ros2/share/ldlidar_stl_ros2/package.dsv
[1.332s] -- Up-to-date: /home/jeffreyjene/robot_ws/install/ldlidar_stl_ros2/share/ament_index/resource_index/packages/ldlidar_stl_ros2
[1.332s] -- Up-to-date: /home/jeffreyjene/robot_ws/install/ldlidar_stl_ros2/share/ldlidar_stl_ros2/cmake/ldlidar_stl_ros2Config.cmake
[1.334s] -- Up-to-date: /home/jeffreyjene/robot_ws/install/ldlidar_stl_ros2/share/ldlidar_stl_ros2/cmake/ldlidar_stl_ros2Config-version.cmake
[1.337s] -- Up-to-date: /home/jeffreyjene/robot_ws/install/ldlidar_stl_ros2/share/ldlidar_stl_ros2/package.xml
[1.338s] Invoked command in '/home/jeffreyjene/robot_ws/build/ldlidar_stl_ros2' returned '0': CMAKE_PREFIX_PATH=${CMAKE_PREFIX_PATH}:/home/jeffreyjene/robot_ws/install/navigation:/home/jeffreyjene/robot_ws/install/description:/home/jeffreyjene/robot_ws/install/control:/home/jeffreyjene/robot_ws/install/bringup:/opt/ros/jazzy DEBUGINFOD_URLS=https://debuginfod.ubuntu.com /usr/bin/cmake --install /home/jeffreyjene/robot_ws/build/ldlidar_stl_ros2
