[2.553s] Invoking command in '/home/jeffreyjene/robot_ws/src/control': DEBUGINFOD_URLS=https://debuginfod.ubuntu.com PYTHONPATH=/home/jeffreyjene/robot_ws/build/control/prefix_override:/usr/lib/python3/dist-packages/colcon_core/task/python/colcon_distutils_commands:/home/jeffreyjene/robot_ws/install/control/lib/python3.12/site-packages:${PYTHONPATH} /usr/bin/python3 -W ignore:setup.py install is deprecated -W ignore:easy_install command is deprecated setup.py egg_info --egg-base ../../build/control build --build-base /home/jeffreyjene/robot_ws/build/control/build install --record /home/jeffreyjene/robot_ws/build/control/install.log --single-version-externally-managed install_data
[2.953s] running egg_info
[2.990s] writing ../../build/control/control.egg-info/PKG-INFO
[2.991s] writing dependency_links to ../../build/control/control.egg-info/dependency_links.txt
[2.991s] writing entry points to ../../build/control/control.egg-info/entry_points.txt
[2.992s] writing requirements to ../../build/control/control.egg-info/requires.txt
[2.993s] writing top-level names to ../../build/control/control.egg-info/top_level.txt
[3.037s] reading manifest file '../../build/control/control.egg-info/SOURCES.txt'
[3.044s] writing manifest file '../../build/control/control.egg-info/SOURCES.txt'
[3.045s] running build
[3.045s] running build_py
[3.046s] copying control/arduino_bridge.py -> /home/jeffreyjene/robot_ws/build/control/build/lib/control
[3.048s] running install
[3.059s] running install_lib
[3.085s] copying /home/jeffreyjene/robot_ws/build/control/build/lib/control/arduino_bridge.py -> /home/jeffreyjene/robot_ws/install/control/lib/python3.12/site-packages/control
[3.162s] byte-compiling /home/jeffreyjene/robot_ws/install/control/lib/python3.12/site-packages/control/arduino_bridge.py to arduino_bridge.cpython-312.pyc
[3.167s] running install_data
[3.167s] running install_egg_info
[3.197s] removing '/home/jeffreyjene/robot_ws/install/control/lib/python3.12/site-packages/control-0.0.0-py3.12.egg-info' (and everything under it)
[3.199s] Copying ../../build/control/control.egg-info to /home/jeffreyjene/robot_ws/install/control/lib/python3.12/site-packages/control-0.0.0-py3.12.egg-info
[3.203s] running install_scripts
[3.426s] Installing arduino_bridge script to /home/jeffreyjene/robot_ws/install/control/lib/control
[3.427s] writing list of installed files to '/home/jeffreyjene/robot_ws/build/control/install.log'
[3.549s] Invoked command in '/home/jeffreyjene/robot_ws/src/control' returned '0': DEBUGINFOD_URLS=https://debuginfod.ubuntu.com PYTHONPATH=/home/jeffreyjene/robot_ws/build/control/prefix_override:/usr/lib/python3/dist-packages/colcon_core/task/python/colcon_distutils_commands:/home/jeffreyjene/robot_ws/install/control/lib/python3.12/site-packages:${PYTHONPATH} /usr/bin/python3 -W ignore:setup.py install is deprecated -W ignore:easy_install command is deprecated setup.py egg_info --egg-base ../../build/control build --build-base /home/jeffreyjene/robot_ws/build/control/build install --record /home/jeffreyjene/robot_ws/build/control/install.log --single-version-externally-managed install_data
