[2.215s] Invoking command in '/home/jeffreyjene/robot_ws/src/bringup': DEBUGINFOD_URLS=https://debuginfod.ubuntu.com PYTHONPATH=/home/jeffreyjene/robot_ws/build/bringup/prefix_override:/usr/lib/python3/dist-packages/colcon_core/task/python/colcon_distutils_commands:/home/jeffreyjene/robot_ws/install/bringup/lib/python3.12/site-packages:${PYTHONPATH} /usr/bin/python3 -W ignore:setup.py install is deprecated -W ignore:easy_install command is deprecated setup.py egg_info --egg-base ../../build/bringup build --build-base /home/jeffreyjene/robot_ws/build/bringup/build install --record /home/jeffreyjene/robot_ws/build/bringup/install.log --single-version-externally-managed install_data
[2.729s] running egg_info
[2.782s] writing ../../build/bringup/bringup.egg-info/PKG-INFO
[2.784s] writing dependency_links to ../../build/bringup/bringup.egg-info/dependency_links.txt
[2.785s] writing requirements to ../../build/bringup/bringup.egg-info/requires.txt
[2.785s] writing top-level names to ../../build/bringup/bringup.egg-info/top_level.txt
[2.847s] reading manifest file '../../build/bringup/bringup.egg-info/SOURCES.txt'
[2.848s] writing manifest file '../../build/bringup/bringup.egg-info/SOURCES.txt'
[2.848s] running build
[2.848s] running build_py
[2.849s] running install
[2.866s] running install_lib
[2.900s] running install_data
[2.901s] copying launch/bringup_nav2.launch.py -> /home/jeffreyjene/robot_ws/install/bringup/share/bringup/launch
[2.904s] running install_egg_info
[2.955s] removing '/home/jeffreyjene/robot_ws/install/bringup/lib/python3.12/site-packages/bringup-0.0.0-py3.12.egg-info' (and everything under it)
[2.958s] Copying ../../build/bringup/bringup.egg-info to /home/jeffreyjene/robot_ws/install/bringup/lib/python3.12/site-packages/bringup-0.0.0-py3.12.egg-info
[2.965s] running install_scripts
[3.216s] writing list of installed files to '/home/jeffreyjene/robot_ws/build/bringup/install.log'
[3.367s] Invoked command in '/home/jeffreyjene/robot_ws/src/bringup' returned '0': DEBUGINFOD_URLS=https://debuginfod.ubuntu.com PYTHONPATH=/home/jeffreyjene/robot_ws/build/bringup/prefix_override:/usr/lib/python3/dist-packages/colcon_core/task/python/colcon_distutils_commands:/home/jeffreyjene/robot_ws/install/bringup/lib/python3.12/site-packages:${PYTHONPATH} /usr/bin/python3 -W ignore:setup.py install is deprecated -W ignore:easy_install command is deprecated setup.py egg_info --egg-base ../../build/bringup build --build-base /home/jeffreyjene/robot_ws/build/bringup/build install --record /home/jeffreyjene/robot_ws/build/bringup/install.log --single-version-externally-managed install_data
