[1.584s] Invoking command in '/home/jeffreyjene/robot_ws/src/control': DEBUGINFOD_URLS=https://debuginfod.ubuntu.com PYTHONPATH=/home/jeffreyjene/robot_ws/build/control/prefix_override:/usr/lib/python3/dist-packages/colcon_core/task/python/colcon_distutils_commands:/home/jeffreyjene/robot_ws/install/control/lib/python3.12/site-packages:${PYTHONPATH} /usr/bin/python3 -W ignore:setup.py install is deprecated -W ignore:easy_install command is deprecated setup.py egg_info --egg-base ../../build/control build --build-base /home/jeffreyjene/robot_ws/build/control/build install --record /home/jeffreyjene/robot_ws/build/control/install.log --single-version-externally-managed install_data
[1.960s] running egg_info
[1.985s] writing ../../build/control/control.egg-info/PKG-INFO
[1.986s] writing dependency_links to ../../build/control/control.egg-info/dependency_links.txt
[1.993s] writing entry points to ../../build/control/control.egg-info/entry_points.txt
[1.994s] writing requirements to ../../build/control/control.egg-info/requires.txt
[1.995s] writing top-level names to ../../build/control/control.egg-info/top_level.txt
[2.048s] reading manifest file '../../build/control/control.egg-info/SOURCES.txt'
[2.049s] writing manifest file '../../build/control/control.egg-info/SOURCES.txt'
[2.052s] running build
[2.052s] running build_py
[2.053s] running install
[2.062s] running install_lib
[2.089s] running install_data
[2.089s] running install_egg_info
[2.117s] removing '/home/jeffreyjene/robot_ws/install/control/lib/python3.12/site-packages/control-0.0.0-py3.12.egg-info' (and everything under it)
[2.119s] Copying ../../build/control/control.egg-info to /home/jeffreyjene/robot_ws/install/control/lib/python3.12/site-packages/control-0.0.0-py3.12.egg-info
[2.119s] running install_scripts
[2.305s] Installing arduino_bridge script to /home/jeffreyjene/robot_ws/install/control/lib/control
[2.309s] writing list of installed files to '/home/jeffreyjene/robot_ws/build/control/install.log'
[2.437s] Invoked command in '/home/jeffreyjene/robot_ws/src/control' returned '0': DEBUGINFOD_URLS=https://debuginfod.ubuntu.com PYTHONPATH=/home/jeffreyjene/robot_ws/build/control/prefix_override:/usr/lib/python3/dist-packages/colcon_core/task/python/colcon_distutils_commands:/home/jeffreyjene/robot_ws/install/control/lib/python3.12/site-packages:${PYTHONPATH} /usr/bin/python3 -W ignore:setup.py install is deprecated -W ignore:easy_install command is deprecated setup.py egg_info --egg-base ../../build/control build --build-base /home/jeffreyjene/robot_ws/build/control/build install --record /home/jeffreyjene/robot_ws/build/control/install.log --single-version-externally-managed install_data
