[5.534s] Invoking command in '/home/jeffreyjene/robot_ws/src/navigation': DEBUGINFOD_URLS=https://debuginfod.ubuntu.com PYTHONPATH=/home/jeffreyjene/robot_ws/build/navigation/prefix_override:/usr/lib/python3/dist-packages/colcon_core/task/python/colcon_distutils_commands:/home/jeffreyjene/robot_ws/install/navigation/lib/python3.12/site-packages:${PYTHONPATH} /usr/bin/python3 -W ignore:setup.py install is deprecated -W ignore:easy_install command is deprecated setup.py egg_info --egg-base ../../build/navigation build --build-base /home/jeffreyjene/robot_ws/build/navigation/build install --record /home/jeffreyjene/robot_ws/build/navigation/install.log --single-version-externally-managed install_data
[6.210s] running egg_info
[6.250s] writing ../../build/navigation/navigation.egg-info/PKG-INFO
[6.251s] writing dependency_links to ../../build/navigation/navigation.egg-info/dependency_links.txt
[6.259s] writing requirements to ../../build/navigation/navigation.egg-info/requires.txt
[6.259s] writing top-level names to ../../build/navigation/navigation.egg-info/top_level.txt
[6.338s] reading manifest file '../../build/navigation/navigation.egg-info/SOURCES.txt'
[6.339s] writing manifest file '../../build/navigation/navigation.egg-info/SOURCES.txt'
[6.340s] running build
[6.340s] running build_py
[6.341s] running install
[6.356s] running install_lib
[6.394s] running install_data
[6.395s] copying config/nav2.yaml -> /home/jeffreyjene/robot_ws/install/navigation/share/navigation/config
[6.397s] running install_egg_info
[6.441s] removing '/home/jeffreyjene/robot_ws/install/navigation/lib/python3.12/site-packages/navigation-0.0.0-py3.12.egg-info' (and everything under it)
[6.445s] Copying ../../build/navigation/navigation.egg-info to /home/jeffreyjene/robot_ws/install/navigation/lib/python3.12/site-packages/navigation-0.0.0-py3.12.egg-info
[6.445s] running install_scripts
[6.657s] writing list of installed files to '/home/jeffreyjene/robot_ws/build/navigation/install.log'
[6.757s] Invoked command in '/home/jeffreyjene/robot_ws/src/navigation' returned '0': DEBUGINFOD_URLS=https://debuginfod.ubuntu.com PYTHONPATH=/home/jeffreyjene/robot_ws/build/navigation/prefix_override:/usr/lib/python3/dist-packages/colcon_core/task/python/colcon_distutils_commands:/home/jeffreyjene/robot_ws/install/navigation/lib/python3.12/site-packages:${PYTHONPATH} /usr/bin/python3 -W ignore:setup.py install is deprecated -W ignore:easy_install command is deprecated setup.py egg_info --egg-base ../../build/navigation build --build-base /home/jeffreyjene/robot_ws/build/navigation/build install --record /home/jeffreyjene/robot_ws/build/navigation/install.log --single-version-externally-managed install_data
