[5.873s] Invoking command in '/home/jeffreyjene/robot_ws/src/control': DEBUGINFOD_URLS=https://debuginfod.ubuntu.com PYTHONPATH=/home/jeffreyjene/robot_ws/build/control/prefix_override:/usr/lib/python3/dist-packages/colcon_core/task/python/colcon_distutils_commands:/home/jeffreyjene/robot_ws/install/control/lib/python3.12/site-packages:${PYTHONPATH} /usr/bin/python3 -W ignore:setup.py install is deprecated -W ignore:easy_install command is deprecated setup.py egg_info --egg-base ../../build/control build --build-base /home/jeffreyjene/robot_ws/build/control/build install --record /home/jeffreyjene/robot_ws/build/control/install.log --single-version-externally-managed install_data
[7.254s] running egg_info
[7.347s] writing ../../build/control/control.egg-info/PKG-INFO
[7.348s] writing dependency_links to ../../build/control/control.egg-info/dependency_links.txt
[7.358s] writing entry points to ../../build/control/control.egg-info/entry_points.txt
[7.360s] writing requirements to ../../build/control/control.egg-info/requires.txt
[7.361s] writing top-level names to ../../build/control/control.egg-info/top_level.txt
[7.771s] reading manifest file '../../build/control/control.egg-info/SOURCES.txt'
[7.777s] writing manifest file '../../build/control/control.egg-info/SOURCES.txt'
[7.779s] running build
[7.783s] running build_py
[7.787s] running install
[7.810s] running install_lib
[7.919s] running install_data
[7.920s] running install_egg_info
[8.005s] removing '/home/jeffreyjene/robot_ws/install/control/lib/python3.12/site-packages/control-0.0.0-py3.12.egg-info' (and everything under it)
[8.009s] Copying ../../build/control/control.egg-info to /home/jeffreyjene/robot_ws/install/control/lib/python3.12/site-packages/control-0.0.0-py3.12.egg-info
[8.010s] running install_scripts
[8.562s] Installing arduino_bridge script to /home/jeffreyjene/robot_ws/install/control/lib/control
[8.564s] writing list of installed files to '/home/jeffreyjene/robot_ws/build/control/install.log'
[8.834s] Invoked command in '/home/jeffreyjene/robot_ws/src/control' returned '0': DEBUGINFOD_URLS=https://debuginfod.ubuntu.com PYTHONPATH=/home/jeffreyjene/robot_ws/build/control/prefix_override:/usr/lib/python3/dist-packages/colcon_core/task/python/colcon_distutils_commands:/home/jeffreyjene/robot_ws/install/control/lib/python3.12/site-packages:${PYTHONPATH} /usr/bin/python3 -W ignore:setup.py install is deprecated -W ignore:easy_install command is deprecated setup.py egg_info --egg-base ../../build/control build --build-base /home/jeffreyjene/robot_ws/build/control/build install --record /home/jeffreyjene/robot_ws/build/control/install.log --single-version-externally-managed install_data
