[0.743s] Invoking command in '/home/jeffreyjene/robot_ws/build/ldlidar_stl_ros2': CMAKE_PREFIX_PATH=${CMAKE_PREFIX_PATH}:/home/jeffreyjene/robot_ws/install/description:/home/jeffreyjene/robot_ws/install/control:/opt/ros/jazzy DEBUGINFOD_URLS=https://debuginfod.ubuntu.com /usr/bin/cmake /home/jeffreyjene/robot_ws/src/ldlidar_stl_ros2 -DCMAKE_INSTALL_PREFIX=/home/jeffreyjene/robot_ws/install/ldlidar_stl_ros2
[1.208s] -- The C compiler identification is GNU 13.3.0
[1.481s] -- The CXX compiler identification is GNU 13.3.0
[1.534s] -- Detecting C compiler ABI info
[1.793s] -- Detecting C compiler ABI info - done
[1.809s] -- Check for working C compiler: /usr/bin/cc - skipped
[1.815s] -- Detecting C compile features
[1.817s] -- Detecting C compile features - done
[1.841s] -- Detecting CXX compiler ABI info
[2.054s] -- Detecting CXX compiler ABI info - done
[2.075s] -- Check for working CXX compiler: /usr/bin/c++ - skipped
[2.075s] -- Detecting CXX compile features
[2.076s] -- Detecting CXX compile features - done
[2.088s] -- Found ament_cmake: 2.5.5 (/opt/ros/jazzy/share/ament_cmake/cmake)
[2.341s] -- Found Python3: /usr/bin/python3 (found version "3.12.3") found components: Interpreter 
[2.586s] -- Found rclcpp: 28.1.16 (/opt/ros/jazzy/share/rclcpp/cmake)
[2.696s] -- Found rosidl_generator_c: 4.6.7 (/opt/ros/jazzy/share/rosidl_generator_c/cmake)
[2.724s] -- Found rosidl_generator_cpp: 4.6.7 (/opt/ros/jazzy/share/rosidl_generator_cpp/cmake)
[2.759s] -- Using all available rosidl_typesupport_c: rosidl_typesupport_fastrtps_c;rosidl_typesupport_introspection_c
[2.801s] -- Using all available rosidl_typesupport_cpp: rosidl_typesupport_fastrtps_cpp;rosidl_typesupport_introspection_cpp
[2.962s] -- Found rmw_implementation_cmake: 7.3.3 (/opt/ros/jazzy/share/rmw_implementation_cmake/cmake)
[2.969s] -- Found rmw_fastrtps_cpp: 8.4.3 (/opt/ros/jazzy/share/rmw_fastrtps_cpp/cmake)
[3.145s] -- Found OpenSSL: /usr/lib/aarch64-linux-gnu/libcrypto.so (found version "3.0.13")  
[3.181s] -- Found FastRTPS: /opt/ros/jazzy/include (Required is at least version "2.13") 
[3.219s] -- Using RMW implementation 'rmw_fastrtps_cpp' as default
[3.399s] -- Found sensor_msgs: 5.3.6 (/opt/ros/jazzy/share/sensor_msgs/cmake)
[3.532s] -- Found ament_lint_auto: 0.17.4 (/opt/ros/jazzy/share/ament_lint_auto/cmake)
[3.740s] -- Added test 'copyright' to check source files copyright and LICENSE
[3.749s] -- Added test 'cppcheck' to perform static code analysis on C / C++ code
[3.750s] -- Configured cppcheck include dirs: /home/jeffreyjene/robot_ws/src/ldlidar_stl_ros2/include;/home/jeffreyjene/robot_ws/src/ldlidar_stl_ros2/ldlidar_driver/include/core;/home/jeffreyjene/robot_ws/src/ldlidar_stl_ros2/ldlidar_driver/include/dataprocess;/home/jeffreyjene/robot_ws/src/ldlidar_stl_ros2/ldlidar_driver/include/filter;/home/jeffreyjene/robot_ws/src/ldlidar_stl_ros2/ldlidar_driver/include/logger;/home/jeffreyjene/robot_ws/src/ldlidar_stl_ros2/ldlidar_driver/include/networkcom;/home/jeffreyjene/robot_ws/src/ldlidar_stl_ros2/ldlidar_driver/include/serialcom
[3.750s] -- Configured cppcheck exclude dirs and/or files: 
[3.764s] -- Added test 'cpplint' to check C / C++ code against the Google style
[3.764s] -- Configured cpplint exclude dirs and/or files: 
[3.766s] -- Added test 'flake8' to check Python code syntax and style conventions
[3.766s] -- Configured 'flake8' exclude dirs and/or files: 
[3.769s] -- Added test 'lint_cmake' to check CMake code style
[3.771s] -- Added test 'pep257' to check Python code against some of the docstring style conventions in PEP 257
[3.778s] -- Added test 'uncrustify' to check C / C++ code style
[3.779s] -- Configured uncrustify additional arguments: 
[3.780s] -- Added test 'xmllint' to check XML markup files
[3.783s] -- Configuring done (2.9s)
[3.805s] -- Generating done (0.0s)
[3.812s] -- Build files have been written to: /home/jeffreyjene/robot_ws/build/ldlidar_stl_ros2
[3.831s] Invoked command in '/home/jeffreyjene/robot_ws/build/ldlidar_stl_ros2' returned '0': CMAKE_PREFIX_PATH=${CMAKE_PREFIX_PATH}:/home/jeffreyjene/robot_ws/install/description:/home/jeffreyjene/robot_ws/install/control:/opt/ros/jazzy DEBUGINFOD_URLS=https://debuginfod.ubuntu.com /usr/bin/cmake /home/jeffreyjene/robot_ws/src/ldlidar_stl_ros2 -DCMAKE_INSTALL_PREFIX=/home/jeffreyjene/robot_ws/install/ldlidar_stl_ros2
[3.833s] Invoking command in '/home/jeffreyjene/robot_ws/build/ldlidar_stl_ros2': CMAKE_PREFIX_PATH=${CMAKE_PREFIX_PATH}:/home/jeffreyjene/robot_ws/install/description:/home/jeffreyjene/robot_ws/install/control:/opt/ros/jazzy DEBUGINFOD_URLS=https://debuginfod.ubuntu.com /usr/bin/cmake --build /home/jeffreyjene/robot_ws/build/ldlidar_stl_ros2 -- -j4 -l4
[3.924s] [ 37%] [32mBuilding CXX object CMakeFiles/ldlidar_stl_ros2_node.dir/ldlidar_driver/src/filter/tofbf.cpp.o[0m
[3.924s] [ 37%] [32mBuilding CXX object CMakeFiles/ldlidar_stl_ros2_node.dir/src/demo.cpp.o[0m
[3.926s] [ 50%] [32mBuilding CXX object CMakeFiles/ldlidar_stl_ros2_node.dir/ldlidar_driver/src/core/ldlidar_driver.cpp.o[0m
[3.926s] [ 50%] [32mBuilding CXX object CMakeFiles/ldlidar_stl_ros2_node.dir/ldlidar_driver/src/dataprocess/lipkg.cpp.o[0m
[5.522s] [ 62%] [32mBuilding CXX object CMakeFiles/ldlidar_stl_ros2_node.dir/ldlidar_driver/src/logger/log_module.cpp.o[0m
[5.585s] [ 75%] [32mBuilding CXX object CMakeFiles/ldlidar_stl_ros2_node.dir/ldlidar_driver/src/networkcom/network_socket_interface_linux.cpp.o[0m
[5.770s] [ 87%] [32mBuilding CXX object CMakeFiles/ldlidar_stl_ros2_node.dir/ldlidar_driver/src/serialcom/serial_interface_linux.cpp.o[0m
[5.986s] [01m[K/home/jeffreyjene/robot_ws/src/ldlidar_stl_ros2/ldlidar_driver/src/logger/log_module.cpp:[m[K In member function ‘[01m[Kvoid LogModule::[01;32m[KInitLock[m[K()[m[K’:
[5.987s] [01m[K/home/jeffreyjene/robot_ws/src/ldlidar_stl_ros2/ldlidar_driver/src/logger/log_module.cpp:172:3:[m[K [01;31m[Kerror: [m[K‘[01m[Kpthread_mutex_init[m[K’ was not declared in this scope; did you mean ‘[01m[Kpthread_mutex_t[m[K’?
[5.988s]   172 |   [01;31m[Kpthread_mutex_init[m[K(&mutex_lock_,NULL);
[5.988s]       |   [01;31m[K^~~~~~~~~~~~~~~~~~[m[K
[5.989s]       |   [32m[Kpthread_mutex_t[m[K
[5.994s] [01m[K/home/jeffreyjene/robot_ws/src/ldlidar_stl_ros2/ldlidar_driver/src/logger/log_module.cpp:[m[K In member function ‘[01m[Kvoid LogModule::[01;32m[KRealseLock[m[K()[m[K’:
[5.996s] [01m[K/home/jeffreyjene/robot_ws/src/ldlidar_stl_ros2/ldlidar_driver/src/logger/log_module.cpp:180:9:[m[K [01;31m[Kerror: [m[K‘[01m[Kpthread_mutex_unlock[m[K’ was not declared in this scope; did you mean ‘[01m[Kpthread_mutex_t[m[K’?
[5.996s]   180 |         [01;31m[Kpthread_mutex_unlock[m[K(&mutex_lock_);
[6.000s]       |         [01;31m[K^~~~~~~~~~~~~~~~~~~~[m[K
[6.001s]       |         [32m[Kpthread_mutex_t[m[K
[6.001s] [01m[K/home/jeffreyjene/robot_ws/src/ldlidar_stl_ros2/ldlidar_driver/src/logger/log_module.cpp:[m[K In member function ‘[01m[Kvoid LogModule::[01;32m[KLock[m[K()[m[K’:
[6.002s] [01m[K/home/jeffreyjene/robot_ws/src/ldlidar_stl_ros2/ldlidar_driver/src/logger/log_module.cpp:188:9:[m[K [01;31m[Kerror: [m[K‘[01m[Kpthread_mutex_lock[m[K’ was not declared in this scope; did you mean ‘[01m[Kpthread_mutex_t[m[K’?
[6.002s]   188 |         [01;31m[Kpthread_mutex_lock[m[K(&mutex_lock_);
[6.002s]       |         [01;31m[K^~~~~~~~~~~~~~~~~~[m[K
[6.002s]       |         [32m[Kpthread_mutex_t[m[K
[6.009s] [01m[K/home/jeffreyjene/robot_ws/src/ldlidar_stl_ros2/ldlidar_driver/src/logger/log_module.cpp:[m[K In member function ‘[01m[Kvoid LogModule::[01;32m[KUnLock[m[K()[m[K’:
[6.009s] [01m[K/home/jeffreyjene/robot_ws/src/ldlidar_stl_ros2/ldlidar_driver/src/logger/log_module.cpp:196:9:[m[K [01;31m[Kerror: [m[K‘[01m[Kpthread_mutex_unlock[m[K’ was not declared in this scope; did you mean ‘[01m[Kpthread_mutex_t[m[K’?
[6.009s]   196 |         [01;31m[Kpthread_mutex_unlock[m[K(&mutex_lock_);
[6.009s]       |         [01;31m[K^~~~~~~~~~~~~~~~~~~~[m[K
[6.010s]       |         [32m[Kpthread_mutex_t[m[K
[6.079s] gmake[2]: *** [CMakeFiles/ldlidar_stl_ros2_node.dir/build.make:132: CMakeFiles/ldlidar_stl_ros2_node.dir/ldlidar_driver/src/logger/log_module.cpp.o] Error 1
[6.080s] gmake[2]: *** Waiting for unfinished jobs....
[12.399s] gmake[1]: *** [CMakeFiles/Makefile2:137: CMakeFiles/ldlidar_stl_ros2_node.dir/all] Error 2
[12.399s] gmake: *** [Makefile:146: all] Error 2
[12.403s] Invoked command in '/home/jeffreyjene/robot_ws/build/ldlidar_stl_ros2' returned '2': CMAKE_PREFIX_PATH=${CMAKE_PREFIX_PATH}:/home/jeffreyjene/robot_ws/install/description:/home/jeffreyjene/robot_ws/install/control:/opt/ros/jazzy DEBUGINFOD_URLS=https://debuginfod.ubuntu.com /usr/bin/cmake --build /home/jeffreyjene/robot_ws/build/ldlidar_stl_ros2 -- -j4 -l4
