[2.028s] Invoking command in '/home/jeffreyjene/robot_ws/src/bringup': DEBUGINFOD_URLS=https://debuginfod.ubuntu.com PYTHONPATH=/home/jeffreyjene/robot_ws/build/bringup/prefix_override:/usr/lib/python3/dist-packages/colcon_core/task/python/colcon_distutils_commands:/home/jeffreyjene/robot_ws/install/bringup/lib/python3.12/site-packages:${PYTHONPATH} /usr/bin/python3 -W ignore:setup.py install is deprecated -W ignore:easy_install command is deprecated setup.py egg_info --egg-base ../../build/bringup build --build-base /home/jeffreyjene/robot_ws/build/bringup/build install --record /home/jeffreyjene/robot_ws/build/bringup/install.log --single-version-externally-managed install_data
[2.437s] running egg_info
[2.463s] writing ../../build/bringup/bringup.egg-info/PKG-INFO
[2.464s] writing dependency_links to ../../build/bringup/bringup.egg-info/dependency_links.txt
[2.470s] writing requirements to ../../build/bringup/bringup.egg-info/requires.txt
[2.471s] writing top-level names to ../../build/bringup/bringup.egg-info/top_level.txt
[2.529s] reading manifest file '../../build/bringup/bringup.egg-info/SOURCES.txt'
[2.530s] writing manifest file '../../build/bringup/bringup.egg-info/SOURCES.txt'
[2.531s] running build
[2.531s] running build_py
[2.531s] running install
[2.541s] running install_lib
[2.569s] running install_data
[2.569s] copying launch/bringup.launch.py -> /home/jeffreyjene/robot_ws/install/bringup/share/bringup/launch
[2.571s] running install_egg_info
[2.598s] removing '/home/jeffreyjene/robot_ws/install/bringup/lib/python3.12/site-packages/bringup-0.0.0-py3.12.egg-info' (and everything under it)
[2.599s] Copying ../../build/bringup/bringup.egg-info to /home/jeffreyjene/robot_ws/install/bringup/lib/python3.12/site-packages/bringup-0.0.0-py3.12.egg-info
[2.600s] running install_scripts
[2.795s] writing list of installed files to '/home/jeffreyjene/robot_ws/build/bringup/install.log'
[2.908s] Invoked command in '/home/jeffreyjene/robot_ws/src/bringup' returned '0': DEBUGINFOD_URLS=https://debuginfod.ubuntu.com PYTHONPATH=/home/jeffreyjene/robot_ws/build/bringup/prefix_override:/usr/lib/python3/dist-packages/colcon_core/task/python/colcon_distutils_commands:/home/jeffreyjene/robot_ws/install/bringup/lib/python3.12/site-packages:${PYTHONPATH} /usr/bin/python3 -W ignore:setup.py install is deprecated -W ignore:easy_install command is deprecated setup.py egg_info --egg-base ../../build/bringup build --build-base /home/jeffreyjene/robot_ws/build/bringup/build install --record /home/jeffreyjene/robot_ws/build/bringup/install.log --single-version-externally-managed install_data
