running egg_info
writing ../../build/description/description.egg-info/PKG-INFO
writing dependency_links to ../../build/description/description.egg-info/dependency_links.txt
writing requirements to ../../build/description/description.egg-info/requires.txt
writing top-level names to ../../build/description/description.egg-info/top_level.txt
reading manifest file '../../build/description/description.egg-info/SOURCES.txt'
writing manifest file '../../build/description/description.egg-info/SOURCES.txt'
running build
running build_py
running install
running install_lib
running install_data
copying urdf/robot.urdf.xacro -> /home/jeffreyjene/robot_ws/install/description/share/description/urdf
creating /home/jeffreyjene/robot_ws/install/description/share/description/launch
copying launch/display.launch.py -> /home/jeffreyjene/robot_ws/install/description/share/description/launch
running install_egg_info
removing '/home/jeffreyjene/robot_ws/install/description/lib/python3.12/site-packages/description-0.0.0-py3.12.egg-info' (and everything under it)
Copying ../../build/description/description.egg-info to /home/jeffreyjene/robot_ws/install/description/lib/python3.12/site-packages/description-0.0.0-py3.12.egg-info
running install_scripts
writing list of installed files to '/home/jeffreyjene/robot_ws/build/description/install.log'
