[2.646s] Invoking command in '/home/jeffreyjene/robot_ws/src/control': DEBUGINFOD_URLS=https://debuginfod.ubuntu.com PYTHONPATH=/home/jeffreyjene/robot_ws/build/control/prefix_override:/usr/lib/python3/dist-packages/colcon_core/task/python/colcon_distutils_commands:/home/jeffreyjene/robot_ws/install/control/lib/python3.12/site-packages:${PYTHONPATH} /usr/bin/python3 -W ignore:setup.py install is deprecated -W ignore:easy_install command is deprecated setup.py egg_info --egg-base ../../build/control build --build-base /home/jeffreyjene/robot_ws/build/control/build install --record /home/jeffreyjene/robot_ws/build/control/install.log --single-version-externally-managed install_data
[3.120s] running egg_info
[3.158s] writing ../../build/control/control.egg-info/PKG-INFO
[3.159s] writing dependency_links to ../../build/control/control.egg-info/dependency_links.txt
[3.161s] writing entry points to ../../build/control/control.egg-info/entry_points.txt
[3.162s] writing requirements to ../../build/control/control.egg-info/requires.txt
[3.164s] writing top-level names to ../../build/control/control.egg-info/top_level.txt
[3.233s] reading manifest file '../../build/control/control.egg-info/SOURCES.txt'
[3.241s] writing manifest file '../../build/control/control.egg-info/SOURCES.txt'
[3.243s] running build
[3.247s] running build_py
[3.247s] copying control/arduino_bridge.py -> /home/jeffreyjene/robot_ws/build/control/build/lib/control
[3.248s] running install
[3.259s] running install_lib
[3.294s] copying /home/jeffreyjene/robot_ws/build/control/build/lib/control/arduino_bridge.py -> /home/jeffreyjene/robot_ws/install/control/lib/python3.12/site-packages/control
[3.303s] byte-compiling /home/jeffreyjene/robot_ws/install/control/lib/python3.12/site-packages/control/arduino_bridge.py to arduino_bridge.cpython-312.pyc
[3.306s] running install_data
[3.309s] running install_egg_info
[3.355s] removing '/home/jeffreyjene/robot_ws/install/control/lib/python3.12/site-packages/control-0.0.0-py3.12.egg-info' (and everything under it)
[3.355s] Copying ../../build/control/control.egg-info to /home/jeffreyjene/robot_ws/install/control/lib/python3.12/site-packages/control-0.0.0-py3.12.egg-info
[3.363s] running install_scripts
[3.618s] Installing arduino_bridge script to /home/jeffreyjene/robot_ws/install/control/lib/control
[3.672s] writing list of installed files to '/home/jeffreyjene/robot_ws/build/control/install.log'
[3.828s] Invoked command in '/home/jeffreyjene/robot_ws/src/control' returned '0': DEBUGINFOD_URLS=https://debuginfod.ubuntu.com PYTHONPATH=/home/jeffreyjene/robot_ws/build/control/prefix_override:/usr/lib/python3/dist-packages/colcon_core/task/python/colcon_distutils_commands:/home/jeffreyjene/robot_ws/install/control/lib/python3.12/site-packages:${PYTHONPATH} /usr/bin/python3 -W ignore:setup.py install is deprecated -W ignore:easy_install command is deprecated setup.py egg_info --egg-base ../../build/control build --build-base /home/jeffreyjene/robot_ws/build/control/build install --record /home/jeffreyjene/robot_ws/build/control/install.log --single-version-externally-managed install_data
