[2.050s] Invoking command in '/home/jeffreyjene/robot_ws/src/control': DEBUGINFOD_URLS=https://debuginfod.ubuntu.com PYTHONPATH=/home/jeffreyjene/robot_ws/build/control/prefix_override:/usr/lib/python3/dist-packages/colcon_core/task/python/colcon_distutils_commands:/home/jeffreyjene/robot_ws/install/control/lib/python3.12/site-packages:${PYTHONPATH} /usr/bin/python3 -W ignore:setup.py install is deprecated -W ignore:easy_install command is deprecated setup.py egg_info --egg-base ../../build/control build --build-base /home/jeffreyjene/robot_ws/build/control/build install --record /home/jeffreyjene/robot_ws/build/control/install.log --single-version-externally-managed install_data
[2.457s] running egg_info
[2.483s] writing ../../build/control/control.egg-info/PKG-INFO
[2.483s] writing dependency_links to ../../build/control/control.egg-info/dependency_links.txt
[2.492s] writing entry points to ../../build/control/control.egg-info/entry_points.txt
[2.494s] writing requirements to ../../build/control/control.egg-info/requires.txt
[2.494s] writing top-level names to ../../build/control/control.egg-info/top_level.txt
[2.551s] reading manifest file '../../build/control/control.egg-info/SOURCES.txt'
[2.552s] writing manifest file '../../build/control/control.egg-info/SOURCES.txt'
[2.553s] running build
[2.554s] running build_py
[2.554s] running install
[2.562s] running install_lib
[2.590s] running install_data
[2.591s] copying config/slam.yaml -> /home/jeffreyjene/robot_ws/install/control/share/control/config
[2.591s] running install_egg_info
[2.621s] removing '/home/jeffreyjene/robot_ws/install/control/lib/python3.12/site-packages/control-0.0.0-py3.12.egg-info' (and everything under it)
[2.623s] Copying ../../build/control/control.egg-info to /home/jeffreyjene/robot_ws/install/control/lib/python3.12/site-packages/control-0.0.0-py3.12.egg-info
[2.623s] running install_scripts
[2.817s] Installing arduino_bridge script to /home/jeffreyjene/robot_ws/install/control/lib/control
[2.819s] writing list of installed files to '/home/jeffreyjene/robot_ws/build/control/install.log'
[2.969s] Invoked command in '/home/jeffreyjene/robot_ws/src/control' returned '0': DEBUGINFOD_URLS=https://debuginfod.ubuntu.com PYTHONPATH=/home/jeffreyjene/robot_ws/build/control/prefix_override:/usr/lib/python3/dist-packages/colcon_core/task/python/colcon_distutils_commands:/home/jeffreyjene/robot_ws/install/control/lib/python3.12/site-packages:${PYTHONPATH} /usr/bin/python3 -W ignore:setup.py install is deprecated -W ignore:easy_install command is deprecated setup.py egg_info --egg-base ../../build/control build --build-base /home/jeffreyjene/robot_ws/build/control/build install --record /home/jeffreyjene/robot_ws/build/control/install.log --single-version-externally-managed install_data
